Component: ARM Compiler 5.06 update 6 (build 750) Tool: armlink [4d35ed]

==============================================================================

Section Cross References

    main.o(i.CPU_CACHE_Enable) refers to main.o(i.SCB_EnableICache) for SCB_EnableICache
    main.o(i.CPU_CACHE_Enable) refers to main.o(i.SCB_EnableDCache) for SCB_EnableDCache
    main.o(i.GPIO_Init) refers to stm32f7xx_hal_gpio.o(i.HAL_GPIO_Init) for HAL_GPIO_Init
    main.o(i.HAL_GetTick) refers to rt_time.o(.data) for os_time
    main.o(i.MPU_Config) refers to stm32f7xx_hal_cortex.o(i.HAL_MPU_Disable) for HAL_MPU_Disable
    main.o(i.MPU_Config) refers to stm32f7xx_hal_cortex.o(i.HAL_MPU_ConfigRegion) for HAL_MPU_ConfigRegion
    main.o(i.MPU_Config) refers to stm32f7xx_hal_cortex.o(i.HAL_MPU_Enable) for HAL_MPU_Enable
    main.o(i.SystemClock_Config) refers to stm32f7xx_hal_rcc.o(i.HAL_RCC_OscConfig) for HAL_RCC_OscConfig
    main.o(i.SystemClock_Config) refers to main.o(i.Error_Handler) for Error_Handler
    main.o(i.SystemClock_Config) refers to stm32f7xx_hal_pwr_ex.o(i.HAL_PWREx_EnableOverDrive) for HAL_PWREx_EnableOverDrive
    main.o(i.SystemClock_Config) refers to stm32f7xx_hal_rcc.o(i.HAL_RCC_ClockConfig) for HAL_RCC_ClockConfig
    main.o(i.main) refers to main.o(i.MPU_Config) for MPU_Config
    main.o(i.main) refers to main.o(i.CPU_CACHE_Enable) for CPU_CACHE_Enable
    main.o(i.main) refers to rt_cmsis.o(i.osKernelInitialize) for osKernelInitialize
    main.o(i.main) refers to stm32f7xx_hal.o(i.HAL_Init) for HAL_Init
    main.o(i.main) refers to main.o(i.SystemClock_Config) for SystemClock_Config
    main.o(i.main) refers to main.o(i.GPIO_Init) for GPIO_Init
    main.o(i.main) refers to thread.o(i.Create) for Create
    main.o(i.main) refers to rt_cmsis.o(i.osKernelStart) for osKernelStart
    thread.o(i.Create) refers to rt_cmsis.o(i.osSemaphoreCreate) for osSemaphoreCreate
    thread.o(i.Create) refers to rt_cmsis.o(i.osThreadCreate) for osThreadCreate
    thread.o(i.Create) refers to thread.o(.constdata) for os_semaphore_def_semMultiplex
    thread.o(i.Create) refers to thread.o(.data) for semMultiplex
    thread.o(i.Led_Off) refers to stm32f7xx_hal_gpio.o(i.HAL_GPIO_WritePin) for HAL_GPIO_WritePin
    thread.o(i.Led_On) refers to stm32f7xx_hal_gpio.o(i.HAL_GPIO_WritePin) for HAL_GPIO_WritePin
    thread.o(i.multiplex_Thread) refers to rt_cmsis.o(i.osSemaphoreWait) for osSemaphoreWait
    thread.o(i.multiplex_Thread) refers to thread.o(i.Led_On) for Led_On
    thread.o(i.multiplex_Thread) refers to rt_cmsis.o(i.osDelay) for osDelay
    thread.o(i.multiplex_Thread) refers to thread.o(i.Led_Off) for Led_Off
    thread.o(i.multiplex_Thread) refers to rt_cmsis.o(i.osSemaphoreRelease) for osSemaphoreRelease
    thread.o(i.multiplex_Thread) refers to thread.o(.data) for semMultiplex
    thread.o(.constdata) refers to thread.o(i.multiplex_Thread) for multiplex_Thread
    thread.o(.constdata) refers to thread.o(.data) for os_semaphore_cb_semMultiplex
    rtx_conf_cm.o(.emb_text) refers to rt_cmsis.o(i.osKernelInitialize) for osKernelInitialize
    rtx_conf_cm.o(.emb_text) refers to rt_cmsis.o(i.osThreadCreate) for osThreadCreate
    rtx_conf_cm.o(.emb_text) refers to rt_cmsis.o(i.osKernelStart) for osKernelStart
    rtx_conf_cm.o(.emb_text) refers to exit.o(.text) for exit
    rtx_conf_cm.o(.emb_text) refers to rtx_conf_cm.o(.constdata) for os_thread_def_main
    rtx_conf_cm.o(i.__user_perthread_libspace) refers to rt_task.o(i.rt_tsk_self) for rt_tsk_self
    rtx_conf_cm.o(i.__user_perthread_libspace) refers to rt_cmsis.o(.data) for os_running
    rtx_conf_cm.o(i.__user_perthread_libspace) refers to rtx_conf_cm.o(.bss) for .bss
    rtx_conf_cm.o(i.__user_perthread_libspace) refers to libspace.o(.bss) for __libspace_start
    rtx_conf_cm.o(i._mutex_acquire) refers to rt_cmsis.o(.data) for os_running
    rtx_conf_cm.o(i._mutex_acquire) refers to rt_mutex.o(i.rt_mut_wait) for rt_mut_wait
    rtx_conf_cm.o(i._mutex_initialize) refers to rt_mutex.o(i.rt_mut_init) for rt_mut_init
    rtx_conf_cm.o(i._mutex_initialize) refers to rtx_conf_cm.o(.data) for .data
    rtx_conf_cm.o(i._mutex_initialize) refers to rtx_conf_cm.o(.bss) for .bss
    rtx_conf_cm.o(i._mutex_release) refers to rt_cmsis.o(.data) for os_running
    rtx_conf_cm.o(i._mutex_release) refers to rt_mutex.o(i.rt_mut_release) for rt_mut_release
    rtx_conf_cm.o(.constdata) refers to rt_cmsis.o(i.osTimerThread) for osTimerThread
    rtx_conf_cm.o(.constdata) refers to rtx_conf_cm.o(.bss) for os_messageQ_q_osTimerMessageQ
    rtx_conf_cm.o(.constdata) refers to main.o(i.main) for main
    stm32f7xx_hal.o(i.HAL_DeInit) refers to stm32f7xx_hal.o(i.HAL_MspDeInit) for HAL_MspDeInit
    stm32f7xx_hal.o(i.HAL_Delay) refers to main.o(i.HAL_GetTick) for HAL_GetTick
    stm32f7xx_hal.o(i.HAL_GetTick) refers to stm32f7xx_hal.o(.data) for uwTick
    stm32f7xx_hal.o(i.HAL_IncTick) refers to stm32f7xx_hal.o(.data) for uwTick
[...]
    RTE\Device\STM32F746NGHx\system_stm32f7xx.c 0x00000000   Number         0  system_stm32f7xx.o ABSOLUTE
    RTE\\CMSIS\\RTX_Conf_CM.c                0x00000000   Number         0  rtx_conf_cm.o ABSOLUTE
    RTE\\Device\\STM32F746NGHx\\system_stm32f7xx.c 0x00000000   Number         0  system_stm32f7xx.o ABSOLUTE
    SVC_Table.s                              0x00000000   Number         0  svc_table.o ABSOLUTE
    Thread.c                                 0x00000000   Number         0  thread.o ABSOLUTE
    Thread.c                                 0x00000000   Number         0  thread.o ABSOLUTE
    dc.s                                     0x00000000   Number         0  dc.o ABSOLUTE
    main.c                                   0x00000000   Number         0  main.o ABSOLUTE
    main.c                                   0x00000000   Number         0  main.o ABSOLUTE
    RESET                                    0x08000000   Section      456  startup_stm32f746xx.o(RESET)
    !!!main                                  0x080001c8   Section        8  __main.o(!!!main)
    !!!scatter                               0x080001d0   Section       52  __scatter.o(!!!scatter)
    !!handler_copy                           0x08000204   Section       26  __scatter_copy.o(!!handler_copy)
    !!handler_zi                             0x08000220   Section       28  __scatter_zi.o(!!handler_zi)
    .ARM.Collect$$libinit$$00000000          0x0800023c   Section        2  libinit.o(.ARM.Collect$$libinit$$00000000)
    .ARM.Collect$$libinit$$00000001          0x0800023e   Section        4  libinit2.o(.ARM.Collect$$libinit$$00000001)
    .ARM.Collect$$libinit$$00000004          0x08000242   Section        0  libinit2.o(.ARM.Collect$$libinit$$00000004)
    .ARM.Collect$$libinit$$0000000A          0x08000242   Section        0  libinit2.o(.ARM.Collect$$libinit$$0000000A)
    .ARM.Collect$$libinit$$0000000C          0x08000242   Section        0  libinit2.o(.ARM.Collect$$libinit$$0000000C)
    .ARM.Collect$$libinit$$0000000E          0x08000242   Section        0  libinit2.o(.ARM.Collect$$libinit$$0000000E)
    .ARM.Collect$$libinit$$00000011          0x08000242   Section        0  libinit2.o(.ARM.Collect$$libinit$$00000011)
    .ARM.Collect$$libinit$$00000013          0x08000242   Section        0  libinit2.o(.ARM.Collect$$libinit$$00000013)
    .ARM.Collect$$libinit$$00000015          0x08000242   Section        0  libinit2.o(.ARM.Collect$$libinit$$00000015)
    .ARM.Collect$$libinit$$00000017          0x08000242   Section        0  libinit2.o(.ARM.Collect$$libinit$$00000017)
    .ARM.Collect$$libinit$$00000019          0x08000242   Section        0  libinit2.o(.ARM.Collect$$libinit$$00000019)
    .ARM.Collect$$libinit$$0000001B          0x08000242   Section        0  libinit2.o(.ARM.Collect$$libinit$$0000001B)
    .ARM.Collect$$libinit$$0000001D          0x08000242   Section        0  libinit2.o(.ARM.Collect$$libinit$$0000001D)
    .ARM.Collect$$libinit$$0000001F          0x08000242   Section        0  libinit2.o(.ARM.Collect$$libinit$$0000001F)
    .ARM.Collect$$libinit$$00000021          0x08000242   Section        0  libinit2.o(.ARM.Collect$$libinit$$00000021)
    .ARM.Collect$$libinit$$00000023          0x08000242   Section        0  libinit2.o(.ARM.Collect$$libinit$$00000023)
    .ARM.Collect$$libinit$$00000025          0x08000242   Section        0  libinit2.o(.ARM.Collect$$libinit$$00000025)
    .ARM.Collect$$libinit$$0000002C          0x08000242   Section        0  libinit2.o(.ARM.Collect$$libinit$$0000002C)
    .ARM.Collect$$libinit$$0000002E          0x08000242   Section        0  libinit2.o(.ARM.Collect$$libinit$$0000002E)
    .ARM.Collect$$libinit$$00000030          0x08000242   Section        0  libinit2.o(.ARM.Collect$$libinit$$00000030)
    .ARM.Collect$$libinit$$00000032          0x08000242   Section        0  libinit2.o(.ARM.Collect$$libinit$$00000032)
    .ARM.Collect$$libinit$$00000033          0x08000242   Section        2  libinit2.o(.ARM.Collect$$libinit$$00000033)
    .ARM.Collect$$libshutdown$$00000000      0x08000244   Section        2  libshutdown.o(.ARM.Collect$$libshutdown$$00000000)
    .ARM.Collect$$libshutdown$$00000002      0x08000246   Section        0  libshutdown2.o(.ARM.Collect$$libshutdown$$00000002)
    .ARM.Collect$$libshutdown$$00000004      0x08000246   Section        0  libshutdown2.o(.ARM.Collect$$libshutdown$$00000004)
    .ARM.Collect$$libshutdown$$00000007      0x08000246   Section        0  libshutdown2.o(.ARM.Collect$$libshutdown$$00000007)
    .ARM.Collect$$libshutdown$$0000000A      0x08000246   Section        0  libshutdown2.o(.ARM.Collect$$libshutdown$$0000000A)
    .ARM.Collect$$libshutdown$$0000000C      0x08000246   Section        0  libshutdown2.o(.ARM.Collect$$libshutdown$$0000000C)
    .ARM.Collect$$libshutdown$$0000000F      0x08000246   Section        0  libshutdown2.o(.ARM.Collect$$libshutdown$$0000000F)
    .ARM.Collect$$libshutdown$$00000010      0x08000246   Section        2  libshutdown2.o(.ARM.Collect$$libshutdown$$00000010)
    .ARM.Collect$$rtentry$$00000000          0x08000248   Section        0  __rtentry.o(.ARM.Collect$$rtentry$$00000000)
    .ARM.Collect$$rtentry$$00000002          0x08000248   Section        0  __rtentry2.o(.ARM.Collect$$rtentry$$00000002)
    .ARM.Collect$$rtentry$$00000004          0x08000248   Section        6  __rtentry4.o(.ARM.Collect$$rtentry$$00000004)
    .ARM.Collect$$rtentry$$00000009          0x0800024e   Section        0  __rtentry2.o(.ARM.Collect$$rtentry$$00000009)
    .ARM.Collect$$rtentry$$0000000A          0x0800024e   Section        4  __rtentry2.o(.ARM.Collect$$rtentry$$0000000A)
    .ARM.Collect$$rtentry$$0000000B          0x08000252   Section        8  __rtentry2.o(.ARM.Collect$$rtentry$$0000000B)
    .ARM.Collect$$rtentry$$0000000D          0x0800025a   Section        8  __rtentry2.o(.ARM.Collect$$rtentry$$0000000D)
    .ARM.Collect$$rtexit$$00000000           0x08000262   Section        2  rtexit.o(.ARM.Collect$$rtexit$$00000000)
    .ARM.Collect$$rtexit$$00000002           0x08000264   Section        0  rtexit2.o(.ARM.Collect$$rtexit$$00000002)
    .ARM.Collect$$rtexit$$00000003           0x08000264   Section        4  rtexit2.o(.ARM.Collect$$rtexit$$00000003)
    .ARM.Collect$$rtexit$$00000004           0x08000268   Section        6  rtexit2.o(.ARM.Collect$$rtexit$$00000004)
    .emb_text                                0x08000270   Section       28  rtx_conf_cm.o(.emb_text)
    $v0                                      0x08000270   Number         0  rtx_conf_cm.o(.emb_text)
    .emb_text                                0x0800028c   Section      408  hal_cm4.o(.emb_text)
    $v0                                      0x0800028c   Number         0  hal_cm4.o(.emb_text)
    .text                                    0x08000424   Section       64  startup_stm32f746xx.o(.text)
    $v0                                      0x08000424   Number         0  startup_stm32f746xx.o(.text)
    .text                                    0x08000464   Section        8  libspace.o(.text)
    .text                                    0x0800046c   Section        0  exit.o(.text)
    .text                                    0x0800047e   Section        0  heapauxi.o(.text)
    .text                                    0x08000484   Section        0  sys_exit.o(.text)
    .text                                    0x08000490   Section       74  sys_stackheap_outer.o(.text)
    .text                                    0x080004da   Section        2  use_no_semi.o(.text)
    .text                                    0x080004dc   Section        0  indicate_semi.o(.text)
    SVC_TABLE                                0x080004dc   Section        4  svc_table.o(SVC_TABLE)
    i.CPU_CACHE_Enable                       0x080004e0   Section        0  main.o(i.CPU_CACHE_Enable)
    CPU_CACHE_Enable                         0x080004e1   Thumb Code    12  main.o(i.CPU_CACHE_Enable)
    i.Create                                 0x080004ec   Section        0  thread.o(i.Create)
    i.Error_Handler                          0x08000528   Section        0  main.o(i.Error_Handler)
    Error_Handler                            0x08000529   Thumb Code     4  main.o(i.Error_Handler)
    i.GPIO_Init                              0x0800052c   Section        0  main.o(i.GPIO_Init)
    GPIO_Init                                0x0800052d   Thumb Code   130  main.o(i.GPIO_Init)
    i.HAL_GPIO_Init                          0x080005bc   Section        0  stm32f7xx_hal_gpio.o(i.HAL_GPIO_Init)
    i.HAL_GPIO_WritePin                      0x080007d4   Section        0  stm32f7xx_hal_gpio.o(i.HAL_GPIO_WritePin)
    i.HAL_GetTick                            0x080007e0   Section        0  main.o(i.HAL_GetTick)
    i.HAL_Init                               0x080007ec   Section        0  stm32f7xx_hal.o(i.HAL_Init)
    i.HAL_InitTick                           0x08000814   Section        0  stm32f7xx_hal.o(i.HAL_InitTick)
    i.HAL_MPU_ConfigRegion                   0x0800083c   Section        0  stm32f7xx_hal_cortex.o(i.HAL_MPU_ConfigRegion)
    i.HAL_MPU_Disable                        0x08000898   Section        0  stm32f7xx_hal_cortex.o(i.HAL_MPU_Disable)
    i.HAL_MPU_Enable                         0x080008c4   Section        0  stm32f7xx_hal_cortex.o(i.HAL_MPU_Enable)
    i.HAL_MspInit                            0x08000904   Section        0  stm32f7xx_hal.o(i.HAL_MspInit)
    i.HAL_NVIC_SetPriority                   0x08000906   Section        0  stm32f7xx_hal_cortex.o(i.HAL_NVIC_SetPriority)
    i.HAL_NVIC_SetPriorityGrouping           0x08000984   Section        0  stm32f7xx_hal_cortex.o(i.HAL_NVIC_SetPriorityGrouping)
    i.HAL_PWREx_EnableOverDrive              0x080009ac   Section        0  stm32f7xx_hal_pwr_ex.o(i.HAL_PWREx_EnableOverDrive)
    i.HAL_RCC_ClockConfig                    0x08000a3c   Section        0  stm32f7xx_hal_rcc.o(i.HAL_RCC_ClockConfig)
    i.HAL_RCC_GetSysClockFreq                0x08000bf0   Section        0  stm32f7xx_hal_rcc.o(i.HAL_RCC_GetSysClockFreq)
    i.HAL_RCC_OscConfig                      0x08000ca4   Section        0  stm32f7xx_hal_rcc.o(i.HAL_RCC_OscConfig)
    i.HAL_SYSTICK_Config                     0x0800118c   Section        0  stm32f7xx_hal_cortex.o(i.HAL_SYSTICK_Config)
    i.Led_Off                                0x080011c0   Section        0  thread.o(i.Led_Off)
    i.Led_On                                 0x080011ec   Section        0  thread.o(i.Led_On)
    i.MPU_Config                             0x08001218   Section        0  main.o(i.MPU_Config)
    MPU_Config                               0x08001219   Thumb Code    72  main.o(i.MPU_Config)
    i.SCB_EnableDCache                       0x08001264   Section        0  main.o(i.SCB_EnableDCache)
    SCB_EnableDCache                         0x08001265   Thumb Code   148  main.o(i.SCB_EnableDCache)
    i.SCB_EnableICache                       0x08001300   Section        0  main.o(i.SCB_EnableICache)
    SCB_EnableICache                         0x08001301   Thumb Code   116  main.o(i.SCB_EnableICache)
    i.SystemClock_Config                     0x0800137c   Section        0  main.o(i.SystemClock_Config)
    SystemClock_Config                       0x0800137d   Thumb Code   106  main.o(i.SystemClock_Config)
    i.SystemInit                             0x080013e8   Section        0  system_stm32f7xx.o(i.SystemInit)
    i.__NVIC_GetPriorityGrouping             0x0800144c   Section        0  stm32f7xx_hal_cortex.o(i.__NVIC_GetPriorityGrouping)
    __NVIC_GetPriorityGrouping               0x0800144d   Thumb Code    10  stm32f7xx_hal_cortex.o(i.__NVIC_GetPriorityGrouping)
    i.__NVIC_SetPriority                     0x0800145c   Section        0  stm32f7xx_hal_cortex.o(i.__NVIC_SetPriority)
    __NVIC_SetPriority                       0x0800145d   Thumb Code    32  stm32f7xx_hal_cortex.o(i.__NVIC_SetPriority)
    i._init_box                              0x08001484   Section        0  rt_membox.o(i._init_box)
    i._mutex_acquire                         0x080014cc   Section        0  rtx_conf_cm.o(i._mutex_acquire)
    __tagsym$$used                           0x080014cd   Number         0  rtx_conf_cm.o(i._mutex_acquire)
    i._mutex_release                         0x080014ec   Section        0  rtx_conf_cm.o(i._mutex_release)
    __tagsym$$used                           0x080014ed   Number         0  rtx_conf_cm.o(i._mutex_release)
    i.dbg_init                               0x08001508   Section        0  hal_cm.o(i.dbg_init)
    i.dbg_task_notify                        0x08001538   Section        0  hal_cm.o(i.dbg_task_notify)
    i.dbg_task_switch                        0x08001558   Section        0  hal_cm.o(i.dbg_task_switch)
    i.isrMessageGet                          0x08001568   Section        0  rt_cmsis.o(i.isrMessageGet)
    i.isrMessagePut                          0x08001592   Section        0  rt_cmsis.o(i.isrMessagePut)
    i.isrSemaphoreRelease                    0x080015be   Section        0  rt_cmsis.o(i.isrSemaphoreRelease)
    i.isr_mbx_receive                        0x080015e8   Section        0  rt_mailbox.o(i.isr_mbx_receive)
    i.isr_mbx_send                           0x0800163e   Section        0  rt_mailbox.o(i.isr_mbx_send)
    i.isr_sem_send                           0x0800164c   Section        0  rt_semaphore.o(i.isr_sem_send)
    i.main                                   0x0800165c   Section        0  main.o(i.main)
    i.multiplex_Thread                       0x08001680   Section        0  thread.o(i.multiplex_Thread)
    i.osDelay                                0x080016bc   Section        0  rt_cmsis.o(i.osDelay)
    i.osKernelInitialize                     0x080016d4   Section        0  rt_cmsis.o(i.osKernelInitialize)
    i.osKernelStart                          0x080016f8   Section        0  rt_cmsis.o(i.osKernelStart)
    i.osMessageGet                           0x08001764   Section        0  rt_cmsis.o(i.osMessageGet)
    i.osSemaphoreCreate                      0x0800177c   Section        0  rt_cmsis.o(i.osSemaphoreCreate)
    i.osSemaphoreRelease                     0x080017a8   Section        0  rt_cmsis.o(i.osSemaphoreRelease)
    i.osSemaphoreWait                        0x080017c0   Section        0  rt_cmsis.o(i.osSemaphoreWait)
    i.osThreadCreate                         0x080017d8   Section        0  rt_cmsis.o(i.osThreadCreate)
    i.osThreadExit                           0x08001804   Section        0  rt_cmsis.o(i.osThreadExit)
    i.osTimerCall                            0x0800181c   Section        0  rt_cmsis.o(i.osTimerCall)
    i.osTimerThread                          0x08001828   Section        0  rt_cmsis.o(i.osTimerThread)
    i.os_error                               0x08001854   Section        0  rtx_conf_cm.o(i.os_error)
    i.os_idle_demon                          0x08001876   Section        0  rtx_conf_cm.o(i.os_idle_demon)
    i.os_tick_init                           0x0800187c   Section        0  rt_system.o(i.os_tick_init)
    i.os_tick_irqack                         0x080018a4   Section        0  rt_system.o(i.os_tick_irqack)
    i.rt_alloc_box                           0x080018a6   Section        0  rt_membox.o(i.rt_alloc_box)
    i.rt_alloc_mem                           0x080018c0   Section        0  rt_memory.o(i.rt_alloc_mem)
    i.rt_block                               0x08001900   Section        0  rt_task.o(i.rt_block)
    i.rt_chk_robin                           0x08001938   Section        0  rt_robin.o(i.rt_chk_robin)
    i.rt_dec_dly                             0x08001980   Section        0  rt_list.o(i.rt_dec_dly)
    i.rt_dispatch                            0x080019f0   Section        0  rt_task.o(i.rt_dispatch)
    i.rt_dly_wait                            0x08001a34   Section        0  rt_time.o(i.rt_dly_wait)
    i.rt_evt_psh                             0x08001a3c   Section        0  rt_event.o(i.rt_evt_psh)
    i.rt_free_box                            0x08001a8c   Section        0  rt_membox.o(i.rt_free_box)
    i.rt_free_mem                            0x08001ab8   Section        0  rt_memory.o(i.rt_free_mem)
    i.rt_get_first                           0x08001ae0   Section        0  rt_list.o(i.rt_get_first)
    i.rt_id2obj                              0x08001b08   Section        0  rt_cmsis.o(i.rt_id2obj)
    rt_id2obj                                0x08001b09   Thumb Code     8  rt_cmsis.o(i.rt_id2obj)
    i.rt_init_context                        0x08001b10   Section        0  rt_task.o(i.rt_init_context)
    rt_init_context                          0x08001b11   Thumb Code    66  rt_task.o(i.rt_init_context)
    i.rt_init_mem                            0x08001b58   Section        0  rt_memory.o(i.rt_init_mem)
    i.rt_init_robin                          0x08001b74   Section        0  rt_robin.o(i.rt_init_robin)
    i.rt_init_stack                          0x08001b8c   Section        0  hal_cm.o(i.rt_init_stack)
    i.rt_mbx_check                           0x08001c0c   Section        0  rt_mailbox.o(i.rt_mbx_check)
    i.rt_mbx_init                            0x08001c14   Section        0  rt_mailbox.o(i.rt_mbx_init)
    i.rt_mbx_psh                             0x08001c30   Section        0  rt_mailbox.o(i.rt_mbx_psh)
    i.rt_mbx_wait                            0x08001d20   Section        0  rt_mailbox.o(i.rt_mbx_wait)
    i.rt_ms2tick                             0x08001dd4   Section        0  rt_cmsis.o(i.rt_ms2tick)
    rt_ms2tick                               0x08001dd5   Thumb Code    58  rt_cmsis.o(i.rt_ms2tick)
    i.rt_mut_release                         0x08001e18   Section        0  rt_mutex.o(i.rt_mut_release)
    i.rt_mut_wait                            0x08001ef0   Section        0  rt_mutex.o(i.rt_mut_wait)
    i.rt_pop_req                             0x08001f68   Section        0  rt_system.o(i.rt_pop_req)
    i.rt_psh_req                             0x08001fe4   Section        0  rt_system.o(i.rt_psh_req)
    i.rt_psq_enq                             0x08002004   Section        0  rt_list.o(i.rt_psq_enq)
    i.rt_put_dly                             0x08002060   Section        0  rt_list.o(i.rt_put_dly)
    i.rt_put_prio                            0x080020a8   Section        0  rt_list.o(i.rt_put_prio)
    i.rt_put_rdy_first                       0x080020e0   Section        0  rt_list.o(i.rt_put_rdy_first)
    i.rt_resort_prio                         0x080020f4   Section        0  rt_list.o(i.rt_resort_prio)
    i.rt_ret_regs                            0x08002128   Section        0  hal_cm.o(i.rt_ret_regs)
    rt_ret_regs                              0x08002129   Thumb Code    16  hal_cm.o(i.rt_ret_regs)
    i.rt_ret_val                             0x08002138   Section        0  hal_cm.o(i.rt_ret_val)
    i.rt_ret_val2                            0x08002144   Section        0  hal_cm.o(i.rt_ret_val2)
    i.rt_rmv_dly                             0x08002154   Section        0  rt_list.o(i.rt_rmv_dly)
    i.rt_rmv_list                            0x0800217c   Section        0  rt_list.o(i.rt_rmv_list)
    i.rt_sem_init                            0x080021ac   Section        0  rt_semaphore.o(i.rt_sem_init)
    i.rt_sem_psh                             0x080021b8   Section        0  rt_semaphore.o(i.rt_sem_psh)
    i.rt_sem_send                            0x080021ec   Section        0  rt_semaphore.o(i.rt_sem_send)
    i.rt_sem_wait                            0x08002218   Section        0  rt_semaphore.o(i.rt_sem_wait)
    i.rt_stk_check                           0x08002258   Section        0  rt_system.o(i.rt_stk_check)
    i.rt_switch_req                          0x0800227c   Section        0  rt_task.o(i.rt_switch_req)
    i.rt_sys_init                            0x080022a4   Section        0  rt_task.o(i.rt_sys_init)
    i.rt_sys_start                           0x08002370   Section        0  rt_task.o(i.rt_sys_start)
    i.rt_systick                             0x080023e8   Section        0  rt_system.o(i.rt_systick)
    i.rt_tid2ptcb                            0x08002428   Section        0  rt_cmsis.o(i.rt_tid2ptcb)
    rt_tid2ptcb                              0x08002429   Thumb Code    18  rt_cmsis.o(i.rt_tid2ptcb)
    i.rt_timer_insert                        0x0800243c   Section        0  rt_cmsis.o(i.rt_timer_insert)
    rt_timer_insert                          0x0800243d   Thumb Code    48  rt_cmsis.o(i.rt_timer_insert)
    i.rt_tsk_create                          0x08002470   Section        0  rt_task.o(i.rt_tsk_create)
    i.rt_tsk_delete                          0x080024f8   Section        0  rt_task.o(i.rt_tsk_delete)
    i.rt_tsk_prio                            0x08002674   Section        0  rt_task.o(i.rt_tsk_prio)
    i.rt_tsk_self                            0x080026f0   Section        0  rt_task.o(i.rt_tsk_self)
    i.svcDelay                               0x08002700   Section        0  rt_cmsis.o(i.svcDelay)
    i.svcKernelInitialize                    0x08002714   Section        0  rt_cmsis.o(i.svcKernelInitialize)
    i.svcKernelStart                         0x08002784   Section        0  rt_cmsis.o(i.svcKernelStart)
    i.svcMessageCreate                       0x080027cc   Section        0  rt_cmsis.o(i.svcMessageCreate)
    i.svcMessageGet                          0x080027f0   Section        0  rt_cmsis.o(i.svcMessageGet)
    i.svcSemaphoreCreate                     0x0800282a   Section        0  rt_cmsis.o(i.svcSemaphoreCreate)
    i.svcSemaphoreRelease                    0x0800284e   Section        0  rt_cmsis.o(i.svcSemaphoreRelease)
    i.svcSemaphoreWait                       0x08002876   Section        0  rt_cmsis.o(i.svcSemaphoreWait)
    i.svcThreadCreate                        0x080028a8   Section        0  rt_cmsis.o(i.svcThreadCreate)
    i.svcThreadGetId                         0x08002914   Section        0  rt_cmsis.o(i.svcThreadGetId)
    i.svcThreadTerminate                     0x08002930   Section        0  rt_cmsis.o(i.svcThreadTerminate)
    i.svcTimerCall                           0x08002968   Section        0  rt_cmsis.o(i.svcTimerCall)
    i.sysTimerTick                           0x08002980   Section        0  rt_cmsis.o(i.sysTimerTick)
    x$fpl$fpinit                             0x080029dc   Section       10  fpinit.o(x$fpl$fpinit)
    $v0                                      0x080029dc   Number         0  fpinit.o(x$fpl$fpinit)
    .constdata                               0x080029e8   Section       24  thread.o(.constdata)
    .constdata                               0x08002a00   Section      104  rtx_conf_cm.o(.constdata)
    __tagsym$$used                           0x08002a1c   Number         0  rtx_conf_cm.o(.constdata)
    __tagsym$$used                           0x08002a20   Number         0  rtx_conf_cm.o(.constdata)
    __tagsym$$used                           0x08002a24   Number         0  rtx_conf_cm.o(.constdata)
    __tagsym$$used                           0x08002a28   Number         0  rtx_conf_cm.o(.constdata)
    .constdata                               0x08002a68   Section       24  system_stm32f7xx.o(.constdata)
    .data                                    0x20010000   Section       48  thread.o(.data)
    .data                                    0x20010030   Section       20  rtx_conf_cm.o(.data)
    nr_mutex                                 0x20010040   Data           4  rtx_conf_cm.o(.data)
    .data                                    0x20010044   Section        4  system_stm32f7xx.o(.data)
    .data                                    0x20010048   Section        8  rt_cmsis.o(.data)
    .data                                    0x20010050   Section        8  rt_task.o(.data)
    .data                                    0x20010058   Section        4  rt_time.o(.data)
    .data                                    0x2001005c   Section        8  rt_system.o(.data)
    os_lock                                  0x2001005c   Data           1  rt_system.o(.data)
    os_psh_flag                              0x2001005d   Data           1  rt_system.o(.data)
    pend_flags                               0x2001005e   Data           1  rt_system.o(.data)
    .data                                    0x20010064   Section        8  rt_robin.o(.data)
    .data                                    0x2001006c   Section        1  hal_cm.o(.data)
    .bss                                     0x20010070   Section     3016  rtx_conf_cm.o(.bss)
    std_libspace                             0x20010918   Data         672  rtx_conf_cm.o(.bss)
    std_libmutex                             0x20010bb8   Data         128  rtx_conf_cm.o(.bss)
    .bss                                     0x20010c38   Section       52  rt_task.o(.bss)
    .bss                                     0x20010c6c   Section       48  rt_list.o(.bss)
    .bss                                     0x20010c9c   Section       96  libspace.o(.bss)
    HEAP                                     0x20010d00   Section      512  startup_stm32f746xx.o(HEAP)
    Heap_Mem                                 0x20010d00   Data         512  startup_stm32f746xx.o(HEAP)
    STACK                                    0x20010f00   Section     1024  startup_stm32f746xx.o(STACK)
    Stack_Mem                                0x20010f00   Data        1024  startup_stm32f746xx.o(STACK)
    __initial_sp                             0x20011300   Data           0  startup_stm32f746xx.o(STACK)

    Global Symbols

    Symbol Name                              Value     Ov Type        Size  Object(Section)

    BuildAttributes$$THM_ISAv4$E$P$D$K$B$S$7EM$VFPi5$EXTD16$VFPS$VFMA$PE$PLD8$A:L22UL41UL21$X:L11$S22US41US21$IEEE1$IW$USESV6$~STKCKD$USESV7$~SHL$OSPACE$ROPI$EBA8$UX$STANDARDLIB$REQ8$PRES8$EABIv2 0x00000000   Number         0  anon$$obj.o ABSOLUTE
    __ARM_use_no_argv                        0x00000000   Number         0  main.o ABSOLUTE
    __ARM_exceptions_init                     - Undefined Weak Reference
    __alloca_initialize                       - Undefined Weak Reference
    __arm_preinit_                            - Undefined Weak Reference
    __cpp_initialize__aeabi_                  - Undefined Weak Reference
    __cxa_finalize                            - Undefined Weak Reference
    __rt_locale                               - Undefined Weak Reference
    __sigvec_lookup                           - Undefined Weak Reference
    _atexit_init                              - Undefined Weak Reference
    _call_atexit_fns                          - Undefined Weak Reference
    _clock_init                               - Undefined Weak Reference
    _fp_trap_init                             - Undefined Weak Reference
    _fp_trap_shutdown                         - Undefined Weak Reference
    _get_lc_collate                           - Undefined Weak Reference
    _get_lc_ctype                             - Undefined Weak Reference
    _get_lc_monetary                          - Undefined Weak Reference
    _get_lc_numeric                           - Undefined Weak Reference
    _get_lc_time                              - Undefined Weak Reference
    _getenv_init                              - Undefined Weak Reference
    _handle_redirection                       - Undefined Weak Reference
    _init_alloc                               - Undefined Weak Reference
    _init_user_alloc                          - Undefined Weak Reference
    _initio                                   - Undefined Weak Reference
    _rand_init                                - Undefined Weak Reference
    _signal_finish                            - Undefined Weak Reference
    _signal_init                              - Undefined Weak Reference
    _terminate_alloc                          - Undefined Weak Reference
    _terminate_user_alloc                     - Undefined Weak Reference
    _terminateio                              - Undefined Weak Reference
    __Vectors_Size                           0x000001c8   Number         0  startup_stm32f746xx.o ABSOLUTE
    __RL_RTX_VER                             0x00000482   Number         0  rt_system.o ABSOLUTE
    __Vectors                                0x08000000   Data           4  startup_stm32f746xx.o(RESET)
    __Vectors_End                            0x080001c8   Data           0  startup_stm32f746xx.o(RESET)
    __main                                   0x080001c9   Thumb Code     8  __main.o(!!!main)
    __scatterload                            0x080001d1   Thumb Code     0  __scatter.o(!!!scatter)
    __scatterload_rt2                        0x080001d1   Thumb Code    44  __scatter.o(!!!scatter)
    __scatterload_rt2_thumb_only             0x080001d1   Thumb Code     0  __scatter.o(!!!scatter)
    __scatterload_null                       0x080001df   Thumb Code     0  __scatter.o(!!!scatter)
    __scatterload_copy                       0x08000205   Thumb Code    26  __scatter_copy.o(!!handler_copy)
    __scatterload_zeroinit                   0x08000221   Thumb Code    28  __scatter_zi.o(!!handler_zi)
    __rt_lib_init                            0x0800023d   Thumb Code     0  libinit.o(.ARM.Collect$$libinit$$00000000)
    __rt_lib_init_fp_1                       0x0800023f   Thumb Code     0  libinit2.o(.ARM.Collect$$libinit$$00000001)
    __rt_lib_init_alloca_1                   0x08000243   Thumb Code     0  libinit2.o(.ARM.Collect$$libinit$$0000002E)
    __rt_lib_init_argv_1                     0x08000243   Thumb Code     0  libinit2.o(.ARM.Collect$$libinit$$0000002C)
    __rt_lib_init_atexit_1                   0x08000243   Thumb Code     0  libinit2.o(.ARM.Collect$$libinit$$0000001B)
    __rt_lib_init_clock_1                    0x08000243   Thumb Code     0  libinit2.o(.ARM.Collect$$libinit$$00000021)
    __rt_lib_init_cpp_1                      0x08000243   Thumb Code     0  libinit2.o(.ARM.Collect$$libinit$$00000032)
    __rt_lib_init_exceptions_1               0x08000243   Thumb Code     0  libinit2.o(.ARM.Collect$$libinit$$00000030)
    __rt_lib_init_fp_trap_1                  0x08000243   Thumb Code     0  libinit2.o(.ARM.Collect$$libinit$$0000001F)
    __rt_lib_init_getenv_1                   0x08000243   Thumb Code     0  libinit2.o(.ARM.Collect$$libinit$$00000023)
    __rt_lib_init_heap_1                     0x08000243   Thumb Code     0  libinit2.o(.ARM.Collect$$libinit$$0000000A)
    __rt_lib_init_lc_collate_1               0x08000243   Thumb Code     0  libinit2.o(.ARM.Collect$$libinit$$00000011)
    __rt_lib_init_lc_ctype_1                 0x08000243   Thumb Code     0  libinit2.o(.ARM.Collect$$libinit$$00000013)
    __rt_lib_init_lc_monetary_1              0x08000243   Thumb Code     0  libinit2.o(.ARM.Collect$$libinit$$00000015)
    __rt_lib_init_lc_numeric_1               0x08000243   Thumb Code     0  libinit2.o(.ARM.Collect$$libinit$$00000017)
    __rt_lib_init_lc_time_1                  0x08000243   Thumb Code     0  libinit2.o(.ARM.Collect$$libinit$$00000019)
    __rt_lib_init_preinit_1                  0x08000243   Thumb Code     0  libinit2.o(.ARM.Collect$$libinit$$00000004)
    __rt_lib_init_rand_1                     0x08000243   Thumb Code     0  libinit2.o(.ARM.Collect$$libinit$$0000000E)
    __rt_lib_init_return                     0x08000243   Thumb Code     0  libinit2.o(.ARM.Collect$$libinit$$00000033)
    __rt_lib_init_signal_1                   0x08000243   Thumb Code     0  libinit2.o(.ARM.Collect$$libinit$$0000001D)
    __rt_lib_init_stdio_1                    0x08000243   Thumb Code     0  libinit2.o(.ARM.Collect$$libinit$$00000025)
    __rt_lib_init_user_alloc_1               0x08000243   Thumb Code     0  libinit2.o(.ARM.Collect$$libinit$$0000000C)
    __rt_lib_shutdown                        0x08000245   Thumb Code     0  libshutdown.o(.ARM.Collect$$libshutdown$$00000000)
    __rt_lib_shutdown_cpp_1                  0x08000247   Thumb Code     0  libshutdown2.o(.ARM.Collect$$libshutdown$$00000002)
    __rt_lib_shutdown_fp_trap_1              0x08000247   Thumb Code     0  libshutdown2.o(.ARM.Collect$$libshutdown$$00000007)
    __rt_lib_shutdown_heap_1                 0x08000247   Thumb Code     0  libshutdown2.o(.ARM.Collect$$libshutdown$$0000000F)
    __rt_lib_shutdown_return                 0x08000247   Thumb Code     0  libshutdown2.o(.ARM.Collect$$libshutdown$$00000010)
    __rt_lib_shutdown_signal_1               0x08000247   Thumb Code     0  libshutdown2.o(.ARM.Collect$$libshutdown$$0000000A)
    __rt_lib_shutdown_stdio_1                0x08000247   Thumb Code     0  libshutdown2.o(.ARM.Collect$$libshutdown$$00000004)
    __rt_lib_shutdown_user_alloc_1           0x08000247   Thumb Code     0  libshutdown2.o(.ARM.Collect$$libshutdown$$0000000C)
    __rt_entry                               0x08000249   Thumb Code     0  __rtentry.o(.ARM.Collect$$rtentry$$00000000)
    __rt_entry_presh_1                       0x08000249   Thumb Code     0  __rtentry2.o(.ARM.Collect$$rtentry$$00000002)
    __rt_entry_sh                            0x08000249   Thumb Code     0  __rtentry4.o(.ARM.Collect$$rtentry$$00000004)
    __rt_entry_li                            0x0800024f   Thumb Code     0  __rtentry2.o(.ARM.Collect$$rtentry$$0000000A)
    __rt_entry_postsh_1                      0x0800024f   Thumb Code     0  __rtentry2.o(.ARM.Collect$$rtentry$$00000009)
    __rt_entry_postli_1                      0x08000253   Thumb Code     0  __rtentry2.o(.ARM.Collect$$rtentry$$0000000B)
    __rt_entry_main                          0x0800025b   Thumb Code     0  __rtentry2.o(.ARM.Collect$$rtentry$$0000000D)
    __rt_exit                                0x08000263   Thumb Code     0  rtexit.o(.ARM.Collect$$rtexit$$00000000)
    __rt_exit_ls                             0x08000265   Thumb Code     0  rtexit2.o(.ARM.Collect$$rtexit$$00000003)
    __rt_exit_prels_1                        0x08000265   Thumb Code     0  rtexit2.o(.ARM.Collect$$rtexit$$00000002)
    __rt_exit_exit                           0x08000269   Thumb Code     0  rtexit2.o(.ARM.Collect$$rtexit$$00000004)
    _platform_post_lib_init                  0x08000271   Thumb Code    24  rtx_conf_cm.o(.emb_text)
    rt_set_PSP                               0x0800028d   Thumb Code     6  hal_cm4.o(.emb_text)
    rt_get_PSP                               0x08000293   Thumb Code     6  hal_cm4.o(.emb_text)
    os_set_env                               0x08000299   Thumb Code    24  hal_cm4.o(.emb_text)
    _alloc_box                               0x080002b5   Thumb Code    28  hal_cm4.o(.emb_text)
    _free_box                                0x080002d5   Thumb Code    28  hal_cm4.o(.emb_text)
    SVC_Handler                              0x080002f5   Thumb Code   168  hal_cm4.o(.emb_text)
    PendSV_Handler                           0x080003ad   Thumb Code    96  hal_cm4.o(.emb_text)
    SysTick_Handler                          0x08000411   Thumb Code     8  hal_cm4.o(.emb_text)
    OS_Tick_Handler                          0x08000419   Thumb Code    12  hal_cm4.o(.emb_text)
    Reset_Handler                            0x08000425   Thumb Code     8  startup_stm32f746xx.o(.text)
    NMI_Handler                              0x0800042d   Thumb Code     2  startup_stm32f746xx.o(.text)
    HardFault_Handler                        0x0800042f   Thumb Code     2  startup_stm32f746xx.o(.text)
    MemManage_Handler                        0x08000431   Thumb Code     2  startup_stm32f746xx.o(.text)
    BusFault_Handler                         0x08000433   Thumb Code     2  startup_stm32f746xx.o(.text)
    UsageFault_Handler                       0x08000435   Thumb Code     2  startup_stm32f746xx.o(.text)
    DebugMon_Handler                         0x08000439   Thumb Code     2  startup_stm32f746xx.o(.text)
    ADC_IRQHandler                           0x0800043f   Thumb Code     0  startup_stm32f746xx.o(.text)
    CAN1_RX0_IRQHandler                      0x0800043f   Thumb Code     0  startup_stm32f746xx.o(.text)
    CAN1_RX1_IRQHandler                      0x0800043f   Thumb Code     0  startup_stm32f746xx.o(.text)
    CAN1_SCE_IRQHandler                      0x0800043f   Thumb Code     0  startup_stm32f746xx.o(.text)
    CAN1_TX_IRQHandler                       0x0800043f   Thumb Code     0  startup_stm32f746xx.o(.text)
    CAN2_RX0_IRQHandler                      0x0800043f   Thumb Code     0  startup_stm32f746xx.o(.text)
    CAN2_RX1_IRQHandler                      0x0800043f   Thumb Code     0  startup_stm32f746xx.o(.text)
    CAN2_SCE_IRQHandler                      0x0800043f   Thumb Code     0  startup_stm32f746xx.o(.text)
    CAN2_TX_IRQHandler                       0x0800043f   Thumb Code     0  startup_stm32f746xx.o(.text)
    CEC_IRQHandler                           0x0800043f   Thumb Code     0  startup_stm32f746xx.o(.text)
    DCMI_IRQHandler                          0x0800043f   Thumb Code     0  startup_stm32f746xx.o(.text)
    DMA1_Stream0_IRQHandler                  0x0800043f   Thumb Code     0  startup_stm32f746xx.o(.text)
    DMA1_Stream1_IRQHandler                  0x0800043f   Thumb Code     0  startup_stm32f746xx.o(.text)
    DMA1_Stream2_IRQHandler                  0x0800043f   Thumb Code     0  startup_stm32f746xx.o(.text)
    DMA1_Stream3_IRQHandler                  0x0800043f   Thumb Code     0  startup_stm32f746xx.o(.text)
    DMA1_Stream4_IRQHandler                  0x0800043f   Thumb Code     0  startup_stm32f746xx.o(.text)
    DMA1_Stream5_IRQHandler                  0x0800043f   Thumb Code     0  startup_stm32f746xx.o(.text)
    DMA1_Stream6_IRQHandler                  0x0800043f   Thumb Code     0  startup_stm32f746xx.o(.text)
    DMA1_Stream7_IRQHandler                  0x0800043f   Thumb Code     0  startup_stm32f746xx.o(.text)
    DMA2D_IRQHandler                         0x0800043f   Thumb Code     0  startup_stm32f746xx.o(.text)
    DMA2_Stream0_IRQHandler                  0x0800043f   Thumb Code     0  startup_stm32f746xx.o(.text)
    DMA2_Stream1_IRQHandler                  0x0800043f   Thumb Code     0  startup_stm32f746xx.o(.text)
    DMA2_Stream2_IRQHandler                  0x0800043f   Thumb Code     0  startup_stm32f746xx.o(.text)
    DMA2_Stream3_IRQHandler                  0x0800043f   Thumb Code     0  startup_stm32f746xx.o(.text)
    DMA2_Stream4_IRQHandler                  0x0800043f   Thumb Code     0  startup_stm32f746xx.o(.text)
    DMA2_Stream5_IRQHandler                  0x0800043f   Thumb Code     0  startup_stm32f746xx.o(.text)
    DMA2_Stream6_IRQHandler                  0x0800043f   Thumb Code     0  startup_stm32f746xx.o(.text)
    DMA2_Stream7_IRQHandler                  0x0800043f   Thumb Code     0  startup_stm32f746xx.o(.text)
    ETH_IRQHandler                           0x0800043f   Thumb Code     0  startup_stm32f746xx.o(.text)
    ETH_WKUP_IRQHandler                      0x0800043f   Thumb Code     0  startup_stm32f746xx.o(.text)
    EXTI0_IRQHandler                         0x0800043f   Thumb Code     0  startup_stm32f746xx.o(.text)
    EXTI15_10_IRQHandler                     0x0800043f   Thumb Code     0  startup_stm32f746xx.o(.text)
    EXTI1_IRQHandler                         0x0800043f   Thumb Code     0  startup_stm32f746xx.o(.text)
    EXTI2_IRQHandler                         0x0800043f   Thumb Code     0  startup_stm32f746xx.o(.text)
    EXTI3_IRQHandler                         0x0800043f   Thumb Code     0  startup_stm32f746xx.o(.text)
    EXTI4_IRQHandler                         0x0800043f   Thumb Code     0  startup_stm32f746xx.o(.text)
    EXTI9_5_IRQHandler                       0x0800043f   Thumb Code     0  startup_stm32f746xx.o(.text)
    FLASH_IRQHandler                         0x0800043f   Thumb Code     0  startup_stm32f746xx.o(.text)
    FMC_IRQHandler                           0x0800043f   Thumb Code     0  startup_stm32f746xx.o(.text)
    FPU_IRQHandler                           0x0800043f   Thumb Code     0  startup_stm32f746xx.o(.text)
    I2C1_ER_IRQHandler                       0x0800043f   Thumb Code     0  startup_stm32f746xx.o(.text)
    I2C1_EV_IRQHandler                       0x0800043f   Thumb Code     0  startup_stm32f746xx.o(.text)
    I2C2_ER_IRQHandler                       0x0800043f   Thumb Code     0  startup_stm32f746xx.o(.text)
    I2C2_EV_IRQHandler                       0x0800043f   Thumb Code     0  startup_stm32f746xx.o(.text)
    I2C3_ER_IRQHandler                       0x0800043f   Thumb Code     0  startup_stm32f746xx.o(.text)
    I2C3_EV_IRQHandler                       0x0800043f   Thumb Code     0  startup_stm32f746xx.o(.text)
    I2C4_ER_IRQHandler                       0x0800043f   Thumb Code     0  startup_stm32f746xx.o(.text)
    I2C4_EV_IRQHandler                       0x0800043f   Thumb Code     0  startup_stm32f746xx.o(.text)
    LPTIM1_IRQHandler                        0x0800043f   Thumb Code     0  startup_stm32f746xx.o(.text)
    LTDC_ER_IRQHandler                       0x0800043f   Thumb Code     0  startup_stm32f746xx.o(.text)
    LTDC_IRQHandler                          0x0800043f   Thumb Code     0  startup_stm32f746xx.o(.text)
    OTG_FS_IRQHandler                        0x0800043f   Thumb Code     0  startup_stm32f746xx.o(.text)
    OTG_FS_WKUP_IRQHandler                   0x0800043f   Thumb Code     0  startup_stm32f746xx.o(.text)
    OTG_HS_EP1_IN_IRQHandler                 0x0800043f   Thumb Code     0  startup_stm32f746xx.o(.text)
    OTG_HS_EP1_OUT_IRQHandler                0x0800043f   Thumb Code     0  startup_stm32f746xx.o(.text)
    OTG_HS_IRQHandler                        0x0800043f   Thumb Code     0  startup_stm32f746xx.o(.text)
    OTG_HS_WKUP_IRQHandler                   0x0800043f   Thumb Code     0  startup_stm32f746xx.o(.text)
    PVD_IRQHandler                           0x0800043f   Thumb Code     0  startup_stm32f746xx.o(.text)
    QUADSPI_IRQHandler                       0x0800043f   Thumb Code     0  startup_stm32f746xx.o(.text)
    RCC_IRQHandler                           0x0800043f   Thumb Code     0  startup_stm32f746xx.o(.text)
    RNG_IRQHandler                           0x0800043f   Thumb Code     0  startup_stm32f746xx.o(.text)
    RTC_Alarm_IRQHandler                     0x0800043f   Thumb Code     0  startup_stm32f746xx.o(.text)
    RTC_WKUP_IRQHandler                      0x0800043f   Thumb Code     0  startup_stm32f746xx.o(.text)
    SAI1_IRQHandler                          0x0800043f   Thumb Code     0  startup_stm32f746xx.o(.text)
    SAI2_IRQHandler                          0x0800043f   Thumb Code     0  startup_stm32f746xx.o(.text)
    SDMMC1_IRQHandler                        0x0800043f   Thumb Code     0  startup_stm32f746xx.o(.text)
    SPDIF_RX_IRQHandler                      0x0800043f   Thumb Code     0  startup_stm32f746xx.o(.text)
    SPI1_IRQHandler                          0x0800043f   Thumb Code     0  startup_stm32f746xx.o(.text)
    SPI2_IRQHandler                          0x0800043f   Thumb Code     0  startup_stm32f746xx.o(.text)
    SPI3_IRQHandler                          0x0800043f   Thumb Code     0  startup_stm32f746xx.o(.text)
    SPI4_IRQHandler                          0x0800043f   Thumb Code     0  startup_stm32f746xx.o(.text)
    SPI5_IRQHandler                          0x0800043f   Thumb Code     0  startup_stm32f746xx.o(.text)
    SPI6_IRQHandler                          0x0800043f   Thumb Code     0  startup_stm32f746xx.o(.text)
    TAMP_STAMP_IRQHandler                    0x0800043f   Thumb Code     0  startup_stm32f746xx.o(.text)
    TIM1_BRK_TIM9_IRQHandler                 0x0800043f   Thumb Code     0  startup_stm32f746xx.o(.text)
    TIM1_CC_IRQHandler                       0x0800043f   Thumb Code     0  startup_stm32f746xx.o(.text)
    TIM1_TRG_COM_TIM11_IRQHandler            0x0800043f   Thumb Code     0  startup_stm32f746xx.o(.text)
    TIM1_UP_TIM10_IRQHandler                 0x0800043f   Thumb Code     0  startup_stm32f746xx.o(.text)
    TIM2_IRQHandler                          0x0800043f   Thumb Code     0  startup_stm32f746xx.o(.text)
    TIM3_IRQHandler                          0x0800043f   Thumb Code     0  startup_stm32f746xx.o(.text)
    TIM4_IRQHandler                          0x0800043f   Thumb Code     0  startup_stm32f746xx.o(.text)
    TIM5_IRQHandler                          0x0800043f   Thumb Code     0  startup_stm32f746xx.o(.text)
    TIM6_DAC_IRQHandler                      0x0800043f   Thumb Code     0  startup_stm32f746xx.o(.text)
    TIM7_IRQHandler                          0x0800043f   Thumb Code     0  startup_stm32f746xx.o(.text)
    TIM8_BRK_TIM12_IRQHandler                0x0800043f   Thumb Code     0  startup_stm32f746xx.o(.text)
    TIM8_CC_IRQHandler                       0x0800043f   Thumb Code     0  startup_stm32f746xx.o(.text)
    TIM8_TRG_COM_TIM14_IRQHandler            0x0800043f   Thumb Code     0  startup_stm32f746xx.o(.text)
    TIM8_UP_TIM13_IRQHandler                 0x0800043f   Thumb Code     0  startup_stm32f746xx.o(.text)
    UART4_IRQHandler                         0x0800043f   Thumb Code     0  startup_stm32f746xx.o(.text)
    UART5_IRQHandler                         0x0800043f   Thumb Code     0  startup_stm32f746xx.o(.text)
    UART7_IRQHandler                         0x0800043f   Thumb Code     0  startup_stm32f746xx.o(.text)
    UART8_IRQHandler                         0x0800043f   Thumb Code     0  startup_stm32f746xx.o(.text)
    USART1_IRQHandler                        0x0800043f   Thumb Code     0  startup_stm32f746xx.o(.text)
    USART2_IRQHandler                        0x0800043f   Thumb Code     0  startup_stm32f746xx.o(.text)
    USART3_IRQHandler                        0x0800043f   Thumb Code     0  startup_stm32f746xx.o(.text)
    USART6_IRQHandler                        0x0800043f   Thumb Code     0  startup_stm32f746xx.o(.text)
    WWDG_IRQHandler                          0x0800043f   Thumb Code     0  startup_stm32f746xx.o(.text)
    __user_initial_stackheap                 0x08000441   Thumb Code     0  startup_stm32f746xx.o(.text)
    __user_libspace                          0x08000465   Thumb Code     8  libspace.o(.text)
    __user_perproc_libspace                  0x08000465   Thumb Code     0  libspace.o(.text)
    exit                                     0x0800046d   Thumb Code    18  exit.o(.text)
    __use_two_region_memory                  0x0800047f   Thumb Code     2  heapauxi.o(.text)
    __rt_heap_escrow$2region                 0x08000481   Thumb Code     2  heapauxi.o(.text)
    __rt_heap_expand$2region                 0x08000483   Thumb Code     2  heapauxi.o(.text)
    _sys_exit                                0x08000485   Thumb Code     8  sys_exit.o(.text)
    __user_setup_stackheap                   0x08000491   Thumb Code    74  sys_stackheap_outer.o(.text)
    __I$use$semihosting                      0x080004db   Thumb Code     0  use_no_semi.o(.text)
    __use_no_semihosting_swi                 0x080004db   Thumb Code     2  use_no_semi.o(.text)
    SVC_Count                                0x080004dc   Data           4  svc_table.o(SVC_TABLE)
    __semihosting_library_function           0x080004dd   Thumb Code     0  indicate_semi.o(.text)
    SVC_Table                                0x080004e0   Data           0  svc_table.o(SVC_TABLE)
    Create                                   0x080004ed   Thumb Code    40  thread.o(i.Create)
    HAL_GPIO_Init                            0x080005bd   Thumb Code   484  stm32f7xx_hal_gpio.o(i.HAL_GPIO_Init)
    HAL_GPIO_WritePin                        0x080007d5   Thumb Code    12  stm32f7xx_hal_gpio.o(i.HAL_GPIO_WritePin)
    HAL_GetTick                              0x080007e1   Thumb Code     6  main.o(i.HAL_GetTick)
    HAL_Init                                 0x080007ed   Thumb Code    34  stm32f7xx_hal.o(i.HAL_Init)
    HAL_InitTick                             0x08000815   Thumb Code    36  stm32f7xx_hal.o(i.HAL_InitTick)
    HAL_MPU_ConfigRegion                     0x0800083d   Thumb Code    88  stm32f7xx_hal_cortex.o(i.HAL_MPU_ConfigRegion)
    HAL_MPU_Disable                          0x08000899   Thumb Code    38  stm32f7xx_hal_cortex.o(i.HAL_MPU_Disable)
    HAL_MPU_Enable                           0x080008c5   Thumb Code    58  stm32f7xx_hal_cortex.o(i.HAL_MPU_Enable)
    HAL_MspInit                              0x08000905   Thumb Code     2  stm32f7xx_hal.o(i.HAL_MspInit)
    HAL_NVIC_SetPriority                     0x08000907   Thumb Code   124  stm32f7xx_hal_cortex.o(i.HAL_NVIC_SetPriority)
    HAL_NVIC_SetPriorityGrouping             0x08000985   Thumb Code    32  stm32f7xx_hal_cortex.o(i.HAL_NVIC_SetPriorityGrouping)
    HAL_PWREx_EnableOverDrive                0x080009ad   Thumb Code   136  stm32f7xx_hal_pwr_ex.o(i.HAL_PWREx_EnableOverDrive)
    HAL_RCC_ClockConfig                      0x08000a3d   Thumb Code   420  stm32f7xx_hal_rcc.o(i.HAL_RCC_ClockConfig)
    HAL_RCC_GetSysClockFreq                  0x08000bf1   Thumb Code   168  stm32f7xx_hal_rcc.o(i.HAL_RCC_GetSysClockFreq)
    HAL_RCC_OscConfig                        0x08000ca5   Thumb Code  1252  stm32f7xx_hal_rcc.o(i.HAL_RCC_OscConfig)
    HAL_SYSTICK_Config                       0x0800118d   Thumb Code    52  stm32f7xx_hal_cortex.o(i.HAL_SYSTICK_Config)
    Led_Off                                  0x080011c1   Thumb Code    36  thread.o(i.Led_Off)
    Led_On                                   0x080011ed   Thumb Code    36  thread.o(i.Led_On)
    SystemInit                               0x080013e9   Thumb Code    82  system_stm32f7xx.o(i.SystemInit)
    _init_box                                0x08001485   Thumb Code    70  rt_membox.o(i._init_box)
    _mutex_acquire                           0x080014cd   Thumb Code    22  rtx_conf_cm.o(i._mutex_acquire)
    _mutex_release                           0x080014ed   Thumb Code    18  rtx_conf_cm.o(i._mutex_release)
    dbg_init                                 0x08001509   Thumb Code    34  hal_cm.o(i.dbg_init)
    dbg_task_notify                          0x08001539   Thumb Code    32  hal_cm.o(i.dbg_task_notify)
    dbg_task_switch                          0x08001559   Thumb Code    16  hal_cm.o(i.dbg_task_switch)
    isrMessageGet                            0x08001569   Thumb Code    42  rt_cmsis.o(i.isrMessageGet)
    isrMessagePut                            0x08001593   Thumb Code    44  rt_cmsis.o(i.isrMessagePut)
    isrSemaphoreRelease                      0x080015bf   Thumb Code    40  rt_cmsis.o(i.isrSemaphoreRelease)
    isr_mbx_receive                          0x080015e9   Thumb Code    86  rt_mailbox.o(i.isr_mbx_receive)
    isr_mbx_send                             0x0800163f   Thumb Code    14  rt_mailbox.o(i.isr_mbx_send)
    isr_sem_send                             0x0800164d   Thumb Code    16  rt_semaphore.o(i.isr_sem_send)
    main                                     0x0800165d   Thumb Code    36  main.o(i.main)
    multiplex_Thread                         0x08001681   Thumb Code    54  thread.o(i.multiplex_Thread)
    osDelay                                  0x080016bd   Thumb Code    18  rt_cmsis.o(i.osDelay)
    osKernelInitialize                       0x080016d5   Thumb Code    30  rt_cmsis.o(i.osKernelInitialize)
    osKernelStart                            0x080016f9   Thumb Code    98  rt_cmsis.o(i.osKernelStart)
    osMessageGet                             0x08001765   Thumb Code    18  rt_cmsis.o(i.osMessageGet)
    osSemaphoreCreate                        0x0800177d   Thumb Code    36  rt_cmsis.o(i.osSemaphoreCreate)
    osSemaphoreRelease                       0x080017a9   Thumb Code    18  rt_cmsis.o(i.osSemaphoreRelease)
    osSemaphoreWait                          0x080017c1   Thumb Code    20  rt_cmsis.o(i.osSemaphoreWait)
    osThreadCreate                           0x080017d9   Thumb Code    36  rt_cmsis.o(i.osThreadCreate)
    osThreadExit                             0x08001805   Thumb Code    14  rt_cmsis.o(i.osThreadExit)
    osTimerCall                              0x0800181d   Thumb Code     8  rt_cmsis.o(i.osTimerCall)
    osTimerThread                            0x08001829   Thumb Code    38  rt_cmsis.o(i.osTimerThread)
    os_error                                 0x08001855   Thumb Code    34  rtx_conf_cm.o(i.os_error)
    os_idle_demon                            0x08001877   Thumb Code     4  rtx_conf_cm.o(i.os_idle_demon)
    os_tick_init                             0x0800187d   Thumb Code    32  rt_system.o(i.os_tick_init)
    os_tick_irqack                           0x080018a5   Thumb Code     2  rt_system.o(i.os_tick_irqack)
    rt_alloc_box                             0x080018a7   Thumb Code    26  rt_membox.o(i.rt_alloc_box)
    rt_alloc_mem                             0x080018c1   Thumb Code    62  rt_memory.o(i.rt_alloc_mem)
    rt_block                                 0x08001901   Thumb Code    48  rt_task.o(i.rt_block)
    rt_chk_robin                             0x08001939   Thumb Code    60  rt_robin.o(i.rt_chk_robin)
    rt_dec_dly                               0x08001981   Thumb Code   102  rt_list.o(i.rt_dec_dly)
    rt_dispatch                              0x080019f1   Thumb Code    60  rt_task.o(i.rt_dispatch)
    rt_dly_wait                              0x08001a35   Thumb Code     6  rt_time.o(i.rt_dly_wait)
    rt_evt_psh                               0x08001a3d   Thumb Code    76  rt_event.o(i.rt_evt_psh)
    rt_free_box                              0x08001a8d   Thumb Code    44  rt_membox.o(i.rt_free_box)
    rt_free_mem                              0x08001ab9   Thumb Code    40  rt_memory.o(i.rt_free_mem)
    rt_get_first                             0x08001ae1   Thumb Code    40  rt_list.o(i.rt_get_first)
    rt_init_mem                              0x08001b59   Thumb Code    26  rt_memory.o(i.rt_init_mem)
    rt_init_robin                            0x08001b75   Thumb Code    14  rt_robin.o(i.rt_init_robin)
    rt_init_stack                            0x08001b8d   Thumb Code   118  hal_cm.o(i.rt_init_stack)
    rt_mbx_check                             0x08001c0d   Thumb Code     8  rt_mailbox.o(i.rt_mbx_check)
    rt_mbx_init                              0x08001c15   Thumb Code    26  rt_mailbox.o(i.rt_mbx_init)
    rt_mbx_psh                               0x08001c31   Thumb Code   236  rt_mailbox.o(i.rt_mbx_psh)
    rt_mbx_wait                              0x08001d21   Thumb Code   174  rt_mailbox.o(i.rt_mbx_wait)
    rt_mut_release                           0x08001e19   Thumb Code   208  rt_mutex.o(i.rt_mut_release)
    rt_mut_wait                              0x08001ef1   Thumb Code   114  rt_mutex.o(i.rt_mut_wait)
    rt_pop_req                               0x08001f69   Thumb Code   112  rt_system.o(i.rt_pop_req)
    rt_psh_req                               0x08001fe5   Thumb Code    22  rt_system.o(i.rt_psh_req)
    rt_psq_enq                               0x08002005   Thumb Code    88  rt_list.o(i.rt_psq_enq)
    rt_put_dly                               0x08002061   Thumb Code    68  rt_list.o(i.rt_put_dly)
    rt_put_prio                              0x080020a9   Thumb Code    54  rt_list.o(i.rt_put_prio)
    rt_put_rdy_first                         0x080020e1   Thumb Code    14  rt_list.o(i.rt_put_rdy_first)
    rt_resort_prio                           0x080020f5   Thumb Code    46  rt_list.o(i.rt_resort_prio)
    rt_ret_val                               0x08002139   Thumb Code    12  hal_cm.o(i.rt_ret_val)
    rt_ret_val2                              0x08002145   Thumb Code    16  hal_cm.o(i.rt_ret_val2)
    rt_rmv_dly                               0x08002155   Thumb Code    40  rt_list.o(i.rt_rmv_dly)
    rt_rmv_list                              0x0800217d   Thumb Code    44  rt_list.o(i.rt_rmv_list)
    rt_sem_init                              0x080021ad   Thumb Code    12  rt_semaphore.o(i.rt_sem_init)
    rt_sem_psh                               0x080021b9   Thumb Code    48  rt_semaphore.o(i.rt_sem_psh)
    rt_sem_send                              0x080021ed   Thumb Code    42  rt_semaphore.o(i.rt_sem_send)
    rt_sem_wait                              0x08002219   Thumb Code    58  rt_semaphore.o(i.rt_sem_wait)
    rt_stk_check                             0x08002259   Thumb Code    28  rt_system.o(i.rt_stk_check)
    rt_switch_req                            0x0800227d   Thumb Code    30  rt_task.o(i.rt_switch_req)
    rt_sys_init                              0x080022a5   Thumb Code   138  rt_task.o(i.rt_sys_init)
    rt_sys_start                             0x08002371   Thumb Code   110  rt_task.o(i.rt_sys_start)
    rt_systick                               0x080023e9   Thumb Code    50  rt_system.o(i.rt_systick)
    rt_tsk_create                            0x08002471   Thumb Code   118  rt_task.o(i.rt_tsk_create)
    rt_tsk_delete                            0x080024f9   Thumb Code   352  rt_task.o(i.rt_tsk_delete)
    rt_tsk_prio                              0x08002675   Thumb Code   108  rt_task.o(i.rt_tsk_prio)
    rt_tsk_self                              0x080026f1   Thumb Code    12  rt_task.o(i.rt_tsk_self)
    svcDelay                                 0x08002701   Thumb Code    18  rt_cmsis.o(i.svcDelay)
    svcKernelInitialize                      0x08002715   Thumb Code    80  rt_cmsis.o(i.svcKernelInitialize)
    svcKernelStart                           0x08002785   Thumb Code    62  rt_cmsis.o(i.svcKernelStart)
    svcMessageCreate                         0x080027cd   Thumb Code    36  rt_cmsis.o(i.svcMessageCreate)
    svcMessageGet                            0x080027f1   Thumb Code    58  rt_cmsis.o(i.svcMessageGet)
    svcSemaphoreCreate                       0x0800282b   Thumb Code    36  rt_cmsis.o(i.svcSemaphoreCreate)
    svcSemaphoreRelease                      0x0800284f   Thumb Code    40  rt_cmsis.o(i.svcSemaphoreRelease)
    svcSemaphoreWait                         0x08002877   Thumb Code    50  rt_cmsis.o(i.svcSemaphoreWait)
    svcThreadCreate                          0x080028a9   Thumb Code    96  rt_cmsis.o(i.svcThreadCreate)
    svcThreadGetId                           0x08002915   Thumb Code    22  rt_cmsis.o(i.svcThreadGetId)
    svcThreadTerminate                       0x08002931   Thumb Code    50  rt_cmsis.o(i.svcThreadTerminate)
    svcTimerCall                             0x08002969   Thumb Code    24  rt_cmsis.o(i.svcTimerCall)
    sysTimerTick                             0x08002981   Thumb Code    84  rt_cmsis.o(i.sysTimerTick)
    _fp_init                                 0x080029dd   Thumb Code    10  fpinit.o(x$fpl$fpinit)
    __fplib_config_fpu_vfp                   0x080029e5   Thumb Code     0  fpinit.o(x$fpl$fpinit)
    __fplib_config_pureend_doubles           0x080029e5   Thumb Code     0  fpinit.o(x$fpl$fpinit)
    os_thread_def_multiplex_Thread           0x080029e8   Data          16  thread.o(.constdata)
    os_semaphore_def_semMultiplex            0x080029f8   Data           4  thread.o(.constdata)
    os_semaphore_def_semSignal               0x080029fc   Data           4  thread.o(.constdata)
    os_maxtaskrun                            0x08002a00   Data           2  rtx_conf_cm.o(.constdata)
    os_stackinfo                             0x08002a04   Data           4  rtx_conf_cm.o(.constdata)
    os_rrobin                                0x08002a08   Data           4  rtx_conf_cm.o(.constdata)
    os_tickfreq                              0x08002a0c   Data           4  rtx_conf_cm.o(.constdata)
    os_tickus_i                              0x08002a10   Data           2  rtx_conf_cm.o(.constdata)
    os_tickus_f                              0x08002a12   Data           2  rtx_conf_cm.o(.constdata)
    os_trv                                   0x08002a14   Data           4  rtx_conf_cm.o(.constdata)
    os_flags                                 0x08002a18   Data           1  rtx_conf_cm.o(.constdata)
    CMSIS_RTOS_API_Version                   0x08002a1c   Data           4  rtx_conf_cm.o(.constdata)
    CMSIS_RTOS_RTX_Version                   0x08002a20   Data           4  rtx_conf_cm.o(.constdata)
    os_clockrate                             0x08002a24   Data           4  rtx_conf_cm.o(.constdata)
    os_timernum                              0x08002a28   Data           4  rtx_conf_cm.o(.constdata)
    mp_tcb_size                              0x08002a2c   Data           2  rtx_conf_cm.o(.constdata)
    mp_stk_size                              0x08002a30   Data           4  rtx_conf_cm.o(.constdata)
    os_stack_sz                              0x08002a34   Data           4  rtx_conf_cm.o(.constdata)
    os_fifo_size                             0x08002a38   Data           1  rtx_conf_cm.o(.constdata)
    os_thread_def_osTimerThread              0x08002a3c   Data          16  rtx_conf_cm.o(.constdata)
    os_messageQ_def_osTimerMessageQ          0x08002a4c   Data           8  rtx_conf_cm.o(.constdata)
    mp_tmr_size                              0x08002a54   Data           2  rtx_conf_cm.o(.constdata)
    os_thread_def_main                       0x08002a58   Data          16  rtx_conf_cm.o(.constdata)
    AHBPrescTable                            0x08002a68   Data          16  system_stm32f7xx.o(.constdata)
    APBPrescTable                            0x08002a78   Data           8  system_stm32f7xx.o(.constdata)
    Region$$Table$$Base                      0x08002a80   Number         0  anon$$obj.o(Region$$Table)
    Region$$Table$$Limit                     0x08002aa0   Number         0  anon$$obj.o(Region$$Table)
    T_mux1                                   0x20010000   Data           4  thread.o(.data)
    T_mux2                                   0x20010004   Data           4  thread.o(.data)
    T_mux3                                   0x20010008   Data           4  thread.o(.data)
    T_mux4                                   0x2001000c   Data           4  thread.o(.data)
    T_mux5                                   0x20010010   Data           4  thread.o(.data)
    T_mux6                                   0x20010014   Data           4  thread.o(.data)
    semMultiplex                             0x20010018   Data           4  thread.o(.data)
    os_semaphore_cb_semMultiplex             0x2001001c   Data           8  thread.o(.data)
    semSignal                                0x20010024   Data           4  thread.o(.data)
    os_semaphore_cb_semSignal                0x20010028   Data           8  thread.o(.data)
    osThreadId_osTimerThread                 0x20010030   Data           4  rtx_conf_cm.o(.data)
    osMessageQId_osTimerMessageQ             0x20010034   Data           4  rtx_conf_cm.o(.data)
    os_tmr                                   0x20010038   Data           4  rtx_conf_cm.o(.data)
    m_tmr                                    0x2001003c   Data           4  rtx_conf_cm.o(.data)
    SystemCoreClock                          0x20010044   Data           4  system_stm32f7xx.o(.data)
    os_initialized                           0x20010048   Data           1  rt_cmsis.o(.data)
    os_running                               0x20010049   Data           1  rt_cmsis.o(.data)
    os_timer_head                            0x2001004c   Data           4  rt_cmsis.o(.data)
    os_tsk                                   0x20010050   Data           8  rt_task.o(.data)
    os_time                                  0x20010058   Data           4  rt_time.o(.data)
    os_tick_irqn                             0x20010060   Data           4  rt_system.o(.data)
    os_robin                                 0x20010064   Data           8  rt_robin.o(.data)
    dbg_msg                                  0x2001006c   Data           1  hal_cm.o(.data)
    mp_tcb                                   0x20010070   Data         376  rtx_conf_cm.o(.bss)
    mp_stk                                   0x200101e8   Data        1216  rtx_conf_cm.o(.bss)
    os_stack_mem                             0x200106a8   Data         432  rtx_conf_cm.o(.bss)
    os_fifo                                  0x20010858   Data         132  rtx_conf_cm.o(.bss)
    os_active_TCB                            0x200108dc   Data          28  rtx_conf_cm.o(.bss)
    os_messageQ_q_osTimerMessageQ            0x200108f8   Data          32  rtx_conf_cm.o(.bss)
    os_idle_TCB                              0x20010c38   Data          52  rt_task.o(.bss)
    os_rdy                                   0x20010c6c   Data          24  rt_list.o(.bss)
    os_dly                                   0x20010c84   Data          24  rt_list.o(.bss)
    __libspace_start                         0x20010c9c   Data          96  libspace.o(.bss)
    __temporary_stack_top$libspace           0x20010cfc   Data           0  libspace.o(.bss)



==============================================================================

Memory Map of the image

  Image Entry point : 0x080001c9

  Load Region LR_IROM1 (Base: 0x08000000, Size: 0x00002b10, Max: 0x00100000, ABSOLUTE)

    Execution Region ER_IROM1 (Exec base: 0x08000000, Load base: 0x08000000, Size: 0x00002aa0, Max: 0x00100000, ABSOLUTE)

    Exec Addr    Load Addr    Size         Type   Attr      Idx    E Section Name        Object

    0x08000000   0x08000000   0x000001c8   Data   RO          994    RESET               startup_stm32f746xx.o
    0x080001c8   0x080001c8   0x00000008   Code   RO         2260  * !!!main             c_w.l(__main.o)
    0x080001d0   0x080001d0   0x00000034   Code   RO         2421    !!!scatter          c_w.l(__scatter.o)
    0x08000204   0x08000204   0x0000001a   Code   RO         2423    !!handler_copy      c_w.l(__scatter_copy.o)
    0x0800021e   0x0800021e   0x00000002   PAD
    0x08000220   0x08000220   0x0000001c   Code   RO         2425    !!handler_zi        c_w.l(__scatter_zi.o)
    0x0800023c   0x0800023c   0x00000002   Code   RO         2307    .ARM.Collect$$libinit$$00000000  c_w.l(libinit.o)
    0x0800023e   0x0800023e   0x00000004   Code   RO         2318    .ARM.Collect$$libinit$$00000001  c_w.l(libinit2.o)
    0x08000242   0x08000242   0x00000000   Code   RO         2321    .ARM.Collect$$libinit$$00000004  c_w.l(libinit2.o)
    0x08000242   0x08000242   0x00000000   Code   RO         2324    .ARM.Collect$$libinit$$0000000A  c_w.l(libinit2.o)
    0x08000242   0x08000242   0x00000000   Code   RO         2326    .ARM.Collect$$libinit$$0000000C  c_w.l(libinit2.o)
    0x08000242   0x08000242   0x00000000   Code   RO         2328    .ARM.Collect$$libinit$$0000000E  c_w.l(libinit2.o)
    0x08000242   0x08000242   0x00000000   Code   RO         2331    .ARM.Collect$$libinit$$00000011  c_w.l(libinit2.o)
    0x08000242   0x08000242   0x00000000   Code   RO         2333    .ARM.Collect$$libinit$$00000013  c_w.l(libinit2.o)
    0x08000242   0x08000242   0x00000000   Code   RO         2335    .ARM.Collect$$libinit$$00000015  c_w.l(libinit2.o)
    0x08000242   0x08000242   0x00000000   Code   RO         2337    .ARM.Collect$$libinit$$00000017  c_w.l(libinit2.o)
    0x08000242   0x08000242   0x00000000   Code   RO         2339    .ARM.Collect$$libinit$$00000019  c_w.l(libinit2.o)
    0x08000242   0x08000242   0x00000000   Code   RO         2341    .ARM.Collect$$libinit$$0000001B  c_w.l(libinit2.o)
    0x08000242   0x08000242   0x00000000   Code   RO         2343    .ARM.Collect$$libinit$$0000001D  c_w.l(libinit2.o)
    0x08000242   0x08000242   0x00000000   Code   RO         2345    .ARM.Collect$$libinit$$0000001F  c_w.l(libinit2.o)
    0x08000242   0x08000242   0x00000000   Code   RO         2347    .ARM.Collect$$libinit$$00000021  c_w.l(libinit2.o)
    0x08000242   0x08000242   0x00000000   Code   RO         2349    .ARM.Collect$$libinit$$00000023  c_w.l(libinit2.o)
    0x08000242   0x08000242   0x00000000   Code   RO         2351    .ARM.Collect$$libinit$$00000025  c_w.l(libinit2.o)
    0x08000242   0x08000242   0x00000000   Code   RO         2355    .ARM.Collect$$libinit$$0000002C  c_w.l(libinit2.o)
    0x08000242   0x08000242   0x00000000   Code   RO         2357    .ARM.Collect$$libinit$$0000002E  c_w.l(libinit2.o)
    0x08000242   0x08000242   0x00000000   Code   RO         2359    .ARM.Collect$$libinit$$00000030  c_w.l(libinit2.o)
    0x08000242   0x08000242   0x00000000   Code   RO         2361    .ARM.Collect$$libinit$$00000032  c_w.l(libinit2.o)
    0x08000242   0x08000242   0x00000002   Code   RO         2362    .ARM.Collect$$libinit$$00000033  c_w.l(libinit2.o)
    0x08000244   0x08000244   0x00000002   Code   RO         2308    .ARM.Collect$$libshutdown$$00000000  c_w.l(libshutdown.o)
    0x08000246   0x08000246   0x00000000   Code   RO         2364    .ARM.Collect$$libshutdown$$00000002  c_w.l(libshutdown2.o)
    0x08000246   0x08000246   0x00000000   Code   RO         2366    .ARM.Collect$$libshutdown$$00000004  c_w.l(libshutdown2.o)
    0x08000246   0x08000246   0x00000000   Code   RO         2369    .ARM.Collect$$libshutdown$$00000007  c_w.l(libshutdown2.o)
    0x08000246   0x08000246   0x00000000   Code   RO         2372    .ARM.Collect$$libshutdown$$0000000A  c_w.l(libshutdown2.o)
    0x08000246   0x08000246   0x00000000   Code   RO         2374    .ARM.Collect$$libshutdown$$0000000C  c_w.l(libshutdown2.o)
    0x08000246   0x08000246   0x00000000   Code   RO         2377    .ARM.Collect$$libshutdown$$0000000F  c_w.l(libshutdown2.o)
    0x08000246   0x08000246   0x00000002   Code   RO         2378    .ARM.Collect$$libshutdown$$00000010  c_w.l(libshutdown2.o)
    0x08000248   0x08000248   0x00000000   Code   RO         2262    .ARM.Collect$$rtentry$$00000000  c_w.l(__rtentry.o)
    0x08000248   0x08000248   0x00000000   Code   RO         2270    .ARM.Collect$$rtentry$$00000002  c_w.l(__rtentry2.o)
    0x08000248   0x08000248   0x00000006   Code   RO         2282    .ARM.Collect$$rtentry$$00000004  c_w.l(__rtentry4.o)
    0x0800024e   0x0800024e   0x00000000   Code   RO         2272    .ARM.Collect$$rtentry$$00000009  c_w.l(__rtentry2.o)
    0x0800024e   0x0800024e   0x00000004   Code   RO         2273    .ARM.Collect$$rtentry$$0000000A  c_w.l(__rtentry2.o)
    0x08000252   0x08000252   0x00000008   Code   RO         2274    .ARM.Collect$$rtentry$$0000000B  c_w.l(__rtentry2.o)
    0x0800025a   0x0800025a   0x00000008   Code   RO         2276    .ARM.Collect$$rtentry$$0000000D  c_w.l(__rtentry2.o)
    0x08000262   0x08000262   0x00000002   Code   RO         2263    .ARM.Collect$$rtexit$$00000000  c_w.l(rtexit.o)
    0x08000264   0x08000264   0x00000000   Code   RO         2285    .ARM.Collect$$rtexit$$00000002  c_w.l(rtexit2.o)
    0x08000264   0x08000264   0x00000004   Code   RO         2286    .ARM.Collect$$rtexit$$00000003  c_w.l(rtexit2.o)
    0x08000268   0x08000268   0x00000006   Code   RO         2287    .ARM.Collect$$rtexit$$00000004  c_w.l(rtexit2.o)
    0x0800026e   0x0800026e   0x00000002   PAD
    0x08000270   0x08000270   0x0000001c   Code   RO          215    .emb_text           rtx_conf_cm.o
    0x0800028c   0x0800028c   0x00000198   Code   RO         2236    .emb_text           RTX_CM4.lib(hal_cm4.o)
    0x08000424   0x08000424   0x00000040   Code   RO          995    .text               startup_stm32f746xx.o
    0x08000464   0x08000464   0x00000008   Code   RO         2251    .text               c_w.l(libspace.o)
    0x0800046c   0x0800046c   0x00000012   Code   RO         2256    .text               c_w.l(exit.o)
    0x0800047e   0x0800047e   0x00000006   Code   RO         2258    .text               c_w.l(heapauxi.o)
    0x08000484   0x08000484   0x0000000c   Code   RO         2293    .text               c_w.l(sys_exit.o)
    0x08000490   0x08000490   0x0000004a   Code   RO         2295    .text               c_w.l(sys_stackheap_outer.o)
    0x080004da   0x080004da   0x00000002   Code   RO         2309    .text               c_w.l(use_no_semi.o)
    0x080004dc   0x080004dc   0x00000000   Code   RO         2311    .text               c_w.l(indicate_semi.o)
    0x080004dc   0x080004dc   0x00000004   Code   RO         2246    SVC_TABLE           RTX_CM4.lib(svc_table.o)
    0x080004e0   0x080004e0   0x0000000c   Code   RO            4    i.CPU_CACHE_Enable  main.o
    0x080004ec   0x080004ec   0x0000003c   Code   RO          158    i.Create            thread.o
    0x08000528   0x08000528   0x00000004   Code   RO            5    i.Error_Handler     main.o
    0x0800052c   0x0800052c   0x00000090   Code   RO            6    i.GPIO_Init         main.o
    0x080005bc   0x080005bc   0x00000218   Code   RO          578    i.HAL_GPIO_Init     stm32f7xx_hal_gpio.o
    0x080007d4   0x080007d4   0x0000000c   Code   RO          582    i.HAL_GPIO_WritePin  stm32f7xx_hal_gpio.o
    0x080007e0   0x080007e0   0x0000000c   Code   RO            7    i.HAL_GetTick       main.o
    0x080007ec   0x080007ec   0x00000028   Code   RO          293    i.HAL_Init          stm32f7xx_hal.o
    0x08000814   0x08000814   0x00000028   Code   RO          294    i.HAL_InitTick      stm32f7xx_hal.o
    0x0800083c   0x0800083c   0x0000005c   Code   RO          435    i.HAL_MPU_ConfigRegion  stm32f7xx_hal_cortex.o
    0x08000898   0x08000898   0x0000002c   Code   RO          436    i.HAL_MPU_Disable   stm32f7xx_hal_cortex.o
    0x080008c4   0x080008c4   0x00000040   Code   RO          437    i.HAL_MPU_Enable    stm32f7xx_hal_cortex.o
    0x08000904   0x08000904   0x00000002   Code   RO          296    i.HAL_MspInit       stm32f7xx_hal.o
    0x08000906   0x08000906   0x0000007c   Code   RO          446    i.HAL_NVIC_SetPriority  stm32f7xx_hal_cortex.o
    0x08000982   0x08000982   0x00000002   PAD
    0x08000984   0x08000984   0x00000028   Code   RO          447    i.HAL_NVIC_SetPriorityGrouping  stm32f7xx_hal_cortex.o
    0x080009ac   0x080009ac   0x00000090   Code   RO          771    i.HAL_PWREx_EnableOverDrive  stm32f7xx_hal_pwr_ex.o
    0x08000a3c   0x08000a3c   0x000001b4   Code   RO          858    i.HAL_RCC_ClockConfig  stm32f7xx_hal_rcc.o
    0x08000bf0   0x08000bf0   0x000000b4   Code   RO          867    i.HAL_RCC_GetSysClockFreq  stm32f7xx_hal_rcc.o
    0x08000ca4   0x08000ca4   0x000004e8   Code   RO          870    i.HAL_RCC_OscConfig  stm32f7xx_hal_rcc.o
    0x0800118c   0x0800118c   0x00000034   Code   RO          451    i.HAL_SYSTICK_Config  stm32f7xx_hal_cortex.o
    0x080011c0   0x080011c0   0x0000002c   Code   RO          159    i.Led_Off           thread.o
    0x080011ec   0x080011ec   0x0000002c   Code   RO          160    i.Led_On            thread.o
    0x08001218   0x08001218   0x0000004c   Code   RO            8    i.MPU_Config        main.o
    0x08001264   0x08001264   0x0000009c   Code   RO            9    i.SCB_EnableDCache  main.o
    0x08001300   0x08001300   0x0000007c   Code   RO           10    i.SCB_EnableICache  main.o
    0x0800137c   0x0800137c   0x0000006a   Code   RO           11    i.SystemClock_Config  main.o
    0x080013e6   0x080013e6   0x00000002   PAD
    0x080013e8   0x080013e8   0x00000064   Code   RO         1003    i.SystemInit        system_stm32f7xx.o
    0x0800144c   0x0800144c   0x00000010   Code   RO          453    i.__NVIC_GetPriorityGrouping  stm32f7xx_hal_cortex.o
    0x0800145c   0x0800145c   0x00000028   Code   RO          454    i.__NVIC_SetPriority  stm32f7xx_hal_cortex.o
    0x08001484   0x08001484   0x00000046   Code   RO         2130    i._init_box         RTX_CM4.lib(rt_membox.o)
    0x080014ca   0x080014ca   0x00000002   PAD
    0x080014cc   0x080014cc   0x00000020   Code   RO          217    i._mutex_acquire    rtx_conf_cm.o
    0x080014ec   0x080014ec   0x0000001c   Code   RO          219    i._mutex_release    rtx_conf_cm.o
    0x08001508   0x08001508   0x00000030   Code   RO         2183    i.dbg_init          RTX_CM4.lib(hal_cm.o)
    0x08001538   0x08001538   0x00000020   Code   RO         2184    i.dbg_task_notify   RTX_CM4.lib(hal_cm.o)
    0x08001558   0x08001558   0x00000010   Code   RO         2185    i.dbg_task_switch   RTX_CM4.lib(hal_cm.o)
    0x08001568   0x08001568   0x0000002a   Code   RO         1039    i.isrMessageGet     RTX_CM4.lib(rt_cmsis.o)
    0x08001592   0x08001592   0x0000002c   Code   RO         1040    i.isrMessagePut     RTX_CM4.lib(rt_cmsis.o)
    0x080015be   0x080015be   0x00000028   Code   RO         1041    i.isrSemaphoreRelease  RTX_CM4.lib(rt_cmsis.o)
    0x080015e6   0x080015e6   0x00000002   PAD
    0x080015e8   0x080015e8   0x00000056   Code   RO         2018    i.isr_mbx_receive   RTX_CM4.lib(rt_mailbox.o)
    0x0800163e   0x0800163e   0x0000000e   Code   RO         2019    i.isr_mbx_send      RTX_CM4.lib(rt_mailbox.o)
    0x0800164c   0x0800164c   0x00000010   Code   RO         2066    i.isr_sem_send      RTX_CM4.lib(rt_semaphore.o)
    0x0800165c   0x0800165c   0x00000024   Code   RO           12    i.main              main.o
    0x08001680   0x08001680   0x0000003c   Code   RO          161    i.multiplex_Thread  thread.o
    0x080016bc   0x080016bc   0x00000018   Code   RO         1043    i.osDelay           RTX_CM4.lib(rt_cmsis.o)
    0x080016d4   0x080016d4   0x00000024   Code   RO         1044    i.osKernelInitialize  RTX_CM4.lib(rt_cmsis.o)
    0x080016f8   0x080016f8   0x0000006c   Code   RO         1046    i.osKernelStart     RTX_CM4.lib(rt_cmsis.o)
    0x08001764   0x08001764   0x00000018   Code   RO         1055    i.osMessageGet      RTX_CM4.lib(rt_cmsis.o)
    0x0800177c   0x0800177c   0x0000002c   Code   RO         1065    i.osSemaphoreCreate  RTX_CM4.lib(rt_cmsis.o)
    0x080017a8   0x080017a8   0x00000018   Code   RO         1067    i.osSemaphoreRelease  RTX_CM4.lib(rt_cmsis.o)
    0x080017c0   0x080017c0   0x00000018   Code   RO         1068    i.osSemaphoreWait   RTX_CM4.lib(rt_cmsis.o)
    0x080017d8   0x080017d8   0x0000002c   Code   RO         1072    i.osThreadCreate    RTX_CM4.lib(rt_cmsis.o)
    0x08001804   0x08001804   0x00000018   Code   RO         1073    i.osThreadExit      RTX_CM4.lib(rt_cmsis.o)
    0x0800181c   0x0800181c   0x0000000c   Code   RO         1079    i.osTimerCall       RTX_CM4.lib(rt_cmsis.o)
    0x08001828   0x08001828   0x0000002c   Code   RO         1084    i.osTimerThread     RTX_CM4.lib(rt_cmsis.o)
    0x08001854   0x08001854   0x00000022   Code   RO          220    i.os_error          rtx_conf_cm.o
    0x08001876   0x08001876   0x00000004   Code   RO          221    i.os_idle_demon     rtx_conf_cm.o
    0x0800187a   0x0800187a   0x00000002   PAD
    0x0800187c   0x0800187c   0x00000028   Code   RO         1810    i.os_tick_init      RTX_CM4.lib(rt_system.o)
    0x080018a4   0x080018a4   0x00000002   Code   RO         1811    i.os_tick_irqack    RTX_CM4.lib(rt_system.o)
    0x080018a6   0x080018a6   0x0000001a   Code   RO         2131    i.rt_alloc_box      RTX_CM4.lib(rt_membox.o)
    0x080018c0   0x080018c0   0x0000003e   Code   RO         2159    i.rt_alloc_mem      RTX_CM4.lib(rt_memory.o)
    0x080018fe   0x080018fe   0x00000002   PAD
    0x08001900   0x08001900   0x00000038   Code   RO         1658    i.rt_block          RTX_CM4.lib(rt_task.o)
    0x08001938   0x08001938   0x00000048   Code   RO         2108    i.rt_chk_robin      RTX_CM4.lib(rt_robin.o)
    0x08001980   0x08001980   0x00000070   Code   RO         1942    i.rt_dec_dly        RTX_CM4.lib(rt_list.o)
    0x080019f0   0x080019f0   0x00000044   Code   RO         1659    i.rt_dispatch       RTX_CM4.lib(rt_task.o)
    0x08001a34   0x08001a34   0x00000006   Code   RO         1742    i.rt_dly_wait       RTX_CM4.lib(rt_time.o)
    0x08001a3a   0x08001a3a   0x00000002   PAD
    0x08001a3c   0x08001a3c   0x00000050   Code   RO         1903    i.rt_evt_psh        RTX_CM4.lib(rt_event.o)
    0x08001a8c   0x08001a8c   0x0000002c   Code   RO         2132    i.rt_free_box       RTX_CM4.lib(rt_membox.o)
    0x08001ab8   0x08001ab8   0x00000028   Code   RO         2160    i.rt_free_mem       RTX_CM4.lib(rt_memory.o)
    0x08001ae0   0x08001ae0   0x00000028   Code   RO         1943    i.rt_get_first      RTX_CM4.lib(rt_list.o)
    0x08001b08   0x08001b08   0x00000008   Code   RO         1089    i.rt_id2obj         RTX_CM4.lib(rt_cmsis.o)
    0x08001b10   0x08001b10   0x00000048   Code   RO         1660    i.rt_init_context   RTX_CM4.lib(rt_task.o)
    0x08001b58   0x08001b58   0x0000001a   Code   RO         2161    i.rt_init_mem       RTX_CM4.lib(rt_memory.o)
    0x08001b72   0x08001b72   0x00000002   PAD
    0x08001b74   0x08001b74   0x00000018   Code   RO         2109    i.rt_init_robin     RTX_CM4.lib(rt_robin.o)
    0x08001b8c   0x08001b8c   0x00000080   Code   RO         2186    i.rt_init_stack     RTX_CM4.lib(hal_cm.o)
    0x08001c0c   0x08001c0c   0x00000008   Code   RO         2020    i.rt_mbx_check      RTX_CM4.lib(rt_mailbox.o)
    0x08001c14   0x08001c14   0x0000001a   Code   RO         2021    i.rt_mbx_init       RTX_CM4.lib(rt_mailbox.o)
    0x08001c2e   0x08001c2e   0x00000002   PAD
    0x08001c30   0x08001c30   0x000000f0   Code   RO         2022    i.rt_mbx_psh        RTX_CM4.lib(rt_mailbox.o)
    0x08001d20   0x08001d20   0x000000b4   Code   RO         2024    i.rt_mbx_wait       RTX_CM4.lib(rt_mailbox.o)
    0x08001dd4   0x08001dd4   0x00000044   Code   RO         1090    i.rt_ms2tick        RTX_CM4.lib(rt_cmsis.o)
    0x08001e18   0x08001e18   0x000000d8   Code   RO         1777    i.rt_mut_release    RTX_CM4.lib(rt_mutex.o)
    0x08001ef0   0x08001ef0   0x00000078   Code   RO         1778    i.rt_mut_wait       RTX_CM4.lib(rt_mutex.o)
    0x08001f68   0x08001f68   0x0000007c   Code   RO         1814    i.rt_pop_req        RTX_CM4.lib(rt_system.o)
    0x08001fe4   0x08001fe4   0x00000020   Code   RO         1815    i.rt_psh_req        RTX_CM4.lib(rt_system.o)
    0x08002004   0x08002004   0x0000005c   Code   RO         1945    i.rt_psq_enq        RTX_CM4.lib(rt_list.o)
    0x08002060   0x08002060   0x00000048   Code   RO         1946    i.rt_put_dly        RTX_CM4.lib(rt_list.o)
    0x080020a8   0x080020a8   0x00000036   Code   RO         1947    i.rt_put_prio       RTX_CM4.lib(rt_list.o)
    0x080020de   0x080020de   0x00000002   PAD
    0x080020e0   0x080020e0   0x00000014   Code   RO         1948    i.rt_put_rdy_first  RTX_CM4.lib(rt_list.o)
    0x080020f4   0x080020f4   0x00000034   Code   RO         1949    i.rt_resort_prio    RTX_CM4.lib(rt_list.o)
    0x08002128   0x08002128   0x00000010   Code   RO         2187    i.rt_ret_regs       RTX_CM4.lib(hal_cm.o)
    0x08002138   0x08002138   0x0000000c   Code   RO         2188    i.rt_ret_val        RTX_CM4.lib(hal_cm.o)
    0x08002144   0x08002144   0x00000010   Code   RO         2189    i.rt_ret_val2       RTX_CM4.lib(hal_cm.o)
    0x08002154   0x08002154   0x00000028   Code   RO         1950    i.rt_rmv_dly        RTX_CM4.lib(rt_list.o)
    0x0800217c   0x0800217c   0x00000030   Code   RO         1951    i.rt_rmv_list       RTX_CM4.lib(rt_list.o)
    0x080021ac   0x080021ac   0x0000000c   Code   RO         2068    i.rt_sem_init       RTX_CM4.lib(rt_semaphore.o)
    0x080021b8   0x080021b8   0x00000034   Code   RO         2069    i.rt_sem_psh        RTX_CM4.lib(rt_semaphore.o)
    0x080021ec   0x080021ec   0x0000002a   Code   RO         2070    i.rt_sem_send       RTX_CM4.lib(rt_semaphore.o)
    0x08002216   0x08002216   0x00000002   PAD
    0x08002218   0x08002218   0x00000040   Code   RO         2071    i.rt_sem_wait       RTX_CM4.lib(rt_semaphore.o)
    0x08002258   0x08002258   0x00000024   Code   RO         1817    i.rt_stk_check      RTX_CM4.lib(rt_system.o)
    0x0800227c   0x0800227c   0x00000028   Code   RO         1661    i.rt_switch_req     RTX_CM4.lib(rt_task.o)
    0x080022a4   0x080022a4   0x000000cc   Code   RO         1662    i.rt_sys_init       RTX_CM4.lib(rt_task.o)
    0x08002370   0x08002370   0x00000078   Code   RO         1663    i.rt_sys_start      RTX_CM4.lib(rt_task.o)
    0x080023e8   0x080023e8   0x00000040   Code   RO         1819    i.rt_systick        RTX_CM4.lib(rt_system.o)
    0x08002428   0x08002428   0x00000012   Code   RO         1091    i.rt_tid2ptcb       RTX_CM4.lib(rt_cmsis.o)
    0x0800243a   0x0800243a   0x00000002   PAD
    0x0800243c   0x0800243c   0x00000034   Code   RO         1092    i.rt_timer_insert   RTX_CM4.lib(rt_cmsis.o)
    0x08002470   0x08002470   0x00000088   Code   RO         1664    i.rt_tsk_create     RTX_CM4.lib(rt_task.o)
    0x080024f8   0x080024f8   0x0000017c   Code   RO         1665    i.rt_tsk_delete     RTX_CM4.lib(rt_task.o)
    0x08002674   0x08002674   0x0000007c   Code   RO         1667    i.rt_tsk_prio       RTX_CM4.lib(rt_task.o)
    0x080026f0   0x080026f0   0x00000010   Code   RO         1668    i.rt_tsk_self       RTX_CM4.lib(rt_task.o)
    0x08002700   0x08002700   0x00000012   Code   RO         1094    i.svcDelay          RTX_CM4.lib(rt_cmsis.o)
    0x08002712   0x08002712   0x00000002   PAD
    0x08002714   0x08002714   0x00000070   Code   RO         1095    i.svcKernelInitialize  RTX_CM4.lib(rt_cmsis.o)
    0x08002784   0x08002784   0x00000048   Code   RO         1097    i.svcKernelStart    RTX_CM4.lib(rt_cmsis.o)
    0x080027cc   0x080027cc   0x00000024   Code   RO         1100    i.svcMessageCreate  RTX_CM4.lib(rt_cmsis.o)
    0x080027f0   0x080027f0   0x0000003a   Code   RO         1101    i.svcMessageGet     RTX_CM4.lib(rt_cmsis.o)
    0x0800282a   0x0800282a   0x00000024   Code   RO         1108    i.svcSemaphoreCreate  RTX_CM4.lib(rt_cmsis.o)
    0x0800284e   0x0800284e   0x00000028   Code   RO         1110    i.svcSemaphoreRelease  RTX_CM4.lib(rt_cmsis.o)
    0x08002876   0x08002876   0x00000032   Code   RO         1111    i.svcSemaphoreWait  RTX_CM4.lib(rt_cmsis.o)
    0x080028a8   0x080028a8   0x0000006c   Code   RO         1115    i.svcThreadCreate   RTX_CM4.lib(rt_cmsis.o)
    0x08002914   0x08002914   0x0000001c   Code   RO         1116    i.svcThreadGetId    RTX_CM4.lib(rt_cmsis.o)
    0x08002930   0x08002930   0x00000038   Code   RO         1119    i.svcThreadTerminate  RTX_CM4.lib(rt_cmsis.o)
    0x08002968   0x08002968   0x00000018   Code   RO         1121    i.svcTimerCall      RTX_CM4.lib(rt_cmsis.o)
    0x08002980   0x08002980   0x0000005c   Code   RO         1130    i.sysTimerTick      RTX_CM4.lib(rt_cmsis.o)
    0x080029dc   0x080029dc   0x0000000a   Code   RO         2385    x$fpl$fpinit        fz_wm.l(fpinit.o)
    0x080029e6   0x080029e6   0x00000002   PAD
    0x080029e8   0x080029e8   0x00000018   Data   RO          162    .constdata          thread.o
    0x08002a00   0x08002a00   0x00000068   Data   RO          223    .constdata          rtx_conf_cm.o
    0x08002a68   0x08002a68   0x00000018   Data   RO         1004    .constdata          system_stm32f7xx.o
    0x08002a80   0x08002a80   0x00000020   Data   RO         2419    Region$$Table       anon$$obj.o


    Execution Region RW_IRAM2 (Exec base: 0x20000000, Load base: 0x08002b10, Size: 0x00000000, Max: 0x00010000, ABSOLUTE)

    **** No section assigned to this execution region ****


    Execution Region RW_IRAM1 (Exec base: 0x20010000, Load base: 0x08002aa0, Size: 0x00001300, Max: 0x00040000, ABSOLUTE)

    Exec Addr    Load Addr    Size         Type   Attr      Idx    E Section Name        Object

    0x20010000   0x08002aa0   0x00000030   Data   RW          163    .data               thread.o
    0x20010030   0x08002ad0   0x00000014   Data   RW          224    .data               rtx_conf_cm.o
    0x20010044   0x08002ae4   0x00000004   Data   RW         1005    .data               system_stm32f7xx.o
    0x20010048   0x08002ae8   0x00000008   Data   RW         1133    .data               RTX_CM4.lib(rt_cmsis.o)
    0x20010050   0x08002af0   0x00000008   Data   RW         1670    .data               RTX_CM4.lib(rt_task.o)
    0x20010058   0x08002af8   0x00000004   Data   RW         1746    .data               RTX_CM4.lib(rt_time.o)
    0x2001005c   0x08002afc   0x00000008   Data   RW         1822    .data               RTX_CM4.lib(rt_system.o)
    0x20010064   0x08002b04   0x00000008   Data   RW         2110    .data               RTX_CM4.lib(rt_robin.o)
    0x2001006c   0x08002b0c   0x00000001   Data   RW         2190    .data               RTX_CM4.lib(hal_cm.o)
    0x2001006d   0x08002b0d   0x00000003   PAD
    0x20010070        -       0x00000bc8   Zero   RW          222    .bss                rtx_conf_cm.o
    0x20010c38        -       0x00000034   Zero   RW         1669    .bss                RTX_CM4.lib(rt_task.o)
    0x20010c6c        -       0x00000030   Zero   RW         1952    .bss                RTX_CM4.lib(rt_list.o)
    0x20010c9c        -       0x00000060   Zero   RW         2252    .bss                c_w.l(libspace.o)
    0x20010cfc   0x08002b0d   0x00000004   PAD
    0x20010d00        -       0x00000200   Zero   RW          993    HEAP                startup_stm32f746xx.o
    0x20010f00        -       0x00000400   Zero   RW          992    STACK               startup_stm32f746xx.o


==============================================================================

Image component sizes


      Code (inc. data)   RO Data    RW Data    ZI Data      Debug   Object Name

       670         40          0          0          0     787900   main.o
       126         26        104         20       3016       9219   rtx_conf_cm.o
        64         26        456          0       1536        848   startup_stm32f746xx.o
        82         10          0          0          0       1820   stm32f7xx_hal.o
       472         38          0          0          0      40964   stm32f7xx_hal_cortex.o
       548         52          0          0          0       2576   stm32f7xx_hal_gpio.o
       144          8          0          0          0       1392   stm32f7xx_hal_pwr_ex.o
      1872         40          0          0          0       3972   stm32f7xx_hal_rcc.o
       100         18         24          4          0       1303   system_stm32f7xx.o
       208         42         24         48          0       3105   thread.o

    ----------------------------------------------------------------------
      4292        300        640         72       4552     853099   Object Totals
         0          0         32          0          0          0   (incl. Generated)
         6          0          0          0          0          0   (incl. Padding)

    ----------------------------------------------------------------------

      Code (inc. data)   RO Data    RW Data    ZI Data      Debug   Library Member Name

       268         24          0          1          0       4524   hal_cm.o
       408         34          0          0          0        824   hal_cm4.o
      1410        162          0          8          0      40585   rt_cmsis.o
        80          4          0          0          0        709   rt_event.o
       530         34          0          0         48       8685   rt_list.o
       554         10          0          0          0       4237   rt_mailbox.o
       140          0          0          0          0       2069   rt_membox.o
       128          0          0          0          0       2451   rt_memory.o
       336         14          0          0          0       1739   rt_mutex.o
        96         22          0          8          0       1254   rt_robin.o
       186         10          0          0          0       3142   rt_semaphore.o
       298         52          0          8          0       6511   rt_system.o
      1216        174          0          8         52      10129   rt_task.o
         6          0          0          4          0        700   rt_time.o
         4          4          0          0          0        208   svc_table.o
         8          0          0          0          0         68   __main.o
         0          0          0          0          0          0   __rtentry.o
        20          0          0          0          0          0   __rtentry2.o
         6          0          0          0          0          0   __rtentry4.o
        52          8          0          0          0          0   __scatter.o
        26          0          0          0          0          0   __scatter_copy.o
        28          0          0          0          0          0   __scatter_zi.o
        18          0          0          0          0         80   exit.o
         6          0          0          0          0        152   heapauxi.o
         0          0          0          0          0          0   indicate_semi.o
         2          0          0          0          0          0   libinit.o
         6          0          0          0          0          0   libinit2.o
         2          0          0          0          0          0   libshutdown.o
         2          0          0          0          0          0   libshutdown2.o
         8          4          0          0         96         68   libspace.o
         2          0          0          0          0          0   rtexit.o
        10          0          0          0          0          0   rtexit2.o
        12          4          0          0          0         68   sys_exit.o
        74          0          0          0          0         80   sys_stackheap_outer.o
         2          0          0          0          0         68   use_no_semi.o
        10          0          0          0          0        116   fpinit.o

    ----------------------------------------------------------------------
      5980        560          0         40        200      88467   Library Totals
        26          0          0          3          4          0   (incl. Padding)

    ----------------------------------------------------------------------

      Code (inc. data)   RO Data    RW Data    ZI Data      Debug   Library Name

      5660        544          0         37        100      87767   RTX_CM4.lib
       284         16          0          0         96        584   c_w.l
        10          0          0          0          0        116   fz_wm.l

    ----------------------------------------------------------------------
      5980        560          0         40        200      88467   Library Totals

    ----------------------------------------------------------------------

==============================================================================


      Code (inc. data)   RO Data    RW Data    ZI Data      Debug   

     10272        860        640        112       4752     930110   Grand Totals
     10272        860        640        112       4752     930110   ELF Image Totals
     10272        860        640        112          0          0   ROM Totals

==============================================================================

    Total RO  Size (Code + RO Data)                10912 (  10.66kB)
    Total RW  Size (RW Data + ZI Data)              4864 (   4.75kB)
    Total ROM Size (Code + RO Data + RW Data)      11024 (  10.77kB)

==============================================================================

