Component: ARM Compiler 5.06 update 6 (build 750) Tool: armlink [4d35ed]

==============================================================================

Section Cross References

    main.o(i.CPU_CACHE_Enable) refers to main.o(i.SCB_EnableICache) for SCB_EnableICache
    main.o(i.CPU_CACHE_Enable) refers to main.o(i.SCB_EnableDCache) for SCB_EnableDCache
    main.o(i.GPIO_Init) refers to stm32f7xx_hal_gpio.o(i.HAL_GPIO_Init) for HAL_GPIO_Init
    main.o(i.HAL_GetTick) refers to rt_time.o(.data) for os_time
    main.o(i.MPU_Config) refers to stm32f7xx_hal_cortex.o(i.HAL_MPU_Disable) for HAL_MPU_Disable
    main.o(i.MPU_Config) refers to stm32f7xx_hal_cortex.o(i.HAL_MPU_ConfigRegion) for HAL_MPU_ConfigRegion
    main.o(i.MPU_Config) refers to stm32f7xx_hal_cortex.o(i.HAL_MPU_Enable) for HAL_MPU_Enable
    main.o(i.SystemClock_Config) refers to stm32f7xx_hal_rcc.o(i.HAL_RCC_OscConfig) for HAL_RCC_OscConfig
    main.o(i.SystemClock_Config) refers to main.o(i.Error_Handler) for Error_Handler
    main.o(i.SystemClock_Config) refers to stm32f7xx_hal_pwr_ex.o(i.HAL_PWREx_EnableOverDrive) for HAL_PWREx_EnableOverDrive
    main.o(i.SystemClock_Config) refers to stm32f7xx_hal_rcc.o(i.HAL_RCC_ClockConfig) for HAL_RCC_ClockConfig
    main.o(i.main) refers to main.o(i.MPU_Config) for MPU_Config
    main.o(i.main) refers to main.o(i.CPU_CACHE_Enable) for CPU_CACHE_Enable
    main.o(i.main) refers to rt_cmsis.o(i.osKernelInitialize) for osKernelInitialize
    main.o(i.main) refers to stm32f7xx_hal.o(i.HAL_Init) for HAL_Init
    main.o(i.main) refers to main.o(i.SystemClock_Config) for SystemClock_Config
    main.o(i.main) refers to main.o(i.GPIO_Init) for GPIO_Init
    main.o(i.main) refers to thread.o(i.Create) for Create
    main.o(i.main) refers to rt_cmsis.o(i.osKernelStart) for osKernelStart
    mutex.o(i.Init_Mutex) refers to rt_cmsis.o(i.osMutexCreate) for osMutexCreate
    mutex.o(i.Init_Mutex) refers to rt_cmsis.o(i.osThreadCreate) for osThreadCreate
    mutex.o(i.Init_Mutex) refers to mutex.o(.constdata) for os_mutex_def_SampleMutex
    mutex.o(i.Init_Mutex) refers to mutex.o(.data) for mid_Thread_Mutex
    mutex.o(i.Thread_Mutex) refers to rt_cmsis.o(i.osMutexWait) for osMutexWait
    mutex.o(i.Thread_Mutex) refers to rt_cmsis.o(i.osMutexRelease) for osMutexRelease
    mutex.o(i.Thread_Mutex) refers to rt_cmsis.o(i.osThreadYield) for osThreadYield
    mutex.o(i.Thread_Mutex) refers to mutex.o(.data) for mid_Thread_Mutex
    mutex.o(.constdata) refers to mutex.o(i.Thread_Mutex) for Thread_Mutex
    mutex.o(.constdata) refers to mutex.o(.bss) for os_mutex_cb_SampleMutex
    semaphore.o(i.Init_Semaphore) refers to rt_cmsis.o(i.osSemaphoreCreate) for osSemaphoreCreate
    semaphore.o(i.Init_Semaphore) refers to rt_cmsis.o(i.osThreadCreate) for osThreadCreate
    semaphore.o(i.Init_Semaphore) refers to semaphore.o(.constdata) for os_semaphore_def_SampleSemaphore
    semaphore.o(i.Init_Semaphore) refers to semaphore.o(.data) for sid_Thread_Semaphore
    semaphore.o(i.Thread_Semaphore) refers to rt_cmsis.o(i.osSemaphoreWait) for osSemaphoreWait
    semaphore.o(i.Thread_Semaphore) refers to rt_cmsis.o(i.osSemaphoreRelease) for osSemaphoreRelease
    semaphore.o(i.Thread_Semaphore) refers to rt_cmsis.o(i.osThreadYield) for osThreadYield
    semaphore.o(i.Thread_Semaphore) refers to semaphore.o(.data) for sid_Thread_Semaphore
    semaphore.o(.constdata) refers to semaphore.o(i.Thread_Semaphore) for Thread_Semaphore
    semaphore.o(.constdata) refers to semaphore.o(.data) for os_semaphore_cb_SampleSemaphore
    mailqueue.o(i.Init_MailQueue) refers to rt_cmsis.o(i.osMailCreate) for osMailCreate
    mailqueue.o(i.Init_MailQueue) refers to rt_cmsis.o(i.osThreadCreate) for osThreadCreate
    mailqueue.o(i.Init_MailQueue) refers to mailqueue.o(.constdata) for os_mailQ_def_MailQueue
    mailqueue.o(i.Init_MailQueue) refers to mailqueue.o(.data) for qid_MailQueue
    mailqueue.o(i.Thread_MailQueue1) refers to rt_cmsis.o(i.osMailAlloc) for osMailAlloc
    mailqueue.o(i.Thread_MailQueue1) refers to rt_cmsis.o(i.osMailPut) for osMailPut
    mailqueue.o(i.Thread_MailQueue1) refers to rt_cmsis.o(i.osThreadYield) for osThreadYield
    mailqueue.o(i.Thread_MailQueue1) refers to mailqueue.o(.data) for qid_MailQueue
    mailqueue.o(i.Thread_MailQueue2) refers to rt_cmsis.o(i.osMailGet) for osMailGet
    mailqueue.o(i.Thread_MailQueue2) refers to rt_cmsis.o(i.osMailFree) for osMailFree
    mailqueue.o(i.Thread_MailQueue2) refers to mailqueue.o(.data) for qid_MailQueue
    mailqueue.o(.constdata) refers to mailqueue.o(i.Thread_MailQueue1) for Thread_MailQueue1
    mailqueue.o(.constdata) refers to mailqueue.o(i.Thread_MailQueue2) for Thread_MailQueue2
    mailqueue.o(.constdata) refers to mailqueue.o(.data) for os_mailQ_p_MailQueue
    mailqueue.o(.data) refers to mailqueue.o(.bss) for os_mailQ_q_MailQueue
    timer.o(i.Init_Timers) refers to rt_cmsis.o(i.osTimerCreate) for osTimerCreate
[...]
    C:\\Keil_v5\\ARM\\PACK\\Keil\\STM32F7xx_DFP\\2.9.0\\MDK\\Boards\\ST\\STM32756G_EVAL\\Common\\LED_756G_EVAL.c 0x00000000   Number         0  led_756g_eval.o ABSOLUTE
    HAL_CM4.c                                0x00000000   Number         0  hal_cm4.o ABSOLUTE
    HAL_CM4.c                                0x00000000   Number         0  hal_cm4.o ABSOLUTE
    MailQueue.c                              0x00000000   Number         0  mailqueue.o ABSOLUTE
    Mutex.c                                  0x00000000   Number         0  mutex.o ABSOLUTE
    RTE\CMSIS\RTX_Conf_CM.c                  0x00000000   Number         0  rtx_conf_cm.o ABSOLUTE
    RTE\Device\STM32F746NGHx\startup_stm32f746xx.s 0x00000000   Number         0  startup_stm32f746xx.o ABSOLUTE
    RTE\Device\STM32F746NGHx\system_stm32f7xx.c 0x00000000   Number         0  system_stm32f7xx.o ABSOLUTE
    RTE\\CMSIS\\RTX_Conf_CM.c                0x00000000   Number         0  rtx_conf_cm.o ABSOLUTE
    RTE\\Device\\STM32F746NGHx\\system_stm32f7xx.c 0x00000000   Number         0  system_stm32f7xx.o ABSOLUTE
    SVC_Table.s                              0x00000000   Number         0  svc_table.o ABSOLUTE
    Semaphore.c                              0x00000000   Number         0  semaphore.o ABSOLUTE
    Thread.c                                 0x00000000   Number         0  thread.o ABSOLUTE
    Thread.c                                 0x00000000   Number         0  thread.o ABSOLUTE
    Timer.c                                  0x00000000   Number         0  timer.o ABSOLUTE
    dc.s                                     0x00000000   Number         0  dc.o ABSOLUTE
    main.c                                   0x00000000   Number         0  main.o ABSOLUTE
    main.c                                   0x00000000   Number         0  main.o ABSOLUTE
    RESET                                    0x08000000   Section      456  startup_stm32f746xx.o(RESET)
    !!!main                                  0x080001c8   Section        8  __main.o(!!!main)
    !!!scatter                               0x080001d0   Section       52  __scatter.o(!!!scatter)
    !!handler_copy                           0x08000204   Section       26  __scatter_copy.o(!!handler_copy)
    !!handler_zi                             0x08000220   Section       28  __scatter_zi.o(!!handler_zi)
    .ARM.Collect$$libinit$$00000000          0x0800023c   Section        2  libinit.o(.ARM.Collect$$libinit$$00000000)
    .ARM.Collect$$libinit$$00000001          0x0800023e   Section        4  libinit2.o(.ARM.Collect$$libinit$$00000001)
    .ARM.Collect$$libinit$$00000004          0x08000242   Section        0  libinit2.o(.ARM.Collect$$libinit$$00000004)
    .ARM.Collect$$libinit$$0000000A          0x08000242   Section        0  libinit2.o(.ARM.Collect$$libinit$$0000000A)
    .ARM.Collect$$libinit$$0000000C          0x08000242   Section        0  libinit2.o(.ARM.Collect$$libinit$$0000000C)
    .ARM.Collect$$libinit$$0000000E          0x08000242   Section        0  libinit2.o(.ARM.Collect$$libinit$$0000000E)
    .ARM.Collect$$libinit$$00000011          0x08000242   Section        0  libinit2.o(.ARM.Collect$$libinit$$00000011)
    .ARM.Collect$$libinit$$00000013          0x08000242   Section        0  libinit2.o(.ARM.Collect$$libinit$$00000013)
    .ARM.Collect$$libinit$$00000015          0x08000242   Section        0  libinit2.o(.ARM.Collect$$libinit$$00000015)
    .ARM.Collect$$libinit$$00000017          0x08000242   Section        0  libinit2.o(.ARM.Collect$$libinit$$00000017)
    .ARM.Collect$$libinit$$00000019          0x08000242   Section        0  libinit2.o(.ARM.Collect$$libinit$$00000019)
    .ARM.Collect$$libinit$$0000001B          0x08000242   Section        0  libinit2.o(.ARM.Collect$$libinit$$0000001B)
    .ARM.Collect$$libinit$$0000001D          0x08000242   Section        0  libinit2.o(.ARM.Collect$$libinit$$0000001D)
    .ARM.Collect$$libinit$$0000001F          0x08000242   Section        0  libinit2.o(.ARM.Collect$$libinit$$0000001F)
    .ARM.Collect$$libinit$$00000021          0x08000242   Section        0  libinit2.o(.ARM.Collect$$libinit$$00000021)
    .ARM.Collect$$libinit$$00000023          0x08000242   Section        0  libinit2.o(.ARM.Collect$$libinit$$00000023)
    .ARM.Collect$$libinit$$00000025          0x08000242   Section        0  libinit2.o(.ARM.Collect$$libinit$$00000025)
    .ARM.Collect$$libinit$$0000002C          0x08000242   Section        0  libinit2.o(.ARM.Collect$$libinit$$0000002C)
    .ARM.Collect$$libinit$$0000002E          0x08000242   Section        0  libinit2.o(.ARM.Collect$$libinit$$0000002E)
    .ARM.Collect$$libinit$$00000030          0x08000242   Section        0  libinit2.o(.ARM.Collect$$libinit$$00000030)
    .ARM.Collect$$libinit$$00000032          0x08000242   Section        0  libinit2.o(.ARM.Collect$$libinit$$00000032)
    .ARM.Collect$$libinit$$00000033          0x08000242   Section        2  libinit2.o(.ARM.Collect$$libinit$$00000033)
    .ARM.Collect$$libshutdown$$00000000      0x08000244   Section        2  libshutdown.o(.ARM.Collect$$libshutdown$$00000000)
    .ARM.Collect$$libshutdown$$00000002      0x08000246   Section        0  libshutdown2.o(.ARM.Collect$$libshutdown$$00000002)
    .ARM.Collect$$libshutdown$$00000004      0x08000246   Section        0  libshutdown2.o(.ARM.Collect$$libshutdown$$00000004)
    .ARM.Collect$$libshutdown$$00000007      0x08000246   Section        0  libshutdown2.o(.ARM.Collect$$libshutdown$$00000007)
    .ARM.Collect$$libshutdown$$0000000A      0x08000246   Section        0  libshutdown2.o(.ARM.Collect$$libshutdown$$0000000A)
    .ARM.Collect$$libshutdown$$0000000C      0x08000246   Section        0  libshutdown2.o(.ARM.Collect$$libshutdown$$0000000C)
    .ARM.Collect$$libshutdown$$0000000F      0x08000246   Section        0  libshutdown2.o(.ARM.Collect$$libshutdown$$0000000F)
    .ARM.Collect$$libshutdown$$00000010      0x08000246   Section        2  libshutdown2.o(.ARM.Collect$$libshutdown$$00000010)
    .ARM.Collect$$rtentry$$00000000          0x08000248   Section        0  __rtentry.o(.ARM.Collect$$rtentry$$00000000)
    .ARM.Collect$$rtentry$$00000002          0x08000248   Section        0  __rtentry2.o(.ARM.Collect$$rtentry$$00000002)
    .ARM.Collect$$rtentry$$00000004          0x08000248   Section        6  __rtentry4.o(.ARM.Collect$$rtentry$$00000004)
    .ARM.Collect$$rtentry$$00000009          0x0800024e   Section        0  __rtentry2.o(.ARM.Collect$$rtentry$$00000009)
    .ARM.Collect$$rtentry$$0000000A          0x0800024e   Section        4  __rtentry2.o(.ARM.Collect$$rtentry$$0000000A)
    .ARM.Collect$$rtentry$$0000000B          0x08000252   Section        8  __rtentry2.o(.ARM.Collect$$rtentry$$0000000B)
    .ARM.Collect$$rtentry$$0000000D          0x0800025a   Section        8  __rtentry2.o(.ARM.Collect$$rtentry$$0000000D)
    .ARM.Collect$$rtexit$$00000000           0x08000262   Section        2  rtexit.o(.ARM.Collect$$rtexit$$00000000)
    .ARM.Collect$$rtexit$$00000002           0x08000264   Section        0  rtexit2.o(.ARM.Collect$$rtexit$$00000002)
    .ARM.Collect$$rtexit$$00000003           0x08000264   Section        4  rtexit2.o(.ARM.Collect$$rtexit$$00000003)
    .ARM.Collect$$rtexit$$00000004           0x08000268   Section        6  rtexit2.o(.ARM.Collect$$rtexit$$00000004)
    .emb_text                                0x08000270   Section       28  rtx_conf_cm.o(.emb_text)
    $v0                                      0x08000270   Number         0  rtx_conf_cm.o(.emb_text)
    .emb_text                                0x0800028c   Section      408  hal_cm4.o(.emb_text)
    $v0                                      0x0800028c   Number         0  hal_cm4.o(.emb_text)
    .text                                    0x08000424   Section       64  startup_stm32f746xx.o(.text)
    $v0                                      0x08000424   Number         0  startup_stm32f746xx.o(.text)
    .text                                    0x08000464   Section        8  libspace.o(.text)
    .text                                    0x0800046c   Section        0  exit.o(.text)
    .text                                    0x0800047e   Section        0  heapauxi.o(.text)
    .text                                    0x08000484   Section        0  sys_exit.o(.text)
    .text                                    0x08000490   Section       74  sys_stackheap_outer.o(.text)
    .text                                    0x080004da   Section        2  use_no_semi.o(.text)
    .text                                    0x080004dc   Section        0  indicate_semi.o(.text)
    SVC_TABLE                                0x080004dc   Section        4  svc_table.o(SVC_TABLE)
    i.CPU_CACHE_Enable                       0x080004e0   Section        0  main.o(i.CPU_CACHE_Enable)
    CPU_CACHE_Enable                         0x080004e1   Thumb Code    12  main.o(i.CPU_CACHE_Enable)
    i.Create                                 0x080004ec   Section        0  thread.o(i.Create)
    i.Error_Handler                          0x0800052c   Section        0  main.o(i.Error_Handler)
    Error_Handler                            0x0800052d   Thumb Code     4  main.o(i.Error_Handler)
    i.GPIO_Init                              0x08000530   Section        0  main.o(i.GPIO_Init)
    GPIO_Init                                0x08000531   Thumb Code   130  main.o(i.GPIO_Init)
    i.HAL_GPIO_Init                          0x080005c0   Section        0  stm32f7xx_hal_gpio.o(i.HAL_GPIO_Init)
    i.HAL_GPIO_WritePin                      0x080007d8   Section        0  stm32f7xx_hal_gpio.o(i.HAL_GPIO_WritePin)
    i.HAL_GetTick                            0x080007e4   Section        0  main.o(i.HAL_GetTick)
    i.HAL_Init                               0x080007f0   Section        0  stm32f7xx_hal.o(i.HAL_Init)
    i.HAL_InitTick                           0x08000818   Section        0  stm32f7xx_hal.o(i.HAL_InitTick)
    i.HAL_MPU_ConfigRegion                   0x08000840   Section        0  stm32f7xx_hal_cortex.o(i.HAL_MPU_ConfigRegion)
    i.HAL_MPU_Disable                        0x0800089c   Section        0  stm32f7xx_hal_cortex.o(i.HAL_MPU_Disable)
    i.HAL_MPU_Enable                         0x080008c8   Section        0  stm32f7xx_hal_cortex.o(i.HAL_MPU_Enable)
    i.HAL_MspInit                            0x08000908   Section        0  stm32f7xx_hal.o(i.HAL_MspInit)
    i.HAL_NVIC_SetPriority                   0x0800090a   Section        0  stm32f7xx_hal_cortex.o(i.HAL_NVIC_SetPriority)
    i.HAL_NVIC_SetPriorityGrouping           0x08000988   Section        0  stm32f7xx_hal_cortex.o(i.HAL_NVIC_SetPriorityGrouping)
    i.HAL_PWREx_EnableOverDrive              0x080009b0   Section        0  stm32f7xx_hal_pwr_ex.o(i.HAL_PWREx_EnableOverDrive)
    i.HAL_RCC_ClockConfig                    0x08000a40   Section        0  stm32f7xx_hal_rcc.o(i.HAL_RCC_ClockConfig)
    i.HAL_RCC_GetSysClockFreq                0x08000bf4   Section        0  stm32f7xx_hal_rcc.o(i.HAL_RCC_GetSysClockFreq)
    i.HAL_RCC_OscConfig                      0x08000ca8   Section        0  stm32f7xx_hal_rcc.o(i.HAL_RCC_OscConfig)
    i.HAL_SYSTICK_Config                     0x08001190   Section        0  stm32f7xx_hal_cortex.o(i.HAL_SYSTICK_Config)
    i.MPU_Config                             0x080011c4   Section        0  main.o(i.MPU_Config)
    MPU_Config                               0x080011c5   Thumb Code    72  main.o(i.MPU_Config)
    i.SCB_EnableDCache                       0x08001210   Section        0  main.o(i.SCB_EnableDCache)
    SCB_EnableDCache                         0x08001211   Thumb Code   148  main.o(i.SCB_EnableDCache)
    i.SCB_EnableICache                       0x080012ac   Section        0  main.o(i.SCB_EnableICache)
    SCB_EnableICache                         0x080012ad   Thumb Code   116  main.o(i.SCB_EnableICache)
    i.SystemClock_Config                     0x08001328   Section        0  main.o(i.SystemClock_Config)
    SystemClock_Config                       0x08001329   Thumb Code   106  main.o(i.SystemClock_Config)
    i.SystemInit                             0x08001394   Section        0  system_stm32f7xx.o(i.SystemInit)
    i.__NVIC_GetPriorityGrouping             0x080013f8   Section        0  stm32f7xx_hal_cortex.o(i.__NVIC_GetPriorityGrouping)
    __NVIC_GetPriorityGrouping               0x080013f9   Thumb Code    10  stm32f7xx_hal_cortex.o(i.__NVIC_GetPriorityGrouping)
    i.__NVIC_SetPriority                     0x08001408   Section        0  stm32f7xx_hal_cortex.o(i.__NVIC_SetPriority)
    __NVIC_SetPriority                       0x08001409   Thumb Code    32  stm32f7xx_hal_cortex.o(i.__NVIC_SetPriority)
    i._init_box                              0x08001430   Section        0  rt_membox.o(i._init_box)
    i._mutex_acquire                         0x08001478   Section        0  rtx_conf_cm.o(i._mutex_acquire)
    __tagsym$$used                           0x08001479   Number         0  rtx_conf_cm.o(i._mutex_acquire)
    i._mutex_release                         0x08001498   Section        0  rtx_conf_cm.o(i._mutex_release)
    __tagsym$$used                           0x08001499   Number         0  rtx_conf_cm.o(i._mutex_release)
    i.dbg_init                               0x080014b4   Section        0  hal_cm.o(i.dbg_init)
    i.dbg_task_notify                        0x080014e4   Section        0  hal_cm.o(i.dbg_task_notify)
    i.dbg_task_switch                        0x08001504   Section        0  hal_cm.o(i.dbg_task_switch)
    i.isrMessageGet                          0x08001514   Section        0  rt_cmsis.o(i.isrMessageGet)
    i.isrMessagePut                          0x0800153e   Section        0  rt_cmsis.o(i.isrMessagePut)
    i.isrSemaphoreRelease                    0x0800156a   Section        0  rt_cmsis.o(i.isrSemaphoreRelease)
    i.isr_mbx_receive                        0x08001594   Section        0  rt_mailbox.o(i.isr_mbx_receive)
    i.isr_mbx_send                           0x080015ea   Section        0  rt_mailbox.o(i.isr_mbx_send)
    i.isr_sem_send                           0x080015f8   Section        0  rt_semaphore.o(i.isr_sem_send)
    i.led_Thread1                            0x08001608   Section        0  thread.o(i.led_Thread1)
    i.led_Thread2                            0x0800163c   Section        0  thread.o(i.led_Thread2)
    i.main                                   0x08001674   Section        0  main.o(i.main)
    i.osDelay                                0x08001698   Section        0  rt_cmsis.o(i.osDelay)
    i.osKernelInitialize                     0x080016b0   Section        0  rt_cmsis.o(i.osKernelInitialize)
    i.osKernelStart                          0x080016d4   Section        0  rt_cmsis.o(i.osKernelStart)
    i.osMessageGet                           0x08001740   Section        0  rt_cmsis.o(i.osMessageGet)
    i.osSemaphoreCreate                      0x08001758   Section        0  rt_cmsis.o(i.osSemaphoreCreate)
    i.osSemaphoreRelease                     0x08001784   Section        0  rt_cmsis.o(i.osSemaphoreRelease)
    i.osSemaphoreWait                        0x0800179c   Section        0  rt_cmsis.o(i.osSemaphoreWait)
    i.osThreadCreate                         0x080017b4   Section        0  rt_cmsis.o(i.osThreadCreate)
    i.osThreadExit                           0x080017e0   Section        0  rt_cmsis.o(i.osThreadExit)
    i.osTimerCall                            0x080017f8   Section        0  rt_cmsis.o(i.osTimerCall)
    i.osTimerThread                          0x08001804   Section        0  rt_cmsis.o(i.osTimerThread)
    i.os_error                               0x08001830   Section        0  rtx_conf_cm.o(i.os_error)
    i.os_idle_demon                          0x08001852   Section        0  rtx_conf_cm.o(i.os_idle_demon)
    i.os_tick_init                           0x08001858   Section        0  rt_system.o(i.os_tick_init)
    i.os_tick_irqack                         0x08001880   Section        0  rt_system.o(i.os_tick_irqack)
    i.rt_alloc_box                           0x08001882   Section        0  rt_membox.o(i.rt_alloc_box)
    i.rt_alloc_mem                           0x0800189c   Section        0  rt_memory.o(i.rt_alloc_mem)
    i.rt_block                               0x080018dc   Section        0  rt_task.o(i.rt_block)
    i.rt_chk_robin                           0x08001914   Section        0  rt_robin.o(i.rt_chk_robin)
    i.rt_dec_dly                             0x0800195c   Section        0  rt_list.o(i.rt_dec_dly)
    i.rt_dispatch                            0x080019cc   Section        0  rt_task.o(i.rt_dispatch)
    i.rt_dly_wait                            0x08001a10   Section        0  rt_time.o(i.rt_dly_wait)
    i.rt_evt_psh                             0x08001a18   Section        0  rt_event.o(i.rt_evt_psh)
    i.rt_free_box                            0x08001a68   Section        0  rt_membox.o(i.rt_free_box)
    i.rt_free_mem                            0x08001a94   Section        0  rt_memory.o(i.rt_free_mem)
    i.rt_get_first                           0x08001abc   Section        0  rt_list.o(i.rt_get_first)
    i.rt_id2obj                              0x08001ae4   Section        0  rt_cmsis.o(i.rt_id2obj)
    rt_id2obj                                0x08001ae5   Thumb Code     8  rt_cmsis.o(i.rt_id2obj)
    i.rt_init_context                        0x08001aec   Section        0  rt_task.o(i.rt_init_context)
    rt_init_context                          0x08001aed   Thumb Code    66  rt_task.o(i.rt_init_context)
    i.rt_init_mem                            0x08001b34   Section        0  rt_memory.o(i.rt_init_mem)
    i.rt_init_robin                          0x08001b50   Section        0  rt_robin.o(i.rt_init_robin)
    i.rt_init_stack                          0x08001b68   Section        0  hal_cm.o(i.rt_init_stack)
    i.rt_mbx_check                           0x08001be8   Section        0  rt_mailbox.o(i.rt_mbx_check)
    i.rt_mbx_init                            0x08001bf0   Section        0  rt_mailbox.o(i.rt_mbx_init)
    i.rt_mbx_psh                             0x08001c0c   Section        0  rt_mailbox.o(i.rt_mbx_psh)
    i.rt_mbx_wait                            0x08001cfc   Section        0  rt_mailbox.o(i.rt_mbx_wait)
    i.rt_ms2tick                             0x08001db0   Section        0  rt_cmsis.o(i.rt_ms2tick)
    rt_ms2tick                               0x08001db1   Thumb Code    58  rt_cmsis.o(i.rt_ms2tick)
    i.rt_mut_release                         0x08001df4   Section        0  rt_mutex.o(i.rt_mut_release)
    i.rt_mut_wait                            0x08001ecc   Section        0  rt_mutex.o(i.rt_mut_wait)
    i.rt_pop_req                             0x08001f44   Section        0  rt_system.o(i.rt_pop_req)
    i.rt_psh_req                             0x08001fc0   Section        0  rt_system.o(i.rt_psh_req)
    i.rt_psq_enq                             0x08001fe0   Section        0  rt_list.o(i.rt_psq_enq)
    i.rt_put_dly                             0x0800203c   Section        0  rt_list.o(i.rt_put_dly)
    i.rt_put_prio                            0x08002084   Section        0  rt_list.o(i.rt_put_prio)
    i.rt_put_rdy_first                       0x080020bc   Section        0  rt_list.o(i.rt_put_rdy_first)
    i.rt_resort_prio                         0x080020d0   Section        0  rt_list.o(i.rt_resort_prio)
    i.rt_ret_regs                            0x08002104   Section        0  hal_cm.o(i.rt_ret_regs)
    rt_ret_regs                              0x08002105   Thumb Code    16  hal_cm.o(i.rt_ret_regs)
    i.rt_ret_val                             0x08002114   Section        0  hal_cm.o(i.rt_ret_val)
    i.rt_ret_val2                            0x08002120   Section        0  hal_cm.o(i.rt_ret_val2)
    i.rt_rmv_dly                             0x08002130   Section        0  rt_list.o(i.rt_rmv_dly)
    i.rt_rmv_list                            0x08002158   Section        0  rt_list.o(i.rt_rmv_list)
    i.rt_sem_init                            0x08002188   Section        0  rt_semaphore.o(i.rt_sem_init)
    i.rt_sem_psh                             0x08002194   Section        0  rt_semaphore.o(i.rt_sem_psh)
    i.rt_sem_send                            0x080021c8   Section        0  rt_semaphore.o(i.rt_sem_send)
    i.rt_sem_wait                            0x080021f4   Section        0  rt_semaphore.o(i.rt_sem_wait)
    i.rt_stk_check                           0x08002234   Section        0  rt_system.o(i.rt_stk_check)
    i.rt_switch_req                          0x08002258   Section        0  rt_task.o(i.rt_switch_req)
    i.rt_sys_init                            0x08002280   Section        0  rt_task.o(i.rt_sys_init)
    i.rt_sys_start                           0x0800234c   Section        0  rt_task.o(i.rt_sys_start)
    i.rt_systick                             0x080023c4   Section        0  rt_system.o(i.rt_systick)
    i.rt_tid2ptcb                            0x08002404   Section        0  rt_cmsis.o(i.rt_tid2ptcb)
    rt_tid2ptcb                              0x08002405   Thumb Code    18  rt_cmsis.o(i.rt_tid2ptcb)
    i.rt_timer_insert                        0x08002418   Section        0  rt_cmsis.o(i.rt_timer_insert)
    rt_timer_insert                          0x08002419   Thumb Code    48  rt_cmsis.o(i.rt_timer_insert)
    i.rt_tsk_create                          0x0800244c   Section        0  rt_task.o(i.rt_tsk_create)
    i.rt_tsk_delete                          0x080024d4   Section        0  rt_task.o(i.rt_tsk_delete)
    i.rt_tsk_prio                            0x08002650   Section        0  rt_task.o(i.rt_tsk_prio)
    i.rt_tsk_self                            0x080026cc   Section        0  rt_task.o(i.rt_tsk_self)
    i.svcDelay                               0x080026dc   Section        0  rt_cmsis.o(i.svcDelay)
    i.svcKernelInitialize                    0x080026f0   Section        0  rt_cmsis.o(i.svcKernelInitialize)
    i.svcKernelStart                         0x08002760   Section        0  rt_cmsis.o(i.svcKernelStart)
    i.svcMessageCreate                       0x080027a8   Section        0  rt_cmsis.o(i.svcMessageCreate)
    i.svcMessageGet                          0x080027cc   Section        0  rt_cmsis.o(i.svcMessageGet)
    i.svcSemaphoreCreate                     0x08002806   Section        0  rt_cmsis.o(i.svcSemaphoreCreate)
    i.svcSemaphoreRelease                    0x0800282a   Section        0  rt_cmsis.o(i.svcSemaphoreRelease)
    i.svcSemaphoreWait                       0x08002852   Section        0  rt_cmsis.o(i.svcSemaphoreWait)
    i.svcThreadCreate                        0x08002884   Section        0  rt_cmsis.o(i.svcThreadCreate)
    i.svcThreadGetId                         0x080028f0   Section        0  rt_cmsis.o(i.svcThreadGetId)
    i.svcThreadTerminate                     0x0800290c   Section        0  rt_cmsis.o(i.svcThreadTerminate)
    i.svcTimerCall                           0x08002944   Section        0  rt_cmsis.o(i.svcTimerCall)
    i.sysTimerTick                           0x0800295c   Section        0  rt_cmsis.o(i.sysTimerTick)
    x$fpl$fpinit                             0x080029b8   Section       10  fpinit.o(x$fpl$fpinit)
    $v0                                      0x080029b8   Number         0  fpinit.o(x$fpl$fpinit)
    .constdata                               0x080029c4   Section       36  thread.o(.constdata)
    .constdata                               0x080029e8   Section      104  rtx_conf_cm.o(.constdata)
    __tagsym$$used                           0x08002a04   Number         0  rtx_conf_cm.o(.constdata)
    __tagsym$$used                           0x08002a08   Number         0  rtx_conf_cm.o(.constdata)
    __tagsym$$used                           0x08002a0c   Number         0  rtx_conf_cm.o(.constdata)
    __tagsym$$used                           0x08002a10   Number         0  rtx_conf_cm.o(.constdata)
    .constdata                               0x08002a50   Section       24  system_stm32f7xx.o(.constdata)
    .data                                    0x20010000   Section       20  thread.o(.data)
    .data                                    0x20010014   Section       20  rtx_conf_cm.o(.data)
    nr_mutex                                 0x20010024   Data           4  rtx_conf_cm.o(.data)
    .data                                    0x20010028   Section        4  system_stm32f7xx.o(.data)
    .data                                    0x2001002c   Section        8  rt_cmsis.o(.data)
    .data                                    0x20010034   Section        8  rt_task.o(.data)
    .data                                    0x2001003c   Section        4  rt_time.o(.data)
    .data                                    0x20010040   Section        8  rt_system.o(.data)
    os_lock                                  0x20010040   Data           1  rt_system.o(.data)
    os_psh_flag                              0x20010041   Data           1  rt_system.o(.data)
    pend_flags                               0x20010042   Data           1  rt_system.o(.data)
    .data                                    0x20010048   Section        8  rt_robin.o(.data)
    .data                                    0x20010050   Section        1  hal_cm.o(.data)
    .bss                                     0x20010058   Section    38440  rtx_conf_cm.o(.bss)
    std_libspace                             0x20019360   Data         672  rtx_conf_cm.o(.bss)
    std_libmutex                             0x20019600   Data         128  rtx_conf_cm.o(.bss)
    .bss                                     0x20019680   Section       52  rt_task.o(.bss)
    .bss                                     0x200196b4   Section       48  rt_list.o(.bss)
    .bss                                     0x200196e4   Section       96  libspace.o(.bss)
    HEAP                                     0x20019748   Section      512  startup_stm32f746xx.o(HEAP)
    Heap_Mem                                 0x20019748   Data         512  startup_stm32f746xx.o(HEAP)
    STACK                                    0x20019948   Section     1024  startup_stm32f746xx.o(STACK)
    Stack_Mem                                0x20019948   Data        1024  startup_stm32f746xx.o(STACK)
    __initial_sp                             0x20019d48   Data           0  startup_stm32f746xx.o(STACK)

    Global Symbols

    Symbol Name                              Value     Ov Type        Size  Object(Section)

    BuildAttributes$$THM_ISAv4$E$P$D$K$B$S$7EM$VFPi5$EXTD16$VFPS$VFMA$PE$PLD8$A:L22UL41UL21$X:L11$S22US41US21$IEEE1$IW$USESV6$~STKCKD$USESV7$~SHL$OSPACE$ROPI$EBA8$UX$STANDARDLIB$REQ8$PRES8$EABIv2 0x00000000   Number         0  anon$$obj.o ABSOLUTE
    __ARM_use_no_argv                        0x00000000   Number         0  main.o ABSOLUTE
    __ARM_exceptions_init                     - Undefined Weak Reference
    __alloca_initialize                       - Undefined Weak Reference
    __arm_preinit_                            - Undefined Weak Reference
    __cpp_initialize__aeabi_                  - Undefined Weak Reference
    __cxa_finalize                            - Undefined Weak Reference
    __rt_locale                               - Undefined Weak Reference
    __sigvec_lookup                           - Undefined Weak Reference
    _atexit_init                              - Undefined Weak Reference
    _call_atexit_fns                          - Undefined Weak Reference
    _clock_init                               - Undefined Weak Reference
    _fp_trap_init                             - Undefined Weak Reference
    _fp_trap_shutdown                         - Undefined Weak Reference
    _get_lc_collate                           - Undefined Weak Reference
    _get_lc_ctype                             - Undefined Weak Reference
    _get_lc_monetary                          - Undefined Weak Reference
    _get_lc_numeric                           - Undefined Weak Reference
    _get_lc_time                              - Undefined Weak Reference
    _getenv_init                              - Undefined Weak Reference
    _handle_redirection                       - Undefined Weak Reference
    _init_alloc                               - Undefined Weak Reference
    _init_user_alloc                          - Undefined Weak Reference
    _initio                                   - Undefined Weak Reference
    _rand_init                                - Undefined Weak Reference
    _signal_finish                            - Undefined Weak Reference
    _signal_init                              - Undefined Weak Reference
    _terminate_alloc                          - Undefined Weak Reference
    _terminate_user_alloc                     - Undefined Weak Reference
    _terminateio                              - Undefined Weak Reference
    __Vectors_Size                           0x000001c8   Number         0  startup_stm32f746xx.o ABSOLUTE
    __RL_RTX_VER                             0x00000482   Number         0  rt_system.o ABSOLUTE
    __Vectors                                0x08000000   Data           4  startup_stm32f746xx.o(RESET)
    __Vectors_End                            0x080001c8   Data           0  startup_stm32f746xx.o(RESET)
    __main                                   0x080001c9   Thumb Code     8  __main.o(!!!main)
    __scatterload                            0x080001d1   Thumb Code     0  __scatter.o(!!!scatter)
    __scatterload_rt2                        0x080001d1   Thumb Code    44  __scatter.o(!!!scatter)
    __scatterload_rt2_thumb_only             0x080001d1   Thumb Code     0  __scatter.o(!!!scatter)
    __scatterload_null                       0x080001df   Thumb Code     0  __scatter.o(!!!scatter)
    __scatterload_copy                       0x08000205   Thumb Code    26  __scatter_copy.o(!!handler_copy)
    __scatterload_zeroinit                   0x08000221   Thumb Code    28  __scatter_zi.o(!!handler_zi)
    __rt_lib_init                            0x0800023d   Thumb Code     0  libinit.o(.ARM.Collect$$libinit$$00000000)
    __rt_lib_init_fp_1                       0x0800023f   Thumb Code     0  libinit2.o(.ARM.Collect$$libinit$$00000001)
    __rt_lib_init_alloca_1                   0x08000243   Thumb Code     0  libinit2.o(.ARM.Collect$$libinit$$0000002E)
    __rt_lib_init_argv_1                     0x08000243   Thumb Code     0  libinit2.o(.ARM.Collect$$libinit$$0000002C)
    __rt_lib_init_atexit_1                   0x08000243   Thumb Code     0  libinit2.o(.ARM.Collect$$libinit$$0000001B)
    __rt_lib_init_clock_1                    0x08000243   Thumb Code     0  libinit2.o(.ARM.Collect$$libinit$$00000021)
    __rt_lib_init_cpp_1                      0x08000243   Thumb Code     0  libinit2.o(.ARM.Collect$$libinit$$00000032)
    __rt_lib_init_exceptions_1               0x08000243   Thumb Code     0  libinit2.o(.ARM.Collect$$libinit$$00000030)
    __rt_lib_init_fp_trap_1                  0x08000243   Thumb Code     0  libinit2.o(.ARM.Collect$$libinit$$0000001F)
    __rt_lib_init_getenv_1                   0x08000243   Thumb Code     0  libinit2.o(.ARM.Collect$$libinit$$00000023)
    __rt_lib_init_heap_1                     0x08000243   Thumb Code     0  libinit2.o(.ARM.Collect$$libinit$$0000000A)
    __rt_lib_init_lc_collate_1               0x08000243   Thumb Code     0  libinit2.o(.ARM.Collect$$libinit$$00000011)
    __rt_lib_init_lc_ctype_1                 0x08000243   Thumb Code     0  libinit2.o(.ARM.Collect$$libinit$$00000013)
    __rt_lib_init_lc_monetary_1              0x08000243   Thumb Code     0  libinit2.o(.ARM.Collect$$libinit$$00000015)
    __rt_lib_init_lc_numeric_1               0x08000243   Thumb Code     0  libinit2.o(.ARM.Collect$$libinit$$00000017)
    __rt_lib_init_lc_time_1                  0x08000243   Thumb Code     0  libinit2.o(.ARM.Collect$$libinit$$00000019)
    __rt_lib_init_preinit_1                  0x08000243   Thumb Code     0  libinit2.o(.ARM.Collect$$libinit$$00000004)
    __rt_lib_init_rand_1                     0x08000243   Thumb Code     0  libinit2.o(.ARM.Collect$$libinit$$0000000E)
    __rt_lib_init_return                     0x08000243   Thumb Code     0  libinit2.o(.ARM.Collect$$libinit$$00000033)
    __rt_lib_init_signal_1                   0x08000243   Thumb Code     0  libinit2.o(.ARM.Collect$$libinit$$0000001D)
    __rt_lib_init_stdio_1                    0x08000243   Thumb Code     0  libinit2.o(.ARM.Collect$$libinit$$00000025)
    __rt_lib_init_user_alloc_1               0x08000243   Thumb Code     0  libinit2.o(.ARM.Collect$$libinit$$0000000C)
    __rt_lib_shutdown                        0x08000245   Thumb Code     0  libshutdown.o(.ARM.Collect$$libshutdown$$00000000)
    __rt_lib_shutdown_cpp_1                  0x08000247   Thumb Code     0  libshutdown2.o(.ARM.Collect$$libshutdown$$00000002)
    __rt_lib_shutdown_fp_trap_1              0x08000247   Thumb Code     0  libshutdown2.o(.ARM.Collect$$libshutdown$$00000007)
    __rt_lib_shutdown_heap_1                 0x08000247   Thumb Code     0  libshutdown2.o(.ARM.Collect$$libshutdown$$0000000F)
    __rt_lib_shutdown_return                 0x08000247   Thumb Code     0  libshutdown2.o(.ARM.Collect$$libshutdown$$00000010)
    __rt_lib_shutdown_signal_1               0x08000247   Thumb Code     0  libshutdown2.o(.ARM.Collect$$libshutdown$$0000000A)
    __rt_lib_shutdown_stdio_1                0x08000247   Thumb Code     0  libshutdown2.o(.ARM.Collect$$libshutdown$$00000004)
    __rt_lib_shutdown_user_alloc_1           0x08000247   Thumb Code     0  libshutdown2.o(.ARM.Collect$$libshutdown$$0000000C)
    __rt_entry                               0x08000249   Thumb Code     0  __rtentry.o(.ARM.Collect$$rtentry$$00000000)
    __rt_entry_presh_1                       0x08000249   Thumb Code     0  __rtentry2.o(.ARM.Collect$$rtentry$$00000002)
    __rt_entry_sh                            0x08000249   Thumb Code     0  __rtentry4.o(.ARM.Collect$$rtentry$$00000004)
    __rt_entry_li                            0x0800024f   Thumb Code     0  __rtentry2.o(.ARM.Collect$$rtentry$$0000000A)
    __rt_entry_postsh_1                      0x0800024f   Thumb Code     0  __rtentry2.o(.ARM.Collect$$rtentry$$00000009)
    __rt_entry_postli_1                      0x08000253   Thumb Code     0  __rtentry2.o(.ARM.Collect$$rtentry$$0000000B)
    __rt_entry_main                          0x0800025b   Thumb Code     0  __rtentry2.o(.ARM.Collect$$rtentry$$0000000D)
    __rt_exit                                0x08000263   Thumb Code     0  rtexit.o(.ARM.Collect$$rtexit$$00000000)
    __rt_exit_ls                             0x08000265   Thumb Code     0  rtexit2.o(.ARM.Collect$$rtexit$$00000003)
    __rt_exit_prels_1                        0x08000265   Thumb Code     0  rtexit2.o(.ARM.Collect$$rtexit$$00000002)
    __rt_exit_exit                           0x08000269   Thumb Code     0  rtexit2.o(.ARM.Collect$$rtexit$$00000004)
    _platform_post_lib_init                  0x08000271   Thumb Code    24  rtx_conf_cm.o(.emb_text)
    rt_set_PSP                               0x0800028d   Thumb Code     6  hal_cm4.o(.emb_text)
    rt_get_PSP                               0x08000293   Thumb Code     6  hal_cm4.o(.emb_text)
    os_set_env                               0x08000299   Thumb Code    24  hal_cm4.o(.emb_text)
    _alloc_box                               0x080002b5   Thumb Code    28  hal_cm4.o(.emb_text)
    _free_box                                0x080002d5   Thumb Code    28  hal_cm4.o(.emb_text)
    SVC_Handler                              0x080002f5   Thumb Code   168  hal_cm4.o(.emb_text)
    PendSV_Handler                           0x080003ad   Thumb Code    96  hal_cm4.o(.emb_text)
    SysTick_Handler                          0x08000411   Thumb Code     8  hal_cm4.o(.emb_text)
    OS_Tick_Handler                          0x08000419   Thumb Code    12  hal_cm4.o(.emb_text)
    Reset_Handler                            0x08000425   Thumb Code     8  startup_stm32f746xx.o(.text)
    NMI_Handler                              0x0800042d   Thumb Code     2  startup_stm32f746xx.o(.text)
    HardFault_Handler                        0x0800042f   Thumb Code     2  startup_stm32f746xx.o(.text)
    MemManage_Handler                        0x08000431   Thumb Code     2  startup_stm32f746xx.o(.text)
    BusFault_Handler                         0x08000433   Thumb Code     2  startup_stm32f746xx.o(.text)
    UsageFault_Handler                       0x08000435   Thumb Code     2  startup_stm32f746xx.o(.text)
    DebugMon_Handler                         0x08000439   Thumb Code     2  startup_stm32f746xx.o(.text)
    ADC_IRQHandler                           0x0800043f   Thumb Code     0  startup_stm32f746xx.o(.text)
    CAN1_RX0_IRQHandler                      0x0800043f   Thumb Code     0  startup_stm32f746xx.o(.text)
    CAN1_RX1_IRQHandler                      0x0800043f   Thumb Code     0  startup_stm32f746xx.o(.text)
    CAN1_SCE_IRQHandler                      0x0800043f   Thumb Code     0  startup_stm32f746xx.o(.text)
    CAN1_TX_IRQHandler                       0x0800043f   Thumb Code     0  startup_stm32f746xx.o(.text)
    CAN2_RX0_IRQHandler                      0x0800043f   Thumb Code     0  startup_stm32f746xx.o(.text)
    CAN2_RX1_IRQHandler                      0x0800043f   Thumb Code     0  startup_stm32f746xx.o(.text)
    CAN2_SCE_IRQHandler                      0x0800043f   Thumb Code     0  startup_stm32f746xx.o(.text)
    CAN2_TX_IRQHandler                       0x0800043f   Thumb Code     0  startup_stm32f746xx.o(.text)
    CEC_IRQHandler                           0x0800043f   Thumb Code     0  startup_stm32f746xx.o(.text)
    DCMI_IRQHandler                          0x0800043f   Thumb Code     0  startup_stm32f746xx.o(.text)
    DMA1_Stream0_IRQHandler                  0x0800043f   Thumb Code     0  startup_stm32f746xx.o(.text)
    DMA1_Stream1_IRQHandler                  0x0800043f   Thumb Code     0  startup_stm32f746xx.o(.text)
    DMA1_Stream2_IRQHandler                  0x0800043f   Thumb Code     0  startup_stm32f746xx.o(.text)
    DMA1_Stream3_IRQHandler                  0x0800043f   Thumb Code     0  startup_stm32f746xx.o(.text)
    DMA1_Stream4_IRQHandler                  0x0800043f   Thumb Code     0  startup_stm32f746xx.o(.text)
    DMA1_Stream5_IRQHandler                  0x0800043f   Thumb Code     0  startup_stm32f746xx.o(.text)
    DMA1_Stream6_IRQHandler                  0x0800043f   Thumb Code     0  startup_stm32f746xx.o(.text)
    DMA1_Stream7_IRQHandler                  0x0800043f   Thumb Code     0  startup_stm32f746xx.o(.text)
    DMA2D_IRQHandler                         0x0800043f   Thumb Code     0  startup_stm32f746xx.o(.text)
    DMA2_Stream0_IRQHandler                  0x0800043f   Thumb Code     0  startup_stm32f746xx.o(.text)
    DMA2_Stream1_IRQHandler                  0x0800043f   Thumb Code     0  startup_stm32f746xx.o(.text)
    DMA2_Stream2_IRQHandler                  0x0800043f   Thumb Code     0  startup_stm32f746xx.o(.text)
    DMA2_Stream3_IRQHandler                  0x0800043f   Thumb Code     0  startup_stm32f746xx.o(.text)
    DMA2_Stream4_IRQHandler                  0x0800043f   Thumb Code     0  startup_stm32f746xx.o(.text)
    DMA2_Stream5_IRQHandler                  0x0800043f   Thumb Code     0  startup_stm32f746xx.o(.text)
    DMA2_Stream6_IRQHandler                  0x0800043f   Thumb Code     0  startup_stm32f746xx.o(.text)
    DMA2_Stream7_IRQHandler                  0x0800043f   Thumb Code     0  startup_stm32f746xx.o(.text)
    ETH_IRQHandler                           0x0800043f   Thumb Code     0  startup_stm32f746xx.o(.text)
    ETH_WKUP_IRQHandler                      0x0800043f   Thumb Code     0  startup_stm32f746xx.o(.text)
    EXTI0_IRQHandler                         0x0800043f   Thumb Code     0  startup_stm32f746xx.o(.text)
    EXTI15_10_IRQHandler                     0x0800043f   Thumb Code     0  startup_stm32f746xx.o(.text)
    EXTI1_IRQHandler                         0x0800043f   Thumb Code     0  startup_stm32f746xx.o(.text)
    EXTI2_IRQHandler                         0x0800043f   Thumb Code     0  startup_stm32f746xx.o(.text)
    EXTI3_IRQHandler                         0x0800043f   Thumb Code     0  startup_stm32f746xx.o(.text)
    EXTI4_IRQHandler                         0x0800043f   Thumb Code     0  startup_stm32f746xx.o(.text)
    EXTI9_5_IRQHandler                       0x0800043f   Thumb Code     0  startup_stm32f746xx.o(.text)
    FLASH_IRQHandler                         0x0800043f   Thumb Code     0  startup_stm32f746xx.o(.text)
    FMC_IRQHandler                           0x0800043f   Thumb Code     0  startup_stm32f746xx.o(.text)
    FPU_IRQHandler                           0x0800043f   Thumb Code     0  startup_stm32f746xx.o(.text)
    I2C1_ER_IRQHandler                       0x0800043f   Thumb Code     0  startup_stm32f746xx.o(.text)
    I2C1_EV_IRQHandler                       0x0800043f   Thumb Code     0  startup_stm32f746xx.o(.text)
    I2C2_ER_IRQHandler                       0x0800043f   Thumb Code     0  startup_stm32f746xx.o(.text)
    I2C2_EV_IRQHandler                       0x0800043f   Thumb Code     0  startup_stm32f746xx.o(.text)
    I2C3_ER_IRQHandler                       0x0800043f   Thumb Code     0  startup_stm32f746xx.o(.text)
    I2C3_EV_IRQHandler                       0x0800043f   Thumb Code     0  startup_stm32f746xx.o(.text)
    I2C4_ER_IRQHandler                       0x0800043f   Thumb Code     0  startup_stm32f746xx.o(.text)
    I2C4_EV_IRQHandler                       0x0800043f   Thumb Code     0  startup_stm32f746xx.o(.text)
    LPTIM1_IRQHandler                        0x0800043f   Thumb Code     0  startup_stm32f746xx.o(.text)
    LTDC_ER_IRQHandler                       0x0800043f   Thumb Code     0  startup_stm32f746xx.o(.text)
    LTDC_IRQHandler                          0x0800043f   Thumb Code     0  startup_stm32f746xx.o(.text)
    OTG_FS_IRQHandler                        0x0800043f   Thumb Code     0  startup_stm32f746xx.o(.text)
    OTG_FS_WKUP_IRQHandler                   0x0800043f   Thumb Code     0  startup_stm32f746xx.o(.text)
    OTG_HS_EP1_IN_IRQHandler                 0x0800043f   Thumb Code     0  startup_stm32f746xx.o(.text)
    OTG_HS_EP1_OUT_IRQHandler                0x0800043f   Thumb Code     0  startup_stm32f746xx.o(.text)
    OTG_HS_IRQHandler                        0x0800043f   Thumb Code     0  startup_stm32f746xx.o(.text)
    OTG_HS_WKUP_IRQHandler                   0x0800043f   Thumb Code     0  startup_stm32f746xx.o(.text)
    PVD_IRQHandler                           0x0800043f   Thumb Code     0  startup_stm32f746xx.o(.text)
    QUADSPI_IRQHandler                       0x0800043f   Thumb Code     0  startup_stm32f746xx.o(.text)
    RCC_IRQHandler                           0x0800043f   Thumb Code     0  startup_stm32f746xx.o(.text)
    RNG_IRQHandler                           0x0800043f   Thumb Code     0  startup_stm32f746xx.o(.text)
    RTC_Alarm_IRQHandler                     0x0800043f   Thumb Code     0  startup_stm32f746xx.o(.text)
    RTC_WKUP_IRQHandler                      0x0800043f   Thumb Code     0  startup_stm32f746xx.o(.text)
    SAI1_IRQHandler                          0x0800043f   Thumb Code     0  startup_stm32f746xx.o(.text)
    SAI2_IRQHandler                          0x0800043f   Thumb Code     0  startup_stm32f746xx.o(.text)
    SDMMC1_IRQHandler                        0x0800043f   Thumb Code     0  startup_stm32f746xx.o(.text)
    SPDIF_RX_IRQHandler                      0x0800043f   Thumb Code     0  startup_stm32f746xx.o(.text)
    SPI1_IRQHandler                          0x0800043f   Thumb Code     0  startup_stm32f746xx.o(.text)
    SPI2_IRQHandler                          0x0800043f   Thumb Code     0  startup_stm32f746xx.o(.text)
    SPI3_IRQHandler                          0x0800043f   Thumb Code     0  startup_stm32f746xx.o(.text)
    SPI4_IRQHandler                          0x0800043f   Thumb Code     0  startup_stm32f746xx.o(.text)
    SPI5_IRQHandler                          0x0800043f   Thumb Code     0  startup_stm32f746xx.o(.text)
    SPI6_IRQHandler                          0x0800043f   Thumb Code     0  startup_stm32f746xx.o(.text)
    TAMP_STAMP_IRQHandler                    0x0800043f   Thumb Code     0  startup_stm32f746xx.o(.text)
    TIM1_BRK_TIM9_IRQHandler                 0x0800043f   Thumb Code     0  startup_stm32f746xx.o(.text)
    TIM1_CC_IRQHandler                       0x0800043f   Thumb Code     0  startup_stm32f746xx.o(.text)
    TIM1_TRG_COM_TIM11_IRQHandler            0x0800043f   Thumb Code     0  startup_stm32f746xx.o(.text)
    TIM1_UP_TIM10_IRQHandler                 0x0800043f   Thumb Code     0  startup_stm32f746xx.o(.text)
    TIM2_IRQHandler                          0x0800043f   Thumb Code     0  startup_stm32f746xx.o(.text)
    TIM3_IRQHandler                          0x0800043f   Thumb Code     0  startup_stm32f746xx.o(.text)
    TIM4_IRQHandler                          0x0800043f   Thumb Code     0  startup_stm32f746xx.o(.text)
    TIM5_IRQHandler                          0x0800043f   Thumb Code     0  startup_stm32f746xx.o(.text)
    TIM6_DAC_IRQHandler                      0x0800043f   Thumb Code     0  startup_stm32f746xx.o(.text)
    TIM7_IRQHandler                          0x0800043f   Thumb Code     0  startup_stm32f746xx.o(.text)
    TIM8_BRK_TIM12_IRQHandler                0x0800043f   Thumb Code     0  startup_stm32f746xx.o(.text)
    TIM8_CC_IRQHandler                       0x0800043f   Thumb Code     0  startup_stm32f746xx.o(.text)
    TIM8_TRG_COM_TIM14_IRQHandler            0x0800043f   Thumb Code     0  startup_stm32f746xx.o(.text)
    TIM8_UP_TIM13_IRQHandler                 0x0800043f   Thumb Code     0  startup_stm32f746xx.o(.text)
    UART4_IRQHandler                         0x0800043f   Thumb Code     0  startup_stm32f746xx.o(.text)
    UART5_IRQHandler                         0x0800043f   Thumb Code     0  startup_stm32f746xx.o(.text)
    UART7_IRQHandler                         0x0800043f   Thumb Code     0  startup_stm32f746xx.o(.text)
    UART8_IRQHandler                         0x0800043f   Thumb Code     0  startup_stm32f746xx.o(.text)
    USART1_IRQHandler                        0x0800043f   Thumb Code     0  startup_stm32f746xx.o(.text)
    USART2_IRQHandler                        0x0800043f   Thumb Code     0  startup_stm32f746xx.o(.text)
    USART3_IRQHandler                        0x0800043f   Thumb Code     0  startup_stm32f746xx.o(.text)
    USART6_IRQHandler                        0x0800043f   Thumb Code     0  startup_stm32f746xx.o(.text)
    WWDG_IRQHandler                          0x0800043f   Thumb Code     0  startup_stm32f746xx.o(.text)
    __user_initial_stackheap                 0x08000441   Thumb Code     0  startup_stm32f746xx.o(.text)
    __user_libspace                          0x08000465   Thumb Code     8  libspace.o(.text)
    __user_perproc_libspace                  0x08000465   Thumb Code     0  libspace.o(.text)
    exit                                     0x0800046d   Thumb Code    18  exit.o(.text)
    __use_two_region_memory                  0x0800047f   Thumb Code     2  heapauxi.o(.text)
    __rt_heap_escrow$2region                 0x08000481   Thumb Code     2  heapauxi.o(.text)
    __rt_heap_expand$2region                 0x08000483   Thumb Code     2  heapauxi.o(.text)
    _sys_exit                                0x08000485   Thumb Code     8  sys_exit.o(.text)
    __user_setup_stackheap                   0x08000491   Thumb Code    74  sys_stackheap_outer.o(.text)
    __I$use$semihosting                      0x080004db   Thumb Code     0  use_no_semi.o(.text)
    __use_no_semihosting_swi                 0x080004db   Thumb Code     2  use_no_semi.o(.text)
    SVC_Count                                0x080004dc   Data           4  svc_table.o(SVC_TABLE)
    __semihosting_library_function           0x080004dd   Thumb Code     0  indicate_semi.o(.text)
    SVC_Table                                0x080004e0   Data           0  svc_table.o(SVC_TABLE)
    Create                                   0x080004ed   Thumb Code    40  thread.o(i.Create)
    HAL_GPIO_Init                            0x080005c1   Thumb Code   484  stm32f7xx_hal_gpio.o(i.HAL_GPIO_Init)
    HAL_GPIO_WritePin                        0x080007d9   Thumb Code    12  stm32f7xx_hal_gpio.o(i.HAL_GPIO_WritePin)
    HAL_GetTick                              0x080007e5   Thumb Code     6  main.o(i.HAL_GetTick)
    HAL_Init                                 0x080007f1   Thumb Code    34  stm32f7xx_hal.o(i.HAL_Init)
    HAL_InitTick                             0x08000819   Thumb Code    36  stm32f7xx_hal.o(i.HAL_InitTick)
    HAL_MPU_ConfigRegion                     0x08000841   Thumb Code    88  stm32f7xx_hal_cortex.o(i.HAL_MPU_ConfigRegion)
    HAL_MPU_Disable                          0x0800089d   Thumb Code    38  stm32f7xx_hal_cortex.o(i.HAL_MPU_Disable)
    HAL_MPU_Enable                           0x080008c9   Thumb Code    58  stm32f7xx_hal_cortex.o(i.HAL_MPU_Enable)
    HAL_MspInit                              0x08000909   Thumb Code     2  stm32f7xx_hal.o(i.HAL_MspInit)
    HAL_NVIC_SetPriority                     0x0800090b   Thumb Code   124  stm32f7xx_hal_cortex.o(i.HAL_NVIC_SetPriority)
    HAL_NVIC_SetPriorityGrouping             0x08000989   Thumb Code    32  stm32f7xx_hal_cortex.o(i.HAL_NVIC_SetPriorityGrouping)
    HAL_PWREx_EnableOverDrive                0x080009b1   Thumb Code   136  stm32f7xx_hal_pwr_ex.o(i.HAL_PWREx_EnableOverDrive)
    HAL_RCC_ClockConfig                      0x08000a41   Thumb Code   420  stm32f7xx_hal_rcc.o(i.HAL_RCC_ClockConfig)
    HAL_RCC_GetSysClockFreq                  0x08000bf5   Thumb Code   168  stm32f7xx_hal_rcc.o(i.HAL_RCC_GetSysClockFreq)
    HAL_RCC_OscConfig                        0x08000ca9   Thumb Code  1252  stm32f7xx_hal_rcc.o(i.HAL_RCC_OscConfig)
    HAL_SYSTICK_Config                       0x08001191   Thumb Code    52  stm32f7xx_hal_cortex.o(i.HAL_SYSTICK_Config)
    SystemInit                               0x08001395   Thumb Code    82  system_stm32f7xx.o(i.SystemInit)
    _init_box                                0x08001431   Thumb Code    70  rt_membox.o(i._init_box)
    _mutex_acquire                           0x08001479   Thumb Code    22  rtx_conf_cm.o(i._mutex_acquire)
    _mutex_release                           0x08001499   Thumb Code    18  rtx_conf_cm.o(i._mutex_release)
    dbg_init                                 0x080014b5   Thumb Code    34  hal_cm.o(i.dbg_init)
    dbg_task_notify                          0x080014e5   Thumb Code    32  hal_cm.o(i.dbg_task_notify)
    dbg_task_switch                          0x08001505   Thumb Code    16  hal_cm.o(i.dbg_task_switch)
    isrMessageGet                            0x08001515   Thumb Code    42  rt_cmsis.o(i.isrMessageGet)
    isrMessagePut                            0x0800153f   Thumb Code    44  rt_cmsis.o(i.isrMessagePut)
    isrSemaphoreRelease                      0x0800156b   Thumb Code    40  rt_cmsis.o(i.isrSemaphoreRelease)
    isr_mbx_receive                          0x08001595   Thumb Code    86  rt_mailbox.o(i.isr_mbx_receive)
    isr_mbx_send                             0x080015eb   Thumb Code    14  rt_mailbox.o(i.isr_mbx_send)
    isr_sem_send                             0x080015f9   Thumb Code    16  rt_semaphore.o(i.isr_sem_send)
    led_Thread1                              0x08001609   Thumb Code    44  thread.o(i.led_Thread1)
    led_Thread2                              0x0800163d   Thumb Code    48  thread.o(i.led_Thread2)
    main                                     0x08001675   Thumb Code    36  main.o(i.main)
    osDelay                                  0x08001699   Thumb Code    18  rt_cmsis.o(i.osDelay)
    osKernelInitialize                       0x080016b1   Thumb Code    30  rt_cmsis.o(i.osKernelInitialize)
    osKernelStart                            0x080016d5   Thumb Code    98  rt_cmsis.o(i.osKernelStart)
    osMessageGet                             0x08001741   Thumb Code    18  rt_cmsis.o(i.osMessageGet)
    osSemaphoreCreate                        0x08001759   Thumb Code    36  rt_cmsis.o(i.osSemaphoreCreate)
    osSemaphoreRelease                       0x08001785   Thumb Code    18  rt_cmsis.o(i.osSemaphoreRelease)
    osSemaphoreWait                          0x0800179d   Thumb Code    20  rt_cmsis.o(i.osSemaphoreWait)
    osThreadCreate                           0x080017b5   Thumb Code    36  rt_cmsis.o(i.osThreadCreate)
    osThreadExit                             0x080017e1   Thumb Code    14  rt_cmsis.o(i.osThreadExit)
    osTimerCall                              0x080017f9   Thumb Code     8  rt_cmsis.o(i.osTimerCall)
    osTimerThread                            0x08001805   Thumb Code    38  rt_cmsis.o(i.osTimerThread)
    os_error                                 0x08001831   Thumb Code    34  rtx_conf_cm.o(i.os_error)
    os_idle_demon                            0x08001853   Thumb Code     4  rtx_conf_cm.o(i.os_idle_demon)
    os_tick_init                             0x08001859   Thumb Code    32  rt_system.o(i.os_tick_init)
    os_tick_irqack                           0x08001881   Thumb Code     2  rt_system.o(i.os_tick_irqack)
    rt_alloc_box                             0x08001883   Thumb Code    26  rt_membox.o(i.rt_alloc_box)
    rt_alloc_mem                             0x0800189d   Thumb Code    62  rt_memory.o(i.rt_alloc_mem)
    rt_block                                 0x080018dd   Thumb Code    48  rt_task.o(i.rt_block)
    rt_chk_robin                             0x08001915   Thumb Code    60  rt_robin.o(i.rt_chk_robin)
    rt_dec_dly                               0x0800195d   Thumb Code   102  rt_list.o(i.rt_dec_dly)
    rt_dispatch                              0x080019cd   Thumb Code    60  rt_task.o(i.rt_dispatch)
    rt_dly_wait                              0x08001a11   Thumb Code     6  rt_time.o(i.rt_dly_wait)
    rt_evt_psh                               0x08001a19   Thumb Code    76  rt_event.o(i.rt_evt_psh)
    rt_free_box                              0x08001a69   Thumb Code    44  rt_membox.o(i.rt_free_box)
    rt_free_mem                              0x08001a95   Thumb Code    40  rt_memory.o(i.rt_free_mem)
    rt_get_first                             0x08001abd   Thumb Code    40  rt_list.o(i.rt_get_first)
    rt_init_mem                              0x08001b35   Thumb Code    26  rt_memory.o(i.rt_init_mem)
    rt_init_robin                            0x08001b51   Thumb Code    14  rt_robin.o(i.rt_init_robin)
    rt_init_stack                            0x08001b69   Thumb Code   118  hal_cm.o(i.rt_init_stack)
    rt_mbx_check                             0x08001be9   Thumb Code     8  rt_mailbox.o(i.rt_mbx_check)
    rt_mbx_init                              0x08001bf1   Thumb Code    26  rt_mailbox.o(i.rt_mbx_init)
    rt_mbx_psh                               0x08001c0d   Thumb Code   236  rt_mailbox.o(i.rt_mbx_psh)
    rt_mbx_wait                              0x08001cfd   Thumb Code   174  rt_mailbox.o(i.rt_mbx_wait)
    rt_mut_release                           0x08001df5   Thumb Code   208  rt_mutex.o(i.rt_mut_release)
    rt_mut_wait                              0x08001ecd   Thumb Code   114  rt_mutex.o(i.rt_mut_wait)
    rt_pop_req                               0x08001f45   Thumb Code   112  rt_system.o(i.rt_pop_req)
    rt_psh_req                               0x08001fc1   Thumb Code    22  rt_system.o(i.rt_psh_req)
    rt_psq_enq                               0x08001fe1   Thumb Code    88  rt_list.o(i.rt_psq_enq)
    rt_put_dly                               0x0800203d   Thumb Code    68  rt_list.o(i.rt_put_dly)
    rt_put_prio                              0x08002085   Thumb Code    54  rt_list.o(i.rt_put_prio)
    rt_put_rdy_first                         0x080020bd   Thumb Code    14  rt_list.o(i.rt_put_rdy_first)
    rt_resort_prio                           0x080020d1   Thumb Code    46  rt_list.o(i.rt_resort_prio)
    rt_ret_val                               0x08002115   Thumb Code    12  hal_cm.o(i.rt_ret_val)
    rt_ret_val2                              0x08002121   Thumb Code    16  hal_cm.o(i.rt_ret_val2)
    rt_rmv_dly                               0x08002131   Thumb Code    40  rt_list.o(i.rt_rmv_dly)
    rt_rmv_list                              0x08002159   Thumb Code    44  rt_list.o(i.rt_rmv_list)
    rt_sem_init                              0x08002189   Thumb Code    12  rt_semaphore.o(i.rt_sem_init)
    rt_sem_psh                               0x08002195   Thumb Code    48  rt_semaphore.o(i.rt_sem_psh)
    rt_sem_send                              0x080021c9   Thumb Code    42  rt_semaphore.o(i.rt_sem_send)
    rt_sem_wait                              0x080021f5   Thumb Code    58  rt_semaphore.o(i.rt_sem_wait)
    rt_stk_check                             0x08002235   Thumb Code    28  rt_system.o(i.rt_stk_check)
    rt_switch_req                            0x08002259   Thumb Code    30  rt_task.o(i.rt_switch_req)
    rt_sys_init                              0x08002281   Thumb Code   138  rt_task.o(i.rt_sys_init)
    rt_sys_start                             0x0800234d   Thumb Code   110  rt_task.o(i.rt_sys_start)
    rt_systick                               0x080023c5   Thumb Code    50  rt_system.o(i.rt_systick)
    rt_tsk_create                            0x0800244d   Thumb Code   118  rt_task.o(i.rt_tsk_create)
    rt_tsk_delete                            0x080024d5   Thumb Code   352  rt_task.o(i.rt_tsk_delete)
    rt_tsk_prio                              0x08002651   Thumb Code   108  rt_task.o(i.rt_tsk_prio)
    rt_tsk_self                              0x080026cd   Thumb Code    12  rt_task.o(i.rt_tsk_self)
    svcDelay                                 0x080026dd   Thumb Code    18  rt_cmsis.o(i.svcDelay)
    svcKernelInitialize                      0x080026f1   Thumb Code    80  rt_cmsis.o(i.svcKernelInitialize)
    svcKernelStart                           0x08002761   Thumb Code    62  rt_cmsis.o(i.svcKernelStart)
    svcMessageCreate                         0x080027a9   Thumb Code    36  rt_cmsis.o(i.svcMessageCreate)
    svcMessageGet                            0x080027cd   Thumb Code    58  rt_cmsis.o(i.svcMessageGet)
    svcSemaphoreCreate                       0x08002807   Thumb Code    36  rt_cmsis.o(i.svcSemaphoreCreate)
    svcSemaphoreRelease                      0x0800282b   Thumb Code    40  rt_cmsis.o(i.svcSemaphoreRelease)
    svcSemaphoreWait                         0x08002853   Thumb Code    50  rt_cmsis.o(i.svcSemaphoreWait)
    svcThreadCreate                          0x08002885   Thumb Code    96  rt_cmsis.o(i.svcThreadCreate)
    svcThreadGetId                           0x080028f1   Thumb Code    22  rt_cmsis.o(i.svcThreadGetId)
    svcThreadTerminate                       0x0800290d   Thumb Code    50  rt_cmsis.o(i.svcThreadTerminate)
    svcTimerCall                             0x08002945   Thumb Code    24  rt_cmsis.o(i.svcTimerCall)
    sysTimerTick                             0x0800295d   Thumb Code    84  rt_cmsis.o(i.sysTimerTick)
    _fp_init                                 0x080029b9   Thumb Code    10  fpinit.o(x$fpl$fpinit)
    __fplib_config_fpu_vfp                   0x080029c1   Thumb Code     0  fpinit.o(x$fpl$fpinit)
    __fplib_config_pureend_doubles           0x080029c1   Thumb Code     0  fpinit.o(x$fpl$fpinit)
    os_thread_def_led_Thread1                0x080029c4   Data          16  thread.o(.constdata)
    os_thread_def_led_Thread2                0x080029d4   Data          16  thread.o(.constdata)
    os_semaphore_def_sem1                    0x080029e4   Data           4  thread.o(.constdata)
    os_maxtaskrun                            0x080029e8   Data           2  rtx_conf_cm.o(.constdata)
    os_stackinfo                             0x080029ec   Data           4  rtx_conf_cm.o(.constdata)
    os_rrobin                                0x080029f0   Data           4  rtx_conf_cm.o(.constdata)
    os_tickfreq                              0x080029f4   Data           4  rtx_conf_cm.o(.constdata)
    os_tickus_i                              0x080029f8   Data           2  rtx_conf_cm.o(.constdata)
    os_tickus_f                              0x080029fa   Data           2  rtx_conf_cm.o(.constdata)
    os_trv                                   0x080029fc   Data           4  rtx_conf_cm.o(.constdata)
    os_flags                                 0x08002a00   Data           1  rtx_conf_cm.o(.constdata)
    CMSIS_RTOS_API_Version                   0x08002a04   Data           4  rtx_conf_cm.o(.constdata)
    CMSIS_RTOS_RTX_Version                   0x08002a08   Data           4  rtx_conf_cm.o(.constdata)
    os_clockrate                             0x08002a0c   Data           4  rtx_conf_cm.o(.constdata)
    os_timernum                              0x08002a10   Data           4  rtx_conf_cm.o(.constdata)
    mp_tcb_size                              0x08002a14   Data           2  rtx_conf_cm.o(.constdata)
    mp_stk_size                              0x08002a18   Data           4  rtx_conf_cm.o(.constdata)
    os_stack_sz                              0x08002a1c   Data           4  rtx_conf_cm.o(.constdata)
    os_fifo_size                             0x08002a20   Data           1  rtx_conf_cm.o(.constdata)
    os_thread_def_osTimerThread              0x08002a24   Data          16  rtx_conf_cm.o(.constdata)
    os_messageQ_def_osTimerMessageQ          0x08002a34   Data           8  rtx_conf_cm.o(.constdata)
    mp_tmr_size                              0x08002a3c   Data           2  rtx_conf_cm.o(.constdata)
    os_thread_def_main                       0x08002a40   Data          16  rtx_conf_cm.o(.constdata)
    AHBPrescTable                            0x08002a50   Data          16  system_stm32f7xx.o(.constdata)
    APBPrescTable                            0x08002a60   Data           8  system_stm32f7xx.o(.constdata)
    Region$$Table$$Base                      0x08002a68   Number         0  anon$$obj.o(Region$$Table)
    Region$$Table$$Limit                     0x08002a88   Number         0  anon$$obj.o(Region$$Table)
    T_ledOn                                  0x20010000   Data           4  thread.o(.data)
    T_ledOff                                 0x20010004   Data           4  thread.o(.data)
    sem1                                     0x20010008   Data           4  thread.o(.data)
    os_semaphore_cb_sem1                     0x2001000c   Data           8  thread.o(.data)
    osThreadId_osTimerThread                 0x20010014   Data           4  rtx_conf_cm.o(.data)
    osMessageQId_osTimerMessageQ             0x20010018   Data           4  rtx_conf_cm.o(.data)
    os_tmr                                   0x2001001c   Data           4  rtx_conf_cm.o(.data)
    m_tmr                                    0x20010020   Data           4  rtx_conf_cm.o(.data)
    SystemCoreClock                          0x20010028   Data           4  system_stm32f7xx.o(.data)
    os_initialized                           0x2001002c   Data           1  rt_cmsis.o(.data)
    os_running                               0x2001002d   Data           1  rt_cmsis.o(.data)
    os_timer_head                            0x20010030   Data           4  rt_cmsis.o(.data)
    os_tsk                                   0x20010034   Data           8  rt_task.o(.data)
    os_time                                  0x2001003c   Data           4  rt_time.o(.data)
    os_tick_irqn                             0x20010044   Data           4  rt_system.o(.data)
    os_robin                                 0x20010048   Data           8  rt_robin.o(.data)
    dbg_msg                                  0x20010050   Data           1  hal_cm.o(.data)
    mp_tcb                                   0x20010058   Data         376  rtx_conf_cm.o(.bss)
    mp_stk                                   0x200101d0   Data        6016  rtx_conf_cm.o(.bss)
    os_stack_mem                             0x20011950   Data       31056  rtx_conf_cm.o(.bss)
    os_fifo                                  0x200192a0   Data         132  rtx_conf_cm.o(.bss)
    os_active_TCB                            0x20019324   Data          28  rtx_conf_cm.o(.bss)
    os_messageQ_q_osTimerMessageQ            0x20019340   Data          32  rtx_conf_cm.o(.bss)
    os_idle_TCB                              0x20019680   Data          52  rt_task.o(.bss)
    os_rdy                                   0x200196b4   Data          24  rt_list.o(.bss)
    os_dly                                   0x200196cc   Data          24  rt_list.o(.bss)
    __libspace_start                         0x200196e4   Data          96  libspace.o(.bss)
    __temporary_stack_top$libspace           0x20019744   Data           0  libspace.o(.bss)



==============================================================================

Memory Map of the image

  Image Entry point : 0x080001c9

  Load Region LR_IROM1 (Base: 0x08000000, Size: 0x00002adc, Max: 0x00100000, ABSOLUTE)

    Execution Region ER_IROM1 (Exec base: 0x08000000, Load base: 0x08000000, Size: 0x00002a88, Max: 0x00100000, ABSOLUTE)

    Exec Addr    Load Addr    Size         Type   Attr      Idx    E Section Name        Object

    0x08000000   0x08000000   0x000001c8   Data   RO         1148    RESET               startup_stm32f746xx.o
    0x080001c8   0x080001c8   0x00000008   Code   RO         2414  * !!!main             c_w.l(__main.o)
    0x080001d0   0x080001d0   0x00000034   Code   RO         2575    !!!scatter          c_w.l(__scatter.o)
    0x08000204   0x08000204   0x0000001a   Code   RO         2577    !!handler_copy      c_w.l(__scatter_copy.o)
    0x0800021e   0x0800021e   0x00000002   PAD
    0x08000220   0x08000220   0x0000001c   Code   RO         2579    !!handler_zi        c_w.l(__scatter_zi.o)
    0x0800023c   0x0800023c   0x00000002   Code   RO         2461    .ARM.Collect$$libinit$$00000000  c_w.l(libinit.o)
    0x0800023e   0x0800023e   0x00000004   Code   RO         2472    .ARM.Collect$$libinit$$00000001  c_w.l(libinit2.o)
    0x08000242   0x08000242   0x00000000   Code   RO         2475    .ARM.Collect$$libinit$$00000004  c_w.l(libinit2.o)
    0x08000242   0x08000242   0x00000000   Code   RO         2478    .ARM.Collect$$libinit$$0000000A  c_w.l(libinit2.o)
    0x08000242   0x08000242   0x00000000   Code   RO         2480    .ARM.Collect$$libinit$$0000000C  c_w.l(libinit2.o)
    0x08000242   0x08000242   0x00000000   Code   RO         2482    .ARM.Collect$$libinit$$0000000E  c_w.l(libinit2.o)
    0x08000242   0x08000242   0x00000000   Code   RO         2485    .ARM.Collect$$libinit$$00000011  c_w.l(libinit2.o)
    0x08000242   0x08000242   0x00000000   Code   RO         2487    .ARM.Collect$$libinit$$00000013  c_w.l(libinit2.o)
    0x08000242   0x08000242   0x00000000   Code   RO         2489    .ARM.Collect$$libinit$$00000015  c_w.l(libinit2.o)
    0x08000242   0x08000242   0x00000000   Code   RO         2491    .ARM.Collect$$libinit$$00000017  c_w.l(libinit2.o)
    0x08000242   0x08000242   0x00000000   Code   RO         2493    .ARM.Collect$$libinit$$00000019  c_w.l(libinit2.o)
    0x08000242   0x08000242   0x00000000   Code   RO         2495    .ARM.Collect$$libinit$$0000001B  c_w.l(libinit2.o)
    0x08000242   0x08000242   0x00000000   Code   RO         2497    .ARM.Collect$$libinit$$0000001D  c_w.l(libinit2.o)
    0x08000242   0x08000242   0x00000000   Code   RO         2499    .ARM.Collect$$libinit$$0000001F  c_w.l(libinit2.o)
    0x08000242   0x08000242   0x00000000   Code   RO         2501    .ARM.Collect$$libinit$$00000021  c_w.l(libinit2.o)
    0x08000242   0x08000242   0x00000000   Code   RO         2503    .ARM.Collect$$libinit$$00000023  c_w.l(libinit2.o)
    0x08000242   0x08000242   0x00000000   Code   RO         2505    .ARM.Collect$$libinit$$00000025  c_w.l(libinit2.o)
    0x08000242   0x08000242   0x00000000   Code   RO         2509    .ARM.Collect$$libinit$$0000002C  c_w.l(libinit2.o)
    0x08000242   0x08000242   0x00000000   Code   RO         2511    .ARM.Collect$$libinit$$0000002E  c_w.l(libinit2.o)
    0x08000242   0x08000242   0x00000000   Code   RO         2513    .ARM.Collect$$libinit$$00000030  c_w.l(libinit2.o)
    0x08000242   0x08000242   0x00000000   Code   RO         2515    .ARM.Collect$$libinit$$00000032  c_w.l(libinit2.o)
    0x08000242   0x08000242   0x00000002   Code   RO         2516    .ARM.Collect$$libinit$$00000033  c_w.l(libinit2.o)
    0x08000244   0x08000244   0x00000002   Code   RO         2462    .ARM.Collect$$libshutdown$$00000000  c_w.l(libshutdown.o)
    0x08000246   0x08000246   0x00000000   Code   RO         2518    .ARM.Collect$$libshutdown$$00000002  c_w.l(libshutdown2.o)
    0x08000246   0x08000246   0x00000000   Code   RO         2520    .ARM.Collect$$libshutdown$$00000004  c_w.l(libshutdown2.o)
    0x08000246   0x08000246   0x00000000   Code   RO         2523    .ARM.Collect$$libshutdown$$00000007  c_w.l(libshutdown2.o)
    0x08000246   0x08000246   0x00000000   Code   RO         2526    .ARM.Collect$$libshutdown$$0000000A  c_w.l(libshutdown2.o)
    0x08000246   0x08000246   0x00000000   Code   RO         2528    .ARM.Collect$$libshutdown$$0000000C  c_w.l(libshutdown2.o)
    0x08000246   0x08000246   0x00000000   Code   RO         2531    .ARM.Collect$$libshutdown$$0000000F  c_w.l(libshutdown2.o)
    0x08000246   0x08000246   0x00000002   Code   RO         2532    .ARM.Collect$$libshutdown$$00000010  c_w.l(libshutdown2.o)
    0x08000248   0x08000248   0x00000000   Code   RO         2416    .ARM.Collect$$rtentry$$00000000  c_w.l(__rtentry.o)
    0x08000248   0x08000248   0x00000000   Code   RO         2424    .ARM.Collect$$rtentry$$00000002  c_w.l(__rtentry2.o)
    0x08000248   0x08000248   0x00000006   Code   RO         2436    .ARM.Collect$$rtentry$$00000004  c_w.l(__rtentry4.o)
    0x0800024e   0x0800024e   0x00000000   Code   RO         2426    .ARM.Collect$$rtentry$$00000009  c_w.l(__rtentry2.o)
    0x0800024e   0x0800024e   0x00000004   Code   RO         2427    .ARM.Collect$$rtentry$$0000000A  c_w.l(__rtentry2.o)
    0x08000252   0x08000252   0x00000008   Code   RO         2428    .ARM.Collect$$rtentry$$0000000B  c_w.l(__rtentry2.o)
    0x0800025a   0x0800025a   0x00000008   Code   RO         2430    .ARM.Collect$$rtentry$$0000000D  c_w.l(__rtentry2.o)
    0x08000262   0x08000262   0x00000002   Code   RO         2417    .ARM.Collect$$rtexit$$00000000  c_w.l(rtexit.o)
    0x08000264   0x08000264   0x00000000   Code   RO         2439    .ARM.Collect$$rtexit$$00000002  c_w.l(rtexit2.o)
    0x08000264   0x08000264   0x00000004   Code   RO         2440    .ARM.Collect$$rtexit$$00000003  c_w.l(rtexit2.o)
    0x08000268   0x08000268   0x00000006   Code   RO         2441    .ARM.Collect$$rtexit$$00000004  c_w.l(rtexit2.o)
    0x0800026e   0x0800026e   0x00000002   PAD
    0x08000270   0x08000270   0x0000001c   Code   RO          369    .emb_text           rtx_conf_cm.o
    0x0800028c   0x0800028c   0x00000198   Code   RO         2390    .emb_text           RTX_CM4.lib(hal_cm4.o)
    0x08000424   0x08000424   0x00000040   Code   RO         1149    .text               startup_stm32f746xx.o
    0x08000464   0x08000464   0x00000008   Code   RO         2405    .text               c_w.l(libspace.o)
    0x0800046c   0x0800046c   0x00000012   Code   RO         2410    .text               c_w.l(exit.o)
    0x0800047e   0x0800047e   0x00000006   Code   RO         2412    .text               c_w.l(heapauxi.o)
    0x08000484   0x08000484   0x0000000c   Code   RO         2447    .text               c_w.l(sys_exit.o)
    0x08000490   0x08000490   0x0000004a   Code   RO         2449    .text               c_w.l(sys_stackheap_outer.o)
    0x080004da   0x080004da   0x00000002   Code   RO         2463    .text               c_w.l(use_no_semi.o)
    0x080004dc   0x080004dc   0x00000000   Code   RO         2465    .text               c_w.l(indicate_semi.o)
    0x080004dc   0x080004dc   0x00000004   Code   RO         2400    SVC_TABLE           RTX_CM4.lib(svc_table.o)
    0x080004e0   0x080004e0   0x0000000c   Code   RO            4    i.CPU_CACHE_Enable  main.o
    0x080004ec   0x080004ec   0x00000040   Code   RO          262    i.Create            thread.o
    0x0800052c   0x0800052c   0x00000004   Code   RO            5    i.Error_Handler     main.o
    0x08000530   0x08000530   0x00000090   Code   RO            6    i.GPIO_Init         main.o
    0x080005c0   0x080005c0   0x00000218   Code   RO          732    i.HAL_GPIO_Init     stm32f7xx_hal_gpio.o
    0x080007d8   0x080007d8   0x0000000c   Code   RO          736    i.HAL_GPIO_WritePin  stm32f7xx_hal_gpio.o
    0x080007e4   0x080007e4   0x0000000c   Code   RO            7    i.HAL_GetTick       main.o
    0x080007f0   0x080007f0   0x00000028   Code   RO          447    i.HAL_Init          stm32f7xx_hal.o
    0x08000818   0x08000818   0x00000028   Code   RO          448    i.HAL_InitTick      stm32f7xx_hal.o
    0x08000840   0x08000840   0x0000005c   Code   RO          589    i.HAL_MPU_ConfigRegion  stm32f7xx_hal_cortex.o
    0x0800089c   0x0800089c   0x0000002c   Code   RO          590    i.HAL_MPU_Disable   stm32f7xx_hal_cortex.o
    0x080008c8   0x080008c8   0x00000040   Code   RO          591    i.HAL_MPU_Enable    stm32f7xx_hal_cortex.o
    0x08000908   0x08000908   0x00000002   Code   RO          450    i.HAL_MspInit       stm32f7xx_hal.o
    0x0800090a   0x0800090a   0x0000007c   Code   RO          600    i.HAL_NVIC_SetPriority  stm32f7xx_hal_cortex.o
    0x08000986   0x08000986   0x00000002   PAD
    0x08000988   0x08000988   0x00000028   Code   RO          601    i.HAL_NVIC_SetPriorityGrouping  stm32f7xx_hal_cortex.o
    0x080009b0   0x080009b0   0x00000090   Code   RO          925    i.HAL_PWREx_EnableOverDrive  stm32f7xx_hal_pwr_ex.o
    0x08000a40   0x08000a40   0x000001b4   Code   RO         1012    i.HAL_RCC_ClockConfig  stm32f7xx_hal_rcc.o
    0x08000bf4   0x08000bf4   0x000000b4   Code   RO         1021    i.HAL_RCC_GetSysClockFreq  stm32f7xx_hal_rcc.o
    0x08000ca8   0x08000ca8   0x000004e8   Code   RO         1024    i.HAL_RCC_OscConfig  stm32f7xx_hal_rcc.o
    0x08001190   0x08001190   0x00000034   Code   RO          605    i.HAL_SYSTICK_Config  stm32f7xx_hal_cortex.o
    0x080011c4   0x080011c4   0x0000004c   Code   RO            8    i.MPU_Config        main.o
    0x08001210   0x08001210   0x0000009c   Code   RO            9    i.SCB_EnableDCache  main.o
    0x080012ac   0x080012ac   0x0000007c   Code   RO           10    i.SCB_EnableICache  main.o
    0x08001328   0x08001328   0x0000006a   Code   RO           11    i.SystemClock_Config  main.o
    0x08001392   0x08001392   0x00000002   PAD
    0x08001394   0x08001394   0x00000064   Code   RO         1157    i.SystemInit        system_stm32f7xx.o
    0x080013f8   0x080013f8   0x00000010   Code   RO          607    i.__NVIC_GetPriorityGrouping  stm32f7xx_hal_cortex.o
    0x08001408   0x08001408   0x00000028   Code   RO          608    i.__NVIC_SetPriority  stm32f7xx_hal_cortex.o
    0x08001430   0x08001430   0x00000046   Code   RO         2284    i._init_box         RTX_CM4.lib(rt_membox.o)
    0x08001476   0x08001476   0x00000002   PAD
    0x08001478   0x08001478   0x00000020   Code   RO          371    i._mutex_acquire    rtx_conf_cm.o
    0x08001498   0x08001498   0x0000001c   Code   RO          373    i._mutex_release    rtx_conf_cm.o
    0x080014b4   0x080014b4   0x00000030   Code   RO         2337    i.dbg_init          RTX_CM4.lib(hal_cm.o)
    0x080014e4   0x080014e4   0x00000020   Code   RO         2338    i.dbg_task_notify   RTX_CM4.lib(hal_cm.o)
    0x08001504   0x08001504   0x00000010   Code   RO         2339    i.dbg_task_switch   RTX_CM4.lib(hal_cm.o)
    0x08001514   0x08001514   0x0000002a   Code   RO         1193    i.isrMessageGet     RTX_CM4.lib(rt_cmsis.o)
    0x0800153e   0x0800153e   0x0000002c   Code   RO         1194    i.isrMessagePut     RTX_CM4.lib(rt_cmsis.o)
    0x0800156a   0x0800156a   0x00000028   Code   RO         1195    i.isrSemaphoreRelease  RTX_CM4.lib(rt_cmsis.o)
    0x08001592   0x08001592   0x00000002   PAD
    0x08001594   0x08001594   0x00000056   Code   RO         2172    i.isr_mbx_receive   RTX_CM4.lib(rt_mailbox.o)
    0x080015ea   0x080015ea   0x0000000e   Code   RO         2173    i.isr_mbx_send      RTX_CM4.lib(rt_mailbox.o)
    0x080015f8   0x080015f8   0x00000010   Code   RO         2220    i.isr_sem_send      RTX_CM4.lib(rt_semaphore.o)
    0x08001608   0x08001608   0x00000034   Code   RO          263    i.led_Thread1       thread.o
    0x0800163c   0x0800163c   0x00000038   Code   RO          264    i.led_Thread2       thread.o
    0x08001674   0x08001674   0x00000024   Code   RO           12    i.main              main.o
    0x08001698   0x08001698   0x00000018   Code   RO         1197    i.osDelay           RTX_CM4.lib(rt_cmsis.o)
    0x080016b0   0x080016b0   0x00000024   Code   RO         1198    i.osKernelInitialize  RTX_CM4.lib(rt_cmsis.o)
    0x080016d4   0x080016d4   0x0000006c   Code   RO         1200    i.osKernelStart     RTX_CM4.lib(rt_cmsis.o)
    0x08001740   0x08001740   0x00000018   Code   RO         1209    i.osMessageGet      RTX_CM4.lib(rt_cmsis.o)
    0x08001758   0x08001758   0x0000002c   Code   RO         1219    i.osSemaphoreCreate  RTX_CM4.lib(rt_cmsis.o)
    0x08001784   0x08001784   0x00000018   Code   RO         1221    i.osSemaphoreRelease  RTX_CM4.lib(rt_cmsis.o)
    0x0800179c   0x0800179c   0x00000018   Code   RO         1222    i.osSemaphoreWait   RTX_CM4.lib(rt_cmsis.o)
    0x080017b4   0x080017b4   0x0000002c   Code   RO         1226    i.osThreadCreate    RTX_CM4.lib(rt_cmsis.o)
    0x080017e0   0x080017e0   0x00000018   Code   RO         1227    i.osThreadExit      RTX_CM4.lib(rt_cmsis.o)
    0x080017f8   0x080017f8   0x0000000c   Code   RO         1233    i.osTimerCall       RTX_CM4.lib(rt_cmsis.o)
    0x08001804   0x08001804   0x0000002c   Code   RO         1238    i.osTimerThread     RTX_CM4.lib(rt_cmsis.o)
    0x08001830   0x08001830   0x00000022   Code   RO          374    i.os_error          rtx_conf_cm.o
    0x08001852   0x08001852   0x00000004   Code   RO          375    i.os_idle_demon     rtx_conf_cm.o
    0x08001856   0x08001856   0x00000002   PAD
    0x08001858   0x08001858   0x00000028   Code   RO         1964    i.os_tick_init      RTX_CM4.lib(rt_system.o)
    0x08001880   0x08001880   0x00000002   Code   RO         1965    i.os_tick_irqack    RTX_CM4.lib(rt_system.o)
    0x08001882   0x08001882   0x0000001a   Code   RO         2285    i.rt_alloc_box      RTX_CM4.lib(rt_membox.o)
    0x0800189c   0x0800189c   0x0000003e   Code   RO         2313    i.rt_alloc_mem      RTX_CM4.lib(rt_memory.o)
    0x080018da   0x080018da   0x00000002   PAD
    0x080018dc   0x080018dc   0x00000038   Code   RO         1812    i.rt_block          RTX_CM4.lib(rt_task.o)
    0x08001914   0x08001914   0x00000048   Code   RO         2262    i.rt_chk_robin      RTX_CM4.lib(rt_robin.o)
    0x0800195c   0x0800195c   0x00000070   Code   RO         2096    i.rt_dec_dly        RTX_CM4.lib(rt_list.o)
    0x080019cc   0x080019cc   0x00000044   Code   RO         1813    i.rt_dispatch       RTX_CM4.lib(rt_task.o)
    0x08001a10   0x08001a10   0x00000006   Code   RO         1896    i.rt_dly_wait       RTX_CM4.lib(rt_time.o)
    0x08001a16   0x08001a16   0x00000002   PAD
    0x08001a18   0x08001a18   0x00000050   Code   RO         2057    i.rt_evt_psh        RTX_CM4.lib(rt_event.o)
    0x08001a68   0x08001a68   0x0000002c   Code   RO         2286    i.rt_free_box       RTX_CM4.lib(rt_membox.o)
    0x08001a94   0x08001a94   0x00000028   Code   RO         2314    i.rt_free_mem       RTX_CM4.lib(rt_memory.o)
    0x08001abc   0x08001abc   0x00000028   Code   RO         2097    i.rt_get_first      RTX_CM4.lib(rt_list.o)
    0x08001ae4   0x08001ae4   0x00000008   Code   RO         1243    i.rt_id2obj         RTX_CM4.lib(rt_cmsis.o)
    0x08001aec   0x08001aec   0x00000048   Code   RO         1814    i.rt_init_context   RTX_CM4.lib(rt_task.o)
    0x08001b34   0x08001b34   0x0000001a   Code   RO         2315    i.rt_init_mem       RTX_CM4.lib(rt_memory.o)
    0x08001b4e   0x08001b4e   0x00000002   PAD
    0x08001b50   0x08001b50   0x00000018   Code   RO         2263    i.rt_init_robin     RTX_CM4.lib(rt_robin.o)
    0x08001b68   0x08001b68   0x00000080   Code   RO         2340    i.rt_init_stack     RTX_CM4.lib(hal_cm.o)
    0x08001be8   0x08001be8   0x00000008   Code   RO         2174    i.rt_mbx_check      RTX_CM4.lib(rt_mailbox.o)
    0x08001bf0   0x08001bf0   0x0000001a   Code   RO         2175    i.rt_mbx_init       RTX_CM4.lib(rt_mailbox.o)
    0x08001c0a   0x08001c0a   0x00000002   PAD
    0x08001c0c   0x08001c0c   0x000000f0   Code   RO         2176    i.rt_mbx_psh        RTX_CM4.lib(rt_mailbox.o)
    0x08001cfc   0x08001cfc   0x000000b4   Code   RO         2178    i.rt_mbx_wait       RTX_CM4.lib(rt_mailbox.o)
    0x08001db0   0x08001db0   0x00000044   Code   RO         1244    i.rt_ms2tick        RTX_CM4.lib(rt_cmsis.o)
    0x08001df4   0x08001df4   0x000000d8   Code   RO         1931    i.rt_mut_release    RTX_CM4.lib(rt_mutex.o)
    0x08001ecc   0x08001ecc   0x00000078   Code   RO         1932    i.rt_mut_wait       RTX_CM4.lib(rt_mutex.o)
    0x08001f44   0x08001f44   0x0000007c   Code   RO         1968    i.rt_pop_req        RTX_CM4.lib(rt_system.o)
    0x08001fc0   0x08001fc0   0x00000020   Code   RO         1969    i.rt_psh_req        RTX_CM4.lib(rt_system.o)
    0x08001fe0   0x08001fe0   0x0000005c   Code   RO         2099    i.rt_psq_enq        RTX_CM4.lib(rt_list.o)
    0x0800203c   0x0800203c   0x00000048   Code   RO         2100    i.rt_put_dly        RTX_CM4.lib(rt_list.o)
    0x08002084   0x08002084   0x00000036   Code   RO         2101    i.rt_put_prio       RTX_CM4.lib(rt_list.o)
    0x080020ba   0x080020ba   0x00000002   PAD
    0x080020bc   0x080020bc   0x00000014   Code   RO         2102    i.rt_put_rdy_first  RTX_CM4.lib(rt_list.o)
    0x080020d0   0x080020d0   0x00000034   Code   RO         2103    i.rt_resort_prio    RTX_CM4.lib(rt_list.o)
    0x08002104   0x08002104   0x00000010   Code   RO         2341    i.rt_ret_regs       RTX_CM4.lib(hal_cm.o)
    0x08002114   0x08002114   0x0000000c   Code   RO         2342    i.rt_ret_val        RTX_CM4.lib(hal_cm.o)
    0x08002120   0x08002120   0x00000010   Code   RO         2343    i.rt_ret_val2       RTX_CM4.lib(hal_cm.o)
    0x08002130   0x08002130   0x00000028   Code   RO         2104    i.rt_rmv_dly        RTX_CM4.lib(rt_list.o)
    0x08002158   0x08002158   0x00000030   Code   RO         2105    i.rt_rmv_list       RTX_CM4.lib(rt_list.o)
    0x08002188   0x08002188   0x0000000c   Code   RO         2222    i.rt_sem_init       RTX_CM4.lib(rt_semaphore.o)
    0x08002194   0x08002194   0x00000034   Code   RO         2223    i.rt_sem_psh        RTX_CM4.lib(rt_semaphore.o)
    0x080021c8   0x080021c8   0x0000002a   Code   RO         2224    i.rt_sem_send       RTX_CM4.lib(rt_semaphore.o)
    0x080021f2   0x080021f2   0x00000002   PAD
    0x080021f4   0x080021f4   0x00000040   Code   RO         2225    i.rt_sem_wait       RTX_CM4.lib(rt_semaphore.o)
    0x08002234   0x08002234   0x00000024   Code   RO         1971    i.rt_stk_check      RTX_CM4.lib(rt_system.o)
    0x08002258   0x08002258   0x00000028   Code   RO         1815    i.rt_switch_req     RTX_CM4.lib(rt_task.o)
    0x08002280   0x08002280   0x000000cc   Code   RO         1816    i.rt_sys_init       RTX_CM4.lib(rt_task.o)
    0x0800234c   0x0800234c   0x00000078   Code   RO         1817    i.rt_sys_start      RTX_CM4.lib(rt_task.o)
    0x080023c4   0x080023c4   0x00000040   Code   RO         1973    i.rt_systick        RTX_CM4.lib(rt_system.o)
    0x08002404   0x08002404   0x00000012   Code   RO         1245    i.rt_tid2ptcb       RTX_CM4.lib(rt_cmsis.o)
    0x08002416   0x08002416   0x00000002   PAD
    0x08002418   0x08002418   0x00000034   Code   RO         1246    i.rt_timer_insert   RTX_CM4.lib(rt_cmsis.o)
    0x0800244c   0x0800244c   0x00000088   Code   RO         1818    i.rt_tsk_create     RTX_CM4.lib(rt_task.o)
    0x080024d4   0x080024d4   0x0000017c   Code   RO         1819    i.rt_tsk_delete     RTX_CM4.lib(rt_task.o)
    0x08002650   0x08002650   0x0000007c   Code   RO         1821    i.rt_tsk_prio       RTX_CM4.lib(rt_task.o)
    0x080026cc   0x080026cc   0x00000010   Code   RO         1822    i.rt_tsk_self       RTX_CM4.lib(rt_task.o)
    0x080026dc   0x080026dc   0x00000012   Code   RO         1248    i.svcDelay          RTX_CM4.lib(rt_cmsis.o)
    0x080026ee   0x080026ee   0x00000002   PAD
    0x080026f0   0x080026f0   0x00000070   Code   RO         1249    i.svcKernelInitialize  RTX_CM4.lib(rt_cmsis.o)
    0x08002760   0x08002760   0x00000048   Code   RO         1251    i.svcKernelStart    RTX_CM4.lib(rt_cmsis.o)
    0x080027a8   0x080027a8   0x00000024   Code   RO         1254    i.svcMessageCreate  RTX_CM4.lib(rt_cmsis.o)
    0x080027cc   0x080027cc   0x0000003a   Code   RO         1255    i.svcMessageGet     RTX_CM4.lib(rt_cmsis.o)
    0x08002806   0x08002806   0x00000024   Code   RO         1262    i.svcSemaphoreCreate  RTX_CM4.lib(rt_cmsis.o)
    0x0800282a   0x0800282a   0x00000028   Code   RO         1264    i.svcSemaphoreRelease  RTX_CM4.lib(rt_cmsis.o)
    0x08002852   0x08002852   0x00000032   Code   RO         1265    i.svcSemaphoreWait  RTX_CM4.lib(rt_cmsis.o)
    0x08002884   0x08002884   0x0000006c   Code   RO         1269    i.svcThreadCreate   RTX_CM4.lib(rt_cmsis.o)
    0x080028f0   0x080028f0   0x0000001c   Code   RO         1270    i.svcThreadGetId    RTX_CM4.lib(rt_cmsis.o)
    0x0800290c   0x0800290c   0x00000038   Code   RO         1273    i.svcThreadTerminate  RTX_CM4.lib(rt_cmsis.o)
    0x08002944   0x08002944   0x00000018   Code   RO         1275    i.svcTimerCall      RTX_CM4.lib(rt_cmsis.o)
    0x0800295c   0x0800295c   0x0000005c   Code   RO         1284    i.sysTimerTick      RTX_CM4.lib(rt_cmsis.o)
    0x080029b8   0x080029b8   0x0000000a   Code   RO         2539    x$fpl$fpinit        fz_wm.l(fpinit.o)
    0x080029c2   0x080029c2   0x00000002   PAD
    0x080029c4   0x080029c4   0x00000024   Data   RO          265    .constdata          thread.o
    0x080029e8   0x080029e8   0x00000068   Data   RO          377    .constdata          rtx_conf_cm.o
    0x08002a50   0x08002a50   0x00000018   Data   RO         1158    .constdata          system_stm32f7xx.o
    0x08002a68   0x08002a68   0x00000020   Data   RO         2573    Region$$Table       anon$$obj.o


    Execution Region RW_IRAM2 (Exec base: 0x20000000, Load base: 0x08002adc, Size: 0x00000000, Max: 0x00010000, ABSOLUTE)

    **** No section assigned to this execution region ****


    Execution Region RW_IRAM1 (Exec base: 0x20010000, Load base: 0x08002a88, Size: 0x00009d48, Max: 0x00040000, ABSOLUTE)

    Exec Addr    Load Addr    Size         Type   Attr      Idx    E Section Name        Object

    0x20010000   0x08002a88   0x00000014   Data   RW          266    .data               thread.o
    0x20010014   0x08002a9c   0x00000014   Data   RW          378    .data               rtx_conf_cm.o
    0x20010028   0x08002ab0   0x00000004   Data   RW         1159    .data               system_stm32f7xx.o
    0x2001002c   0x08002ab4   0x00000008   Data   RW         1287    .data               RTX_CM4.lib(rt_cmsis.o)
    0x20010034   0x08002abc   0x00000008   Data   RW         1824    .data               RTX_CM4.lib(rt_task.o)
    0x2001003c   0x08002ac4   0x00000004   Data   RW         1900    .data               RTX_CM4.lib(rt_time.o)
    0x20010040   0x08002ac8   0x00000008   Data   RW         1976    .data               RTX_CM4.lib(rt_system.o)
    0x20010048   0x08002ad0   0x00000008   Data   RW         2264    .data               RTX_CM4.lib(rt_robin.o)
    0x20010050   0x08002ad8   0x00000001   Data   RW         2344    .data               RTX_CM4.lib(hal_cm.o)
    0x20010051   0x08002ad9   0x00000007   PAD
    0x20010058        -       0x00009628   Zero   RW          376    .bss                rtx_conf_cm.o
    0x20019680        -       0x00000034   Zero   RW         1823    .bss                RTX_CM4.lib(rt_task.o)
    0x200196b4        -       0x00000030   Zero   RW         2106    .bss                RTX_CM4.lib(rt_list.o)
    0x200196e4        -       0x00000060   Zero   RW         2406    .bss                c_w.l(libspace.o)
    0x20019744   0x08002ad9   0x00000004   PAD
    0x20019748        -       0x00000200   Zero   RW         1147    HEAP                startup_stm32f746xx.o
    0x20019948        -       0x00000400   Zero   RW         1146    STACK               startup_stm32f746xx.o


==============================================================================

Image component sizes


      Code (inc. data)   RO Data    RW Data    ZI Data      Debug   Object Name

       670         40          0          0          0     788008   main.o
       126         26        104         20      38440       9287   rtx_conf_cm.o
        64         26        456          0       1536        860   startup_stm32f746xx.o
        82         10          0          0          0       1820   stm32f7xx_hal.o
       472         38          0          0          0      40964   stm32f7xx_hal_cortex.o
       548         52          0          0          0       2576   stm32f7xx_hal_gpio.o
       144          8          0          0          0       1392   stm32f7xx_hal_pwr_ex.o
      1872         40          0          0          0       3972   stm32f7xx_hal_rcc.o
       100         18         24          4          0       1339   system_stm32f7xx.o
       172         40         36         20          0       2272   thread.o

    ----------------------------------------------------------------------
      4256        298        652         44      39976     852490   Object Totals
         0          0         32          0          0          0   (incl. Generated)
         6          0          0          0          0          0   (incl. Padding)

    ----------------------------------------------------------------------

      Code (inc. data)   RO Data    RW Data    ZI Data      Debug   Library Member Name

       268         24          0          1          0       4524   hal_cm.o
       408         34          0          0          0        824   hal_cm4.o
      1410        162          0          8          0      40585   rt_cmsis.o
        80          4          0          0          0        709   rt_event.o
       530         34          0          0         48       8685   rt_list.o
       554         10          0          0          0       4237   rt_mailbox.o
       140          0          0          0          0       2069   rt_membox.o
       128          0          0          0          0       2451   rt_memory.o
       336         14          0          0          0       1739   rt_mutex.o
        96         22          0          8          0       1254   rt_robin.o
       186         10          0          0          0       3142   rt_semaphore.o
       298         52          0          8          0       6511   rt_system.o
      1216        174          0          8         52      10129   rt_task.o
         6          0          0          4          0        700   rt_time.o
         4          4          0          0          0        208   svc_table.o
         8          0          0          0          0         68   __main.o
         0          0          0          0          0          0   __rtentry.o
        20          0          0          0          0          0   __rtentry2.o
         6          0          0          0          0          0   __rtentry4.o
        52          8          0          0          0          0   __scatter.o
        26          0          0          0          0          0   __scatter_copy.o
        28          0          0          0          0          0   __scatter_zi.o
        18          0          0          0          0         80   exit.o
         6          0          0          0          0        152   heapauxi.o
         0          0          0          0          0          0   indicate_semi.o
         2          0          0          0          0          0   libinit.o
         6          0          0          0          0          0   libinit2.o
         2          0          0          0          0          0   libshutdown.o
         2          0          0          0          0          0   libshutdown2.o
         8          4          0          0         96         68   libspace.o
         2          0          0          0          0          0   rtexit.o
        10          0          0          0          0          0   rtexit2.o
        12          4          0          0          0         68   sys_exit.o
        74          0          0          0          0         80   sys_stackheap_outer.o
         2          0          0          0          0         68   use_no_semi.o
        10          0          0          0          0        116   fpinit.o

    ----------------------------------------------------------------------
      5980        560          0         40        204      88467   Library Totals
        26          0          0          3          8          0   (incl. Padding)

    ----------------------------------------------------------------------

      Code (inc. data)   RO Data    RW Data    ZI Data      Debug   Library Name

      5660        544          0         37        100      87767   RTX_CM4.lib
       284         16          0          0         96        584   c_w.l
        10          0          0          0          0        116   fz_wm.l

    ----------------------------------------------------------------------
      5980        560          0         40        204      88467   Library Totals

    ----------------------------------------------------------------------

==============================================================================


      Code (inc. data)   RO Data    RW Data    ZI Data      Debug   

     10236        858        652         84      40180     929601   Grand Totals
     10236        858        652         84      40180     929601   ELF Image Totals
     10236        858        652         84          0          0   ROM Totals

==============================================================================

    Total RO  Size (Code + RO Data)                10888 (  10.63kB)
    Total RW  Size (RW Data + ZI Data)             40264 (  39.32kB)
    Total ROM Size (Code + RO Data + RW Data)      10972 (  10.71kB)

==============================================================================

